 nodeprime

 Timestamp is 5a8ed7fe (Thu Feb 22 14:47:26 2018)

 Preferred load address is 10000000

 Start         Length     Name                   Class
 0001:00000000 00017fe0H .text$mn                CODE
 0002:00000000 00000118H .idata$5                DATA
 0002:00000118 00000004H .00cfg                  DATA
 0002:0000011c 00000004H .CRT$XCA                DATA
 0002:00000120 00000004H .CRT$XCU                DATA
 0002:00000124 00000004H .CRT$XCZ                DATA
 0002:00000128 00000004H .CRT$XIA                DATA
 0002:0000012c 0000000cH .CRT$XIC                DATA
 0002:00000138 00000004H .CRT$XIZ                DATA
 0002:0000013c 00000004H .CRT$XPA                DATA
 0002:00000140 00000008H .CRT$XPX                DATA
 0002:00000148 00000004H .CRT$XPXA               DATA
 0002:0000014c 00000004H .CRT$XPZ                DATA
 0002:00000150 00000004H .CRT$XTA                DATA
 0002:00000154 0000000cH .CRT$XTZ                DATA
 0002:00000160 00006344H .rdata                  DATA
 0002:000064a4 0000021cH .rdata$r                DATA
 0002:000066c0 0000000cH .rdata$sxdata           DATA
 0002:000066cc 000003dcH .rdata$zzzdbg           DATA
 0002:00006aa8 00000004H .rtc$IAA                DATA
 0002:00006aac 00000004H .rtc$IZZ                DATA
 0002:00006ab0 00000004H .rtc$TAA                DATA
 0002:00006ab4 00000004H .rtc$TZZ                DATA
 0002:00006ab8 000004ecH .xdata$x                DATA
 0002:00006fa4 00000020H .didat$2                DATA
 0002:00006fc4 00000020H .didat$3                DATA
 0002:00006fe4 0000008cH .didat$4                DATA
 0002:00007070 00000904H .didat$6                DATA
 0002:00007974 0000008cH .didat$7                DATA
 0002:00007a00 00000054H .edata                  DATA
 0002:00007a54 00000014H .idata$2                DATA
 0002:00007a68 00000014H .idata$3                DATA
 0002:00007a7c 00000118H .idata$4                DATA
 0002:00007b94 00000506H .idata$6                DATA
 0003:00000000 000007c0H .data                   DATA
 0003:000007c0 00000114H .data$r                 DATA
 0003:000008d4 0000008cH .didat$5                DATA
 0003:00000960 00000a48H .bss                    DATA
 0004:00000000 0000008cH .gfids$x                DATA
 0004:0000008c 00000070H .gfids$y                DATA
 0005:00000000 00000060H .rsrc$01                DATA
 0005:00000060 00000180H .rsrc$02                DATA

  Address         Publics by Value              Rva+Base       Lib:Object

 0000:00000000       ___guard_fids_count        00000000     <absolute>
 0000:00000000       ___guard_longjmp_count     00000000     <absolute>
 0000:00000000       ___guard_longjmp_table     00000000     <absolute>
 0000:00000000       __except_list              00000000     <absolute>
 0000:00000000       ___guard_iat_table         00000000     <absolute>
 0000:00000000       ___guard_iat_count         00000000     <absolute>
 0000:00000000       ___guard_fids_table        00000000     <absolute>
 0000:00000000       ___dynamic_value_reloc_table 00000000     <absolute>
 0000:00000003       ___safe_se_handler_count   00000003     <absolute>
 0000:00000100       ___guard_flags             00000100     <absolute>
 0000:00000000       ___ImageBase               10000000     <linker-defined>
 0001:00000000       ___local_stdio_printf_options 10001000 f i prime_sieve.obj
 0001:00000010       ___local_stdio_scanf_options 10001010 f i prime_sieve.obj
 0001:00000020       _fprintf                   10001020 f i prime_sieve.obj
 0001:00000050       _sprintf                   10001050 f i prime_sieve.obj
 0001:00000090       _sscanf                    10001090 f i prime_sieve.obj
 0001:000000c0       _do_primesieve             100010c0 f   prime_sieve.obj
 0001:00001b00       ?New@?$Factory@VFunctionTemplate@v8@@@imp@Nan@@SA?AV?$Local@VFunctionTemplate@v8@@@v8@@P6AXABV?$FunctionCallbackInfo@VValue@v8@@@3@@ZV?$Local@VValue@v8@@@5@V?$Local@VSignature@v8@@@5@@Z 10002b00 f i addon.obj
 0001:00001c30       ?Call@Callback@Nan@@QBE?AV?$Local@VValue@v8@@@v8@@HQAV34@@Z 10002c30 f i addon.obj
 0001:00001cf0       ??0AsyncWorker@Nan@@QAE@PAVCallback@1@@Z 10002cf0 f i addon.obj
 0001:00001d80       ??1AsyncWorker@Nan@@UAE@XZ 10002d80 f i addon.obj
 0001:00001e00       ?WorkComplete@AsyncWorker@Nan@@UAEXXZ 10002e00 f i addon.obj
 0001:00001e70       ?Destroy@AsyncWorker@Nan@@UAEXXZ 10002e70 f i addon.obj
 0001:00001e80       ?HandleOKCallback@AsyncWorker@Nan@@MAEXXZ 10002e80 f i addon.obj
 0001:00001ec0       ?HandleErrorCallback@AsyncWorker@Nan@@MAEXXZ 10002ec0 f i addon.obj
 0001:00001f40       ??_GAsyncWorker@Nan@@UAEPAXI@Z 10002f40 f i addon.obj
 0001:00001f40       ??_EAsyncWorker@Nan@@UAEPAXI@Z 10002f40 f i * CIL library *:* CIL module *
 0001:00001f60       ?AsyncExecute@Nan@@YAXPAUuv_work_s@@@Z 10002f60 f i addon.obj
 0001:00001f70       ?AsyncExecuteComplete@Nan@@YAXPAUuv_work_s@@@Z 10002f70 f i addon.obj
 0001:00001fa0       ?Execute@PrimeWorker@@UAEXXZ 10002fa0 f i addon.obj
 0001:000020d0       ?HandleOKCallback@PrimeWorker@@UAEXXZ 100030d0 f i addon.obj
 0001:00002170       ??_GPrimeWorker@@UAEPAXI@Z 10003170 f i addon.obj
 0001:00002170       ??_EPrimeWorker@@UAEPAXI@Z 10003170 f i * CIL library *:* CIL module *
 0001:000021a0       ?CalculatePrimes@@YAXABV?$FunctionCallbackInfo@VValue@v8@@@Nan@@@Z 100031a0 f   addon.obj
 0001:000022a0       ?Init@@YAXV?$Local@VObject@v8@@@v8@@@Z 100032a0 f   addon.obj
 0001:00002390       ??4?$function@$$A6AXPAX@Z@std@@QAEAAV01@ABV01@@Z 10003390 f i addon.obj
 0001:00002460       ?_Tidy@?$vector@HV?$allocator@H@std@@@std@@IAEXXZ 10003460 f i addon.obj
 0001:000024e0       ?_Reserve@?$vector@HV?$allocator@H@std@@@std@@IAEXI@Z 100034e0 f i addon.obj
 0001:00002540       ?_Reallocate@?$vector@HV?$allocator@H@std@@@std@@IAEXI@Z 10003540 f i addon.obj
 0001:00002630       ?_Swap@?$_Func_class@XPAX@std@@IAEXAAV12@@Z 10003630 f i addon.obj
 0001:00002800       ?_Tidy@?$_Func_class@XPAX@std@@IAEXXZ 10003800 f i addon.obj
 0001:00002850       ??$_For_each_unchecked@PAHV<lambda_33e7ba80dae06da9d7f582277c2ea6f1>@@@std@@YAXPAH0AAV<lambda_33e7ba80dae06da9d7f582277c2ea6f1>@@@Z 10003850 f i addon.obj
 0001:00002930       ?_Delete_this@?$_Func_impl@V<lambda_9784a1623210fd9fadd1430e7e18ccd9>@@V?$allocator@H@std@@XPAX@std@@EAEX_N@Z 10003930 f i addon.obj
 0001:00002950       ?_Get@?$_Func_impl@V<lambda_9784a1623210fd9fadd1430e7e18ccd9>@@V?$allocator@H@std@@XPAX@std@@EBEPBXXZ 10003950 f i addon.obj
 0001:00002960       ?_Target_type@?$_Func_impl@V<lambda_9784a1623210fd9fadd1430e7e18ccd9>@@V?$allocator@H@std@@XPAX@std@@EBEABVtype_info@@XZ 10003960 f i addon.obj
 0001:00002970       ?_Do_call@?$_Func_impl@V<lambda_9784a1623210fd9fadd1430e7e18ccd9>@@V?$allocator@H@std@@XPAX@std@@EAEX$$QAPAX@Z 10003970 f i addon.obj
 0001:000029e0       ?_Copy@?$_Func_impl@V<lambda_9784a1623210fd9fadd1430e7e18ccd9>@@V?$allocator@H@std@@XPAX@std@@EBEPAV?$_Func_base@XPAX@2@PAX@Z 100039e0 f i addon.obj
 0001:000029e0       ?_Move@?$_Func_impl@V<lambda_9784a1623210fd9fadd1430e7e18ccd9>@@V?$allocator@H@std@@XPAX@std@@EAEPAV?$_Func_base@XPAX@2@PAX@Z 100039e0 f i addon.obj
 0001:00002a4b       __imp_load__uv_queue_work  10003a4b f   node:node.exe
 0001:00002a55       __tailMerge_node_exe       10003a55 f i node:node.exe
 0001:00002a66       __imp_load_?Global@Context@v8@@QAE?AV?$Local@VObject@v8@@@2@XZ 10003a66 f   node:node.exe
 0001:00002a70       __imp_load_?Value@External@v8@@QBEPAXXZ 10003a70 f   node:node.exe
 0001:00002a7a       __imp_load_?New@External@v8@@SA?AV?$Local@VExternal@v8@@@2@PAVIsolate@2@PAX@Z 10003a7a f   node:node.exe
 0001:00002a84       __imp_load_?GetCurrentContext@Isolate@v8@@QAE?AV?$Local@VContext@v8@@@2@XZ 10003a84 f   node:node.exe
 0001:00002a8e       __imp_load_?GetCurrent@Isolate@v8@@SAPAV12@XZ 10003a8e f   node:node.exe
 0001:00002a98       __imp_load_?CreateHandle@HandleScope@v8@@KAPAPAVObject@internal@2@PAVIsolate@42@PAV342@@Z 10003a98 f   node:node.exe
 0001:00002aa2       __imp_load_?CreateHandle@HandleScope@v8@@CAPAPAVObject@internal@2@PAVHeapObject@42@PAV342@@Z 10003aa2 f   node:node.exe
 0001:00002aac       __imp_load_??1HandleScope@v8@@QAE@XZ 10003aac f   node:node.exe
 0001:00002ab6       __imp_load_??0HandleScope@v8@@QAE@PAVIsolate@1@@Z 10003ab6 f   node:node.exe
 0001:00002ac0       __imp_load_?Error@Exception@v8@@SA?AV?$Local@VValue@v8@@@2@V?$Local@VString@v8@@@2@@Z 10003ac0 f   node:node.exe
 0001:00002aca       __imp_load_?New@Array@v8@@SA?AV?$Local@VArray@v8@@@2@PAVIsolate@2@H@Z 10003aca f   node:node.exe
 0001:00002ad4       __imp_load_?GetFunction@FunctionTemplate@v8@@QAE?AV?$MaybeLocal@VFunction@v8@@@2@V?$Local@VContext@v8@@@2@@Z 10003ad4 f   node:node.exe
 0001:00002ade       __imp_load_?New@FunctionTemplate@v8@@SA?AV?$Local@VFunctionTemplate@v8@@@2@PAVIsolate@2@P6AXABV?$FunctionCallbackInfo@VValue@v8@@@2@@ZV?$Local@VValue@v8@@@2@V?$Local@VSignature@v8@@@2@HW4ConstructorBehavior@2@@Z 10003ade f   node:node.exe
 0001:00002ae8       __imp_load_?ToLocalEmpty@V8@v8@@CAXXZ 10003ae8 f   node:node.exe
 0001:00002af2       __imp_load_?FromJustIsNothing@V8@v8@@CAXXZ 10003af2 f   node:node.exe
 0001:00002afc       __imp_load_?DisposeGlobal@V8@v8@@CAXPAPAVObject@internal@2@@Z 10003afc f   node:node.exe
 0001:00002b06       __imp_load_?GlobalizeReference@V8@v8@@CAPAPAVObject@internal@2@PAVIsolate@42@PAPAV342@@Z 10003b06 f   node:node.exe
 0001:00002b10       __imp_load_?Int32Value@Value@v8@@QBE?AV?$Maybe@H@2@V?$Local@VContext@v8@@@2@@Z 10003b10 f   node:node.exe
 0001:00002b1a       __imp_load_?Escape@EscapableHandleScope@v8@@AAEPAPAVObject@internal@2@PAPAV342@@Z 10003b1a f   node:node.exe
 0001:00002b24       __imp_load_??0EscapableHandleScope@v8@@QAE@PAVIsolate@1@@Z 10003b24 f   node:node.exe
 0001:00002b2e       __imp_load_?NewFromUtf8@String@v8@@SA?AV?$MaybeLocal@VString@v8@@@2@PAVIsolate@2@PBDW4NewStringType@2@H@Z 10003b2e f   node:node.exe
 0001:00002b38       __imp_load_?New@Number@v8@@SA?AV?$Local@VNumber@v8@@@2@PAVIsolate@2@N@Z 10003b38 f   node:node.exe
 0001:00002b42       __imp_load_?SlowGetInternalField@Object@v8@@AAE?AV?$Local@VValue@v8@@@2@H@Z 10003b42 f   node:node.exe
 0001:00002b4c       __imp_load_?New@Object@v8@@SA?AV?$Local@VObject@v8@@@2@PAVIsolate@2@@Z 10003b4c f   node:node.exe
 0001:00002b56       __imp_load_?SetInternalField@Object@v8@@QAEXHV?$Local@VValue@v8@@@2@@Z 10003b56 f   node:node.exe
 0001:00002b60       __imp_load_?Set@Object@v8@@QAE?AV?$Maybe@_N@2@V?$Local@VContext@v8@@@2@V?$Local@VValue@v8@@@2@1@Z 10003b60 f   node:node.exe
 0001:00002b6a       __imp_load_?Set@Object@v8@@QAE?AV?$Maybe@_N@2@V?$Local@VContext@v8@@@2@IV?$Local@VValue@v8@@@2@@Z 10003b6a f   node:node.exe
 0001:00002b74       __imp_load_?SetInternalFieldCount@ObjectTemplate@v8@@QAEXH@Z 10003b74 f   node:node.exe
 0001:00002b7e       __imp_load_?NewInstance@ObjectTemplate@v8@@QAE?AV?$MaybeLocal@VObject@v8@@@2@V?$Local@VContext@v8@@@2@@Z 10003b7e f   node:node.exe
 0001:00002b88       __imp_load_?New@ObjectTemplate@v8@@SA?AV?$Local@VObjectTemplate@v8@@@2@PAVIsolate@2@V?$Local@VFunctionTemplate@v8@@@2@@Z 10003b88 f   node:node.exe
 0001:00002b92       __imp_load__node_module_register 10003b92 f   node:node.exe
 0001:00002b9c       __imp_load_?MakeCallback@node@@YA?AV?$Local@VValue@v8@@@v8@@PAVIsolate@3@V?$Local@VObject@v8@@@3@V?$Local@VFunction@v8@@@3@HPAV23@@Z 10003b9c f   node:node.exe
 0001:00002ba6       __imp_load__uv_default_loop 10003ba6 f   node:node.exe
 0001:00002bb0       @__security_check_cookie@4 10003bb0 f   LIBCMT:_secchk_.obj
 0001:00002bc1       ??_V@YAXPAX@Z              10003bc1 f   LIBCMT:delete_array.obj
 0001:00002bc6       ??2@YAPAXI@Z               10003bc6 f   LIBCMT:new_scalar.obj
 0001:00002bf9       ??3@YAXPAX@Z               10003bf9 f   LIBCMT:delete_scalar.obj
 0001:00002bfe       ??3@YAXPAXI@Z              10003bfe f   LIBCMT:delete_scalar_size.obj
 0001:00002c0c       ??_Gtype_info@@UAEPAXI@Z   10003c0c f i LIBCMT:std_type_info_static.obj
 0001:00002c0c       ??_Etype_info@@UAEPAXI@Z   10003c0c f i LIBCMT:std_type_info_static.obj
 0001:00002f37       __DllMainCRTStartup@12     10003f37 f   LIBCMT:dll_dllmain.obj
 0001:00002f5a       ___raise_securityfailure   10003f5a f   LIBCMT:gs_report.obj
 0001:00002f82       ___report_gsfailure        10003f82 f   LIBCMT:gs_report.obj
 0001:0000307d       ??0bad_alloc@std@@QAE@ABV01@@Z 1000407d f i LIBCMT:throw_bad_alloc.obj
 0001:00003098       ??0bad_alloc@std@@QAE@XZ   10004098 f i LIBCMT:throw_bad_alloc.obj
 0001:000030b0       ??0bad_array_new_length@std@@QAE@ABV01@@Z 100040b0 f i LIBCMT:throw_bad_alloc.obj
 0001:000030cb       ??0bad_array_new_length@std@@QAE@XZ 100040cb f i LIBCMT:throw_bad_alloc.obj
 0001:000030e3       ??0exception@std@@QAE@ABV01@@Z 100040e3 f i LIBCMT:throw_bad_alloc.obj
 0001:0000310f       ?__scrt_throw_std_bad_array_new_length@@YAXXZ 1000410f f   LIBCMT:throw_bad_alloc.obj
 0001:0000312c       ?what@exception@std@@UBEPBDXZ 1000412c f i LIBCMT:throw_bad_alloc.obj
 0001:0000317d       ___scrt_acquire_startup_lock 1000417d f   LIBCMT:utility.obj
 0001:000031b2       ___scrt_dllmain_after_initialize_c 100041b2 f   LIBCMT:utility.obj
 0001:000031dd       ___scrt_dllmain_before_initialize_c 100041dd f   LIBCMT:utility.obj
 0001:000031eb       ___scrt_dllmain_crt_thread_attach 100041eb f   LIBCMT:utility.obj
 0001:0000320a       ___scrt_dllmain_crt_thread_detach 1000420a f   LIBCMT:utility.obj
 0001:00003217       ___scrt_dllmain_exception_filter 10004217 f   LIBCMT:utility.obj
 0001:0000324a       ___scrt_dllmain_uninitialize_c 1000424a f   LIBCMT:utility.obj
 0001:0000326d       ___scrt_dllmain_uninitialize_critical 1000426d f   LIBCMT:utility.obj
 0001:0000327a       ___scrt_initialize_crt     1000427a f   LIBCMT:utility.obj
 0001:000032b3       ___scrt_initialize_onexit_tables 100042b3 f   LIBCMT:utility.obj
 0001:0000334a       ___scrt_is_nonwritable_in_current_image 1000434a f   LIBCMT:utility.obj
 0001:000033d4       ___scrt_release_startup_lock 100043d4 f   LIBCMT:utility.obj
 0001:000033f1       ___scrt_uninitialize_crt   100043f1 f   LIBCMT:utility.obj
 0001:00003419       __onexit                   10004419 f   LIBCMT:utility.obj
 0001:00003454       _atexit                    10004454 f   LIBCMT:utility.obj
 0001:00003469       ___security_init_cookie    10004469 f   LIBCMT:gs_support.obj
 0001:00003505       _DllMain@12                10004505 f   LIBCMT:dll_dllmain_stub.obj
 0001:0000350b       ?__scrt_initialize_type_info@@YAXXZ 1000450b f   LIBCMT:tncleanup.obj
 0001:00003517       ?__scrt_uninitialize_type_info@@YAXXZ 10004517 f   LIBCMT:tncleanup.obj
 0001:00003523       ___scrt_initialize_default_local_stdio_options 10004523 f   LIBCMT:default_local_stdio_options.obj
 0001:00003540       ___scrt_get_dyn_tls_init_callback 10004540 f   LIBCMT:dyn_tls_init.obj
 0001:00003546       ___scrt_fastfail           10004546 f   LIBCMT:utility_desktop.obj
 0001:00003661       __crt_debugger_hook        10004661 f   LIBCMT:utility_desktop.obj
 0001:00003669       __RTC_Initialize           10004669 f   LIBCMT:_initsect_.obj
 0001:00003694       __RTC_Terminate            10004694 f   LIBCMT:_initsect_.obj
 0001:000036bf       @_guard_check_icall@4      100046bf f i LIBCMT:checkcfg.obj
 0001:000036d0       __SEH_prolog4              100046d0 f   LIBCMT:_sehprolg4_.obj
 0001:00003716       __SEH_epilog4              10004716 f   LIBCMT:_sehprolg4_.obj
 0001:0000372b       ___isa_available_init      1000472b f   LIBCMT:_cpu_disp_.obj
 0001:000038c5       __get_startup_argv_mode    100048c5 f   LIBCMT:argv_mode.obj
 0001:000038c9       ___scrt_is_ucrt_dll_in_use 100048c9 f   LIBCMT:ucrt_detection.obj
 0001:000038d5       ??0bad_function_call@std@@QAE@ABV01@@Z 100048d5 f i libcpmt:xthrow.obj
 0001:000038f0       ??0bad_function_call@std@@QAE@XZ 100048f0 f i libcpmt:xthrow.obj
 0001:00003901       ??0exception@std@@QAE@QBD@Z 10004901 f i libcpmt:xthrow.obj
 0001:00003938       ??0length_error@std@@QAE@ABV01@@Z 10004938 f i libcpmt:xthrow.obj
 0001:00003953       ??0length_error@std@@QAE@PBD@Z 10004953 f i libcpmt:xthrow.obj
 0001:00003974       ??0logic_error@std@@QAE@ABV01@@Z 10004974 f i libcpmt:xthrow.obj
 0001:0000398f       ??1bad_array_new_length@std@@UAE@XZ 1000498f f i LIBCMT:throw_bad_alloc.obj
 0001:0000398f       ??1bad_function_call@std@@UAE@XZ 1000498f f i libcpmt:xthrow.obj
 0001:0000398f       ??1bad_alloc@std@@UAE@XZ   1000498f f i LIBCMT:throw_bad_alloc.obj
 0001:0000398f       ??1length_error@std@@UAE@XZ 1000498f f i libcpmt:xthrow.obj
 0001:000039a0       ??_Ebad_alloc@std@@UAEPAXI@Z 100049a0 f i LIBCMT:throw_bad_alloc.obj
 0001:000039a0       ??_Glength_error@std@@UAEPAXI@Z 100049a0 f i libcpmt:xthrow.obj
 0001:000039a0       ??_Gbad_alloc@std@@UAEPAXI@Z 100049a0 f i LIBCMT:throw_bad_alloc.obj
 0001:000039a0       ??_Eexception@std@@UAEPAXI@Z 100049a0 f i LIBCMT:throw_bad_alloc.obj
 0001:000039a0       ??_Gbad_array_new_length@std@@UAEPAXI@Z 100049a0 f i LIBCMT:throw_bad_alloc.obj
 0001:000039a0       ??_Elength_error@std@@UAEPAXI@Z 100049a0 f i libcpmt:xthrow.obj
 0001:000039a0       ??_Elogic_error@std@@UAEPAXI@Z 100049a0 f i libcpmt:xthrow.obj
 0001:000039a0       ??_Gexception@std@@UAEPAXI@Z 100049a0 f i LIBCMT:throw_bad_alloc.obj
 0001:000039a0       ??_Ebad_function_call@std@@UAEPAXI@Z 100049a0 f i libcpmt:xthrow.obj
 0001:000039a0       ??_Glogic_error@std@@UAEPAXI@Z 100049a0 f i libcpmt:xthrow.obj
 0001:000039a0       ??_Gbad_function_call@std@@UAEPAXI@Z 100049a0 f i libcpmt:xthrow.obj
 0001:000039a0       ??_Ebad_array_new_length@std@@UAEPAXI@Z 100049a0 f i LIBCMT:throw_bad_alloc.obj
 0001:000039cd       ?_Xbad_alloc@std@@YAXXZ    100049cd f   libcpmt:xthrow.obj
 0001:000039cd       ?__scrt_throw_std_bad_alloc@@YAXXZ 100049cd f   LIBCMT:throw_bad_alloc.obj
 0001:000039ea       ?_Xbad_function_call@std@@YAXXZ 100049ea f   libcpmt:xthrow.obj
 0001:00003a07       ?_Xlength_error@std@@YAXPBD@Z 10004a07 f   libcpmt:xthrow.obj
 0001:00003a27       ?what@bad_function_call@std@@UBEPBDXZ 10004a27 f i libcpmt:xthrow.obj
 0001:00003a30       _memmove                   10004a30 f   libvcruntime:memmove.obj
 0001:00003fa4       __get_purecall_handler     10004fa4 f   libvcruntime:purevirt.obj
 0001:00003fc3       __purecall                 10004fc3 f   libvcruntime:purevirt.obj
 0001:00004020       __except_handler4          10005020 f   libvcruntime:_chandler4_.obj
 0001:00004186       ___std_exception_copy      10005186 f   libvcruntime:std_exception.obj
 0001:000041e9       ___std_exception_destroy   100051e9 f   libvcruntime:std_exception.obj
 0001:00004208       __CxxThrowException@8      10005208 f   libvcruntime:throw.obj
 0001:00004276       ___vcrt_initialize         10005276 f   libvcruntime:initialization.obj
 0001:0000429f       ___vcrt_thread_attach      1000529f f   libvcruntime:initialization.obj
 0001:000042aa       ___vcrt_thread_detach      100052aa f   libvcruntime:initialization.obj
 0001:000042b5       ___vcrt_uninitialize       100052b5 f   libvcruntime:initialization.obj
 0001:000042d4       ___vcrt_uninitialize_critical 100052d4 f   libvcruntime:initialization.obj
 0001:000042dc       ___std_type_info_destroy_list 100052dc f   libvcruntime:std_type_info.obj
 0001:00004300       _memset                    10005300 f   libvcruntime:memset.obj
 0001:0000445a       ___vcrt_initialize_pure_virtual_call_handler 1000545a f   libvcruntime:purevirt_data.obj
 0001:00004480       __local_unwind4            10005480 f   libvcruntime:_exsup4_.obj
 0001:00004556       __seh_longjmp_unwind4@4    10005556 f   libvcruntime:_exsup4_.obj
 0001:0000457e       @_EH4_CallFilterFunc@8     1000557e f   libvcruntime:_exsup4_.obj
 0001:00004595       @_EH4_TransferToHandler@8  10005595 f   libvcruntime:_exsup4_.obj
 0001:000045ae       @_EH4_GlobalUnwind2@8      100055ae f   libvcruntime:_exsup4_.obj
 0001:000045c7       @_EH4_LocalUnwind@16       100055c7 f   libvcruntime:_exsup4_.obj
 0001:000045de       ___except_validate_jump_buffer 100055de f   libvcruntime:jbcxrval.obj
 0001:000045de       @_guard_check_icall_nop@4  100055de f   LIBCMT:guard_support.obj
 0001:000045de       ___except_validate_context_record 100055de f   libvcruntime:jbcxrval.obj
 0001:000045df       ___vcrt_freefls@4          100055df f   libvcruntime:per_thread_data.obj
 0001:000045fb       ___vcrt_freeptd            100055fb f   libvcruntime:per_thread_data.obj
 0001:00004631       ___vcrt_getptd_noexit      10005631 f   libvcruntime:per_thread_data.obj
 0001:000046c3       ___vcrt_initialize_ptd     100056c3 f   libvcruntime:per_thread_data.obj
 0001:000046f6       ___vcrt_uninitialize_ptd   100056f6 f   libvcruntime:per_thread_data.obj
 0001:00004711       ___vcrt_initialize_locks   10005711 f   libvcruntime:locks.obj
 0001:0000474d       ___vcrt_uninitialize_locks 1000574d f   libvcruntime:locks.obj
 0001:0000477c       ??$__crt_fast_encode_pointer@PAX@@YAPAXQAX@Z 1000577c f i libvcruntime:winapi_downlevel.obj
 0001:0000477c       ??$__crt_fast_encode_pointer@PAP6AXXZ@@YAPAP6AXXZQAP6AXXZ@Z 1000577c f i LIBCMT:utility.obj
 0001:000048ba       ___vcrt_FlsAlloc           100058ba f   libvcruntime:winapi_downlevel.obj
 0001:000048f4       ___vcrt_FlsFree            100058f4 f   libvcruntime:winapi_downlevel.obj
 0001:0000492e       ___vcrt_FlsGetValue        1000592e f   libvcruntime:winapi_downlevel.obj
 0001:00004968       ___vcrt_FlsSetValue        10005968 f   libvcruntime:winapi_downlevel.obj
 0001:000049a5       ___vcrt_InitializeCriticalSectionEx 100059a5 f   libvcruntime:winapi_downlevel.obj
 0001:000049eb       ___vcrt_initialize_winapi_thunks 100059eb f   libvcruntime:winapi_downlevel.obj
 0001:00004a25       ___vcrt_uninitialize_winapi_thunks 10005a25 f   libvcruntime:winapi_downlevel.obj
 0001:00004a60       __global_unwind2           10005a60 f   libvcruntime:_exsup_.obj
 0001:00004ac5       __local_unwind2            10005ac5 f   libvcruntime:_exsup_.obj
 0001:00004b49       __abnormal_termination     10005b49 f   libvcruntime:_exsup_.obj
 0001:00004b6c       __NLG_Notify1              10005b6c f   libvcruntime:_exsup_.obj
 0001:00004b75       __NLG_Notify               10005b75 f   libvcruntime:_exsup_.obj
 0001:00004b8c       __NLG_Dispatch2            10005b8c     libvcruntime:_exsup_.obj
 0001:00004b8c       __NLG_Dispatch             10005b8c     libvcruntime:_exsup_.obj
 0001:00004b94       __NLG_Call                 10005b94 f   libvcruntime:_exsup_.obj
 0001:00004b96       __NLG_Return2              10005b96     libvcruntime:_exsup_.obj
 0001:00004b97       _calloc                    10005b97 f   libucrt:calloc.obj
 0001:00004ba2       ___acrt_initialize_stdio   10005ba2 f   libucrt:_file.obj
 0001:00004c6a       ___acrt_iob_func           10005c6a f   libucrt:_file.obj
 0001:00004c7a       ___acrt_uninitialize_stdio 10005c7a f   libucrt:_file.obj
 0001:00004cc6       __lock_file                10005cc6 f   libucrt:_file.obj
 0001:00004cda       __unlock_file              10005cda f   libucrt:_file.obj
 0001:00004cee       ??$?RV<lambda_db08b09ef7aa9d4f8620ce68402612bc>@@AAV<lambda_4f2c1eaeead2a5fc776db5b62ea0fb9b>@@V<lambda_3ae262bc35d4ba6a3825c4f6bcaaf95c>@@@?$__crt_seh_guarded_call@H@@QAEH$$QAV<lambda_db08b09ef7aa9d4f8620ce68402612bc>@@AAV<lambda_4f2c1eaeead2a5fc776db5b62ea0fb9b>@@$$QAV<lambda_3ae262bc35d4ba6a3825c4f6bcaaf95c>@@@Z 10005cee f i libucrt:output.obj
 0001:00004d3f       ??$__acrt_lock_stream_and_call@V<lambda_4f2c1eaeead2a5fc776db5b62ea0fb9b>@@@@YAHQAU_iobuf@@$$QAV<lambda_4f2c1eaeead2a5fc776db5b62ea0fb9b>@@@Z 10005d3f f i libucrt:output.obj
 0001:00004ee3       ??$count@D@formatting_buffer@__crt_stdio_output@@QBEIXZ 10005ee3 f i libucrt:output.obj
 0001:00004efb       ??$ensure_buffer_is_big_enough@D@formatting_buffer@__crt_stdio_output@@QAE_NI@Z 10005efb f i libucrt:output.obj
 0001:00004f81       ??$is_wide_character_specifier@D@__crt_stdio_output@@YA_N_KDW4length_modifier@0@@Z 10005f81 f i libucrt:output.obj
 0001:00004fc1       ??$scratch_data@D@formatting_buffer@__crt_stdio_output@@QAEPADXZ 10005fc1 f i libucrt:output.obj
 0001:00004fdf       ??$type_case_integer_parse_into_buffer@I@?$output_processor@DV?$stream_output_adapter@D@__crt_stdio_output@@V?$standard_base@DV?$stream_output_adapter@D@__crt_stdio_output@@@2@@__crt_stdio_output@@AAEXII_N@Z 10005fdf f i libucrt:output.obj
 0001:00004fdf       ??$type_case_integer_parse_into_buffer@I@?$output_processor@DV?$string_output_adapter@D@__crt_stdio_output@@V?$standard_base@DV?$string_output_adapter@D@__crt_stdio_output@@@2@@__crt_stdio_output@@AAEXII_N@Z 10005fdf f i libucrt:output.obj
 0001:00005054       ??$type_case_integer_parse_into_buffer@_K@?$output_processor@DV?$stream_output_adapter@D@__crt_stdio_output@@V?$standard_base@DV?$stream_output_adapter@D@__crt_stdio_output@@@2@@__crt_stdio_output@@AAEX_KI_N@Z 10006054 f i libucrt:output.obj
 0001:00005054       ??$type_case_integer_parse_into_buffer@_K@?$output_processor@DV?$string_output_adapter@D@__crt_stdio_output@@V?$standard_base@DV?$string_output_adapter@D@__crt_stdio_output@@@2@@__crt_stdio_output@@AAEX_KI_N@Z 10006054 f i libucrt:output.obj
 0001:000050dc       ??$write_multiple_characters@V?$stream_output_adapter@D@__crt_stdio_output@@D@__crt_stdio_output@@YAXABV?$stream_output_adapter@D@0@DHQAH@Z 100060dc f i libucrt:output.obj
 0001:00005108       ??$write_multiple_characters@V?$string_output_adapter@D@__crt_stdio_output@@D@__crt_stdio_output@@YAXABV?$string_output_adapter@D@0@DHQAH@Z 10006108 f i libucrt:output.obj
 0001:00005134       ??0?$common_data@D@__crt_stdio_output@@IAE@XZ 10006134 f i libucrt:output.obj
 0001:0000517b       ??0?$output_adapter_data@DV?$stream_output_adapter@D@__crt_stdio_output@@@__crt_stdio_output@@IAE@ABV?$stream_output_adapter@D@1@_KQBDQAU__crt_locale_pointers@@QAD@Z 1000617b f i libucrt:output.obj
 0001:0000517b       ??0?$output_adapter_data@DV?$string_output_adapter@D@__crt_stdio_output@@@__crt_stdio_output@@IAE@ABV?$string_output_adapter@D@1@_KQBDQAU__crt_locale_pointers@@QAD@Z 1000617b f i libucrt:output.obj
 0001:000051b7       ??0?$output_processor@DV?$string_output_adapter@D@__crt_stdio_output@@V?$standard_base@DV?$string_output_adapter@D@__crt_stdio_output@@@2@@__crt_stdio_output@@QAE@ABV?$string_output_adapter@D@1@_KQBDQAU__crt_locale_pointers@@QAD@Z 100061b7 f i libucrt:output.obj
 0001:000051b7       ??0?$output_processor@DV?$stream_output_adapter@D@__crt_stdio_output@@V?$standard_base@DV?$stream_output_adapter@D@__crt_stdio_output@@@2@@__crt_stdio_output@@QAE@ABV?$stream_output_adapter@D@1@_KQBDQAU__crt_locale_pointers@@QAD@Z 100061b7 f i libucrt:output.obj
 0001:000051ec       ??0_LocaleUpdate@@QAE@QAU__crt_locale_pointers@@@Z 100061ec f i libucrt:output.obj
 0001:0000526f       ??1formatting_buffer@__crt_stdio_output@@QAE@XZ 1000626f f i libucrt:output.obj
 0001:00005289       ??4?$__crt_unique_heap_ptr@DU__crt_internal_free_policy@@@@QAEAAV0@$$QAV0@@Z 10006289 f i libucrt:output.obj
 0001:0000536a       ?crop_zeroes@__crt_stdio_output@@YAXPADQAU__crt_locale_pointers@@@Z 1000636a f i libucrt:output.obj
 0001:000053c1       ?find_next_state@?$output_processor@DV?$string_output_adapter@D@__crt_stdio_output@@V?$standard_base@DV?$string_output_adapter@D@__crt_stdio_output@@@2@@__crt_stdio_output@@ABE?AW4state@2@DW432@@Z 100063c1 f i libucrt:output.obj
 0001:000053c1       ?find_next_state@?$output_processor@DV?$stream_output_adapter@D@__crt_stdio_output@@V?$standard_base@DV?$stream_output_adapter@D@__crt_stdio_output@@@2@@__crt_stdio_output@@ABE?AW4state@2@DW432@@Z 100063c1 f i libucrt:output.obj
 0001:000053f3       ?force_decimal_point@__crt_stdio_output@@YAXPADQAU__crt_locale_pointers@@@Z 100063f3 f i libucrt:output.obj
 0001:0000544f       ?parse_int_from_format_string@?$output_processor@DV?$string_output_adapter@D@__crt_stdio_output@@V?$standard_base@DV?$string_output_adapter@D@__crt_stdio_output@@@2@@__crt_stdio_output@@AAE_NQAH@Z 1000644f f i libucrt:output.obj
 0001:0000544f       ?parse_int_from_format_string@?$output_processor@DV?$stream_output_adapter@D@__crt_stdio_output@@V?$standard_base@DV?$stream_output_adapter@D@__crt_stdio_output@@@2@@__crt_stdio_output@@AAE_NQAH@Z 1000644f f i libucrt:output.obj
 0001:000054ab       ?process@?$output_processor@DV?$stream_output_adapter@D@__crt_stdio_output@@V?$standard_base@DV?$stream_output_adapter@D@__crt_stdio_output@@@2@@__crt_stdio_output@@QAEHXZ 100064ab f i libucrt:output.obj
 0001:000055c7       ?process@?$output_processor@DV?$string_output_adapter@D@__crt_stdio_output@@V?$standard_base@DV?$string_output_adapter@D@__crt_stdio_output@@@2@@__crt_stdio_output@@QAEHXZ 100065c7 f i libucrt:output.obj
 0001:000056e3       ?state_case_flag@?$output_processor@DV?$stream_output_adapter@D@__crt_stdio_output@@V?$standard_base@DV?$stream_output_adapter@D@__crt_stdio_output@@@2@@__crt_stdio_output@@AAE_NXZ 100066e3 f i libucrt:output.obj
 0001:000056e3       ?state_case_flag@?$output_processor@DV?$string_output_adapter@D@__crt_stdio_output@@V?$standard_base@DV?$string_output_adapter@D@__crt_stdio_output@@@2@@__crt_stdio_output@@AAE_NXZ 100066e3 f i libucrt:output.obj
 0001:00005720       ?state_case_normal@?$output_processor@DV?$stream_output_adapter@D@__crt_stdio_output@@V?$standard_base@DV?$stream_output_adapter@D@__crt_stdio_output@@@2@@__crt_stdio_output@@AAE_NXZ 10006720 f i libucrt:output.obj
 0001:0000573f       ?state_case_normal@?$output_processor@DV?$string_output_adapter@D@__crt_stdio_output@@V?$standard_base@DV?$string_output_adapter@D@__crt_stdio_output@@@2@@__crt_stdio_output@@AAE_NXZ 1000673f f i libucrt:output.obj
 0001:0000575e       ?state_case_normal_common@?$output_processor@DV?$stream_output_adapter@D@__crt_stdio_output@@V?$standard_base@DV?$stream_output_adapter@D@__crt_stdio_output@@@2@@__crt_stdio_output@@AAE_NXZ 1000675e f i libucrt:output.obj
 0001:00005788       ?state_case_normal_common@?$output_processor@DV?$string_output_adapter@D@__crt_stdio_output@@V?$standard_base@DV?$string_output_adapter@D@__crt_stdio_output@@@2@@__crt_stdio_output@@AAE_NXZ 10006788 f i libucrt:output.obj
 0001:000057b2       ?state_case_normal_tchar@?$output_processor@DV?$stream_output_adapter@D@__crt_stdio_output@@V?$standard_base@DV?$stream_output_adapter@D@__crt_stdio_output@@@2@@__crt_stdio_output@@AAE_ND@Z 100067b2 f i libucrt:output.obj
 0001:00005813       ?state_case_normal_tchar@?$output_processor@DV?$string_output_adapter@D@__crt_stdio_output@@V?$standard_base@DV?$string_output_adapter@D@__crt_stdio_output@@@2@@__crt_stdio_output@@AAE_ND@Z 10006813 f i libucrt:output.obj
 0001:00005874       ?state_case_precision@?$output_processor@DV?$stream_output_adapter@D@__crt_stdio_output@@V?$standard_base@DV?$stream_output_adapter@D@__crt_stdio_output@@@2@@__crt_stdio_output@@AAE_NXZ 10006874 f i libucrt:output.obj
 0001:00005874       ?state_case_precision@?$output_processor@DV?$string_output_adapter@D@__crt_stdio_output@@V?$standard_base@DV?$string_output_adapter@D@__crt_stdio_output@@@2@@__crt_stdio_output@@AAE_NXZ 10006874 f i libucrt:output.obj
 0001:0000589c       ?state_case_size@?$output_processor@DV?$stream_output_adapter@D@__crt_stdio_output@@V?$standard_base@DV?$stream_output_adapter@D@__crt_stdio_output@@@2@@__crt_stdio_output@@AAE_NXZ 1000689c f i libucrt:output.obj
 0001:00005a05       ?state_case_size@?$output_processor@DV?$string_output_adapter@D@__crt_stdio_output@@V?$standard_base@DV?$string_output_adapter@D@__crt_stdio_output@@@2@@__crt_stdio_output@@AAE_NXZ 10006a05 f i libucrt:output.obj
 0001:00005b6e       ?state_case_type@?$output_processor@DV?$stream_output_adapter@D@__crt_stdio_output@@V?$standard_base@DV?$stream_output_adapter@D@__crt_stdio_output@@@2@@__crt_stdio_output@@AAE_NXZ 10006b6e f i libucrt:output.obj
 0001:00005d9d       ?state_case_type@?$output_processor@DV?$string_output_adapter@D@__crt_stdio_output@@V?$standard_base@DV?$string_output_adapter@D@__crt_stdio_output@@@2@@__crt_stdio_output@@AAE_NXZ 10006d9d f i libucrt:output.obj
 0001:00005fcc       ?state_case_width@?$output_processor@DV?$stream_output_adapter@D@__crt_stdio_output@@V?$standard_base@DV?$stream_output_adapter@D@__crt_stdio_output@@@2@@__crt_stdio_output@@AAE_NXZ 10006fcc f i libucrt:output.obj
 0001:00005fcc       ?state_case_width@?$output_processor@DV?$string_output_adapter@D@__crt_stdio_output@@V?$standard_base@DV?$string_output_adapter@D@__crt_stdio_output@@@2@@__crt_stdio_output@@AAE_NXZ 10006fcc f i libucrt:output.obj
 0001:00005ff7       ?to_integer_size@__crt_stdio_output@@YAIW4length_modifier@1@@Z 10006ff7 f i libucrt:output.obj
 0001:00006053       ?type_case_Z@?$output_processor@DV?$string_output_adapter@D@__crt_stdio_output@@V?$standard_base@DV?$string_output_adapter@D@__crt_stdio_output@@@2@@__crt_stdio_output@@AAE_NXZ 10007053 f i libucrt:output.obj
 0001:00006053       ?type_case_Z@?$output_processor@DV?$stream_output_adapter@D@__crt_stdio_output@@V?$standard_base@DV?$stream_output_adapter@D@__crt_stdio_output@@@2@@__crt_stdio_output@@AAE_NXZ 10007053 f i libucrt:output.obj
 0001:000060b6       ?type_case_a@?$output_processor@DV?$stream_output_adapter@D@__crt_stdio_output@@V?$standard_base@DV?$stream_output_adapter@D@__crt_stdio_output@@@2@@__crt_stdio_output@@AAE_NXZ 100070b6 f i libucrt:output.obj
 0001:000060b6       ?type_case_a@?$output_processor@DV?$string_output_adapter@D@__crt_stdio_output@@V?$standard_base@DV?$string_output_adapter@D@__crt_stdio_output@@@2@@__crt_stdio_output@@AAE_NXZ 100070b6 f i libucrt:output.obj
 0001:00006210       ?type_case_c_tchar@?$output_processor@DV?$stream_output_adapter@D@__crt_stdio_output@@V?$standard_base@DV?$stream_output_adapter@D@__crt_stdio_output@@@2@@__crt_stdio_output@@AAE_ND@Z 10007210 f i libucrt:output.obj
 0001:00006210       ?type_case_c_tchar@?$output_processor@DV?$string_output_adapter@D@__crt_stdio_output@@V?$standard_base@DV?$string_output_adapter@D@__crt_stdio_output@@@2@@__crt_stdio_output@@AAE_ND@Z 10007210 f i libucrt:output.obj
 0001:000062a0       ?type_case_integer@?$output_processor@DV?$stream_output_adapter@D@__crt_stdio_output@@V?$standard_base@DV?$stream_output_adapter@D@__crt_stdio_output@@@2@@__crt_stdio_output@@AAE_NI_N@Z 100072a0 f i libucrt:output.obj
 0001:000062a0       ?type_case_integer@?$output_processor@DV?$string_output_adapter@D@__crt_stdio_output@@V?$standard_base@DV?$string_output_adapter@D@__crt_stdio_output@@@2@@__crt_stdio_output@@AAE_NI_N@Z 100072a0 f i libucrt:output.obj
 0001:000063ea       ?type_case_n@?$output_processor@DV?$string_output_adapter@D@__crt_stdio_output@@V?$standard_base@DV?$string_output_adapter@D@__crt_stdio_output@@@2@@__crt_stdio_output@@AAE_NXZ 100073ea f i libucrt:output.obj
 0001:000063ea       ?type_case_n@?$output_processor@DV?$stream_output_adapter@D@__crt_stdio_output@@V?$standard_base@DV?$stream_output_adapter@D@__crt_stdio_output@@@2@@__crt_stdio_output@@AAE_NXZ 100073ea f i libucrt:output.obj
 0001:0000645e       ?type_case_o@?$output_processor@DV?$stream_output_adapter@D@__crt_stdio_output@@V?$standard_base@DV?$stream_output_adapter@D@__crt_stdio_output@@@2@@__crt_stdio_output@@AAE_NXZ 1000745e f i libucrt:output.obj
 0001:0000645e       ?type_case_o@?$output_processor@DV?$string_output_adapter@D@__crt_stdio_output@@V?$standard_base@DV?$string_output_adapter@D@__crt_stdio_output@@@2@@__crt_stdio_output@@AAE_NXZ 1000745e f i libucrt:output.obj
 0001:0000647d       ?type_case_p@?$output_processor@DV?$string_output_adapter@D@__crt_stdio_output@@V?$standard_base@DV?$string_output_adapter@D@__crt_stdio_output@@@2@@__crt_stdio_output@@AAE_NXZ 1000747d f i libucrt:output.obj
 0001:0000647d       ?type_case_p@?$output_processor@DV?$stream_output_adapter@D@__crt_stdio_output@@V?$standard_base@DV?$stream_output_adapter@D@__crt_stdio_output@@@2@@__crt_stdio_output@@AAE_NXZ 1000747d f i libucrt:output.obj
 0001:00006495       ?type_case_s@?$output_processor@DV?$stream_output_adapter@D@__crt_stdio_output@@V?$standard_base@DV?$stream_output_adapter@D@__crt_stdio_output@@@2@@__crt_stdio_output@@AAE_NXZ 10007495 f i libucrt:output.obj
 0001:00006495       ?type_case_s@?$output_processor@DV?$string_output_adapter@D@__crt_stdio_output@@V?$standard_base@DV?$string_output_adapter@D@__crt_stdio_output@@@2@@__crt_stdio_output@@AAE_NXZ 10007495 f i libucrt:output.obj
 0001:00006508       ?validate@?$stream_output_adapter@D@__crt_stdio_output@@QBE_NXZ 10007508 f i libucrt:output.obj
 0001:00006529       ?validate@?$string_output_adapter@D@__crt_stdio_output@@QBE_NXZ 10007529 f i libucrt:output.obj
 0001:00006529       ?validate@?$c_string_character_source@D@__crt_strtox@@QBE_NXZ 10007529 f i libucrt:atox.obj
 0001:00006544       ?validate_stream_is_ansi_if_required@?$__acrt_stdio_char_traits@D@@SA_NQAU_iobuf@@@Z 10007544 f i libucrt:output.obj
 0001:000065c6       ?write_character@?$stream_output_adapter@D@__crt_stdio_output@@QBEXDQAH@Z 100075c6 f i libucrt:output.obj
 0001:00006603       ?write_character@?$string_output_adapter@D@__crt_stdio_output@@QBE_NDQAH@Z 10007603 f i libucrt:output.obj
 0001:00006645       ?write_stored_string_tchar@?$output_processor@DV?$stream_output_adapter@D@__crt_stdio_output@@V?$standard_base@DV?$stream_output_adapter@D@__crt_stdio_output@@@2@@__crt_stdio_output@@AAE_ND@Z 10007645 f i libucrt:output.obj
 0001:000066ec       ?write_stored_string_tchar@?$output_processor@DV?$string_output_adapter@D@__crt_stdio_output@@V?$standard_base@DV?$string_output_adapter@D@__crt_stdio_output@@@2@@__crt_stdio_output@@AAE_ND@Z 100076ec f i libucrt:output.obj
 0001:00006793       ?write_string@?$stream_output_adapter@D@__crt_stdio_output@@QBEXQBDHQAH1@Z 10007793 f i libucrt:output.obj
 0001:0000681d       ?write_string@?$string_output_adapter@D@__crt_stdio_output@@QBEXQBDHQAH1@Z 1000781d f i libucrt:output.obj
 0001:000068b0       ___stdio_common_vfprintf   100078b0 f   libucrt:output.obj
 0001:00006927       ___stdio_common_vsprintf   10007927 f   libucrt:output.obj
 0001:0000694b       _free                      1000794b f   libucrt:free.obj
 0001:00006950       ??$assemble_floating_point_ind@N@__crt_strtox@@YAXAAN@Z 10007950 f i libucrt:input.obj
 0001:0000697f       ??$assemble_floating_point_infinity@N@__crt_strtox@@YAX_NAAN@Z 1000797f f i libucrt:input.obj
 0001:000069be       ??$assemble_floating_point_qnan@N@__crt_strtox@@YAX_NAAN@Z 100079be f i libucrt:input.obj
 0001:000069fd       ??$assemble_floating_point_snan@N@__crt_strtox@@YAX_NAAN@Z 100079fd f i libucrt:input.obj
 0001:00006a41       ??$assemble_floating_point_value_t@M@__crt_strtox@@YA?AW4SLD_STATUS@@_NH_KAAM@Z 10007a41 f i libucrt:input.obj
 0001:00006a71       ??$assemble_floating_point_value_t@N@__crt_strtox@@YA?AW4SLD_STATUS@@_NH_KAAN@Z 10007a71 f i libucrt:input.obj
 0001:00006ad0       ??$assemble_floating_point_zero@N@__crt_strtox@@YAX_NAAN@Z 10007ad0 f i libucrt:input.obj
 0001:00006bce       ??$convert_decimal_string_to_floating_type@M@__crt_strtox@@YA?AW4SLD_STATUS@@ABUfloating_point_string@0@AAM@Z 10007bce f i libucrt:input.obj
 0001:00006bf1       ??$convert_decimal_string_to_floating_type@N@__crt_strtox@@YA?AW4SLD_STATUS@@ABUfloating_point_string@0@AAN@Z 10007bf1 f i libucrt:input.obj
 0001:00006c14       ??$convert_hexadecimal_string_to_floating_type@M@__crt_strtox@@YA?AW4SLD_STATUS@@ABUfloating_point_string@0@AAM@Z 10007c14 f i libucrt:input.obj
 0001:00006c37       ??$convert_hexadecimal_string_to_floating_type@N@__crt_strtox@@YA?AW4SLD_STATUS@@ABUfloating_point_string@0@AAN@Z 10007c37 f i libucrt:input.obj
 0001:00006c5a       ??$is_overflow_condition@_K@__crt_strtox@@YA_NI_K@Z 10007c5a f i libucrt:input.obj
 0001:00006c9d       ??$make_input_adapter_character_source@V?$string_input_adapter@D@__crt_stdio_input@@@__crt_strtox@@YA?AV?$input_adapter_character_source@V?$string_input_adapter@D@__crt_stdio_input@@@0@QAV?$string_input_adapter@D@__crt_stdio_input@@_KQA_N@Z 10007c9d f i libucrt:input.obj
 0001:00006cbb       ??$parse_floating_point@V?$input_adapter_character_source@V?$string_input_adapter@D@__crt_stdio_input@@@__crt_strtox@@M@__crt_strtox@@YA?AW4SLD_STATUS@@QAU__crt_locale_pointers@@V?$input_adapter_character_source@V?$string_input_adapter@D@__crt_stdio_input@@@0@QAM@Z 10007cbb f i libucrt:input.obj
 0001:00006d36       ??$parse_floating_point@V?$input_adapter_character_source@V?$string_input_adapter@D@__crt_stdio_input@@@__crt_strtox@@N@__crt_strtox@@YA?AW4SLD_STATUS@@QAU__crt_locale_pointers@@V?$input_adapter_character_source@V?$string_input_adapter@D@__crt_stdio_input@@@0@QAN@Z 10007d36 f i libucrt:input.obj
 0001:00006db1       ??$parse_floating_point_from_source@V?$input_adapter_character_source@V?$string_input_adapter@D@__crt_stdio_input@@@__crt_strtox@@@__crt_strtox@@YA?AW4floating_point_parse_result@0@QAU__crt_locale_pointers@@AAV?$input_adapter_character_source@V?$string_input_adapter@D@__crt_stdio_input@@@0@AAUfloating_point_string@0@@Z 10007db1 f i libucrt:input.obj
 0001:00007218       ??$parse_floating_point_possible_infinity@DV?$input_adapter_character_source@V?$string_input_adapter@D@__crt_stdio_input@@@__crt_strtox@@_K@__crt_strtox@@YA?AW4floating_point_parse_result@0@AADAAV?$input_adapter_character_source@V?$string_input_adapter@D@__crt_stdio_input@@@0@_K@Z 10008218 f i libucrt:input.obj
 0001:000072d9       ??$parse_floating_point_possible_nan@DV?$input_adapter_character_source@V?$string_input_adapter@D@__crt_stdio_input@@@__crt_strtox@@_K@__crt_strtox@@YA?AW4floating_point_parse_result@0@AADAAV?$input_adapter_character_source@V?$string_input_adapter@D@__crt_stdio_input@@@0@_K@Z 100082d9 f i libucrt:input.obj
 0001:000073eb       ??$parse_floating_point_possible_nan_is_ind@DV?$input_adapter_character_source@V?$string_input_adapter@D@__crt_stdio_input@@@__crt_strtox@@@__crt_strtox@@YA_NAADAAV?$input_adapter_character_source@V?$string_input_adapter@D@__crt_stdio_input@@@0@@Z 100083eb f i libucrt:input.obj
 0001:00007425       ??$parse_floating_point_possible_nan_is_snan@DV?$input_adapter_character_source@V?$string_input_adapter@D@__crt_stdio_input@@@__crt_strtox@@@__crt_strtox@@YA_NAADAAV?$input_adapter_character_source@V?$string_input_adapter@D@__crt_stdio_input@@@0@@Z 10008425 f i libucrt:input.obj
 0001:0000745f       ??$parse_floating_point_write_result@M@__crt_strtox@@YA?AW4SLD_STATUS@@W4floating_point_parse_result@0@ABUfloating_point_string@0@QAM@Z 1000845f f i libucrt:input.obj
 0001:0000756f       ??$parse_floating_point_write_result@N@__crt_strtox@@YA?AW4SLD_STATUS@@W4floating_point_parse_result@0@ABUfloating_point_string@0@QAN@Z 1000856f f i libucrt:input.obj
 0001:00007673       ??$parse_integer@_KV?$input_adapter_character_source@V?$string_input_adapter@D@__crt_stdio_input@@@__crt_strtox@@@__crt_strtox@@YA_KQAU__crt_locale_pointers@@V?$input_adapter_character_source@V?$string_input_adapter@D@__crt_stdio_input@@@0@H_N@Z 10008673 f i libucrt:input.obj
 0001:00007924       ??$process_floating_point_specifier_t@M@?$input_processor@DV?$string_input_adapter@D@__crt_stdio_input@@@__crt_stdio_input@@AAE_NXZ 10008924 f i libucrt:input.obj
 0001:0000798c       ??$process_floating_point_specifier_t@N@?$input_processor@DV?$string_input_adapter@D@__crt_stdio_input@@@__crt_stdio_input@@AAE_NXZ 1000898c f i libucrt:input.obj
 0001:000079f4       ??$process_string_specifier_tchar@D@?$input_processor@DV?$string_input_adapter@D@__crt_stdio_input@@@__crt_stdio_input@@AAE_NW4conversion_mode@1@D@Z 100089f4 f i libucrt:input.obj
 0001:00007b56       ??$process_string_specifier_tchar@_W@?$input_processor@DV?$string_input_adapter@D@__crt_stdio_input@@@__crt_stdio_input@@AAE_NW4conversion_mode@1@_W@Z 10008b56 f i libucrt:input.obj
 0001:00007cc2       ??$skip_whitespace@Vstring_input_adapter@__crt_stdio_input@@D@__crt_stdio_input@@YAHAAV?$string_input_adapter@D@0@QAU__crt_locale_pointers@@@Z 10008cc2 f i libucrt:input.obj
 0001:00007cf1       ??$write_floating_point@M@?$input_processor@DV?$string_input_adapter@D@__crt_stdio_input@@@__crt_stdio_input@@AAE_NABM@Z 10008cf1 f i libucrt:input.obj
 0001:00007d28       ??$write_floating_point@N@?$input_processor@DV?$string_input_adapter@D@__crt_stdio_input@@@__crt_stdio_input@@AAE_NABN@Z 10008d28 f i libucrt:input.obj
 0001:00007d65       ??0?$format_string_parser@D@__crt_stdio_input@@QAE@_KQBE@Z 10008d65 f i libucrt:input.obj
 0001:00007daf       ??0?$input_adapter_character_source@V?$string_input_adapter@D@__crt_stdio_input@@@__crt_strtox@@QAE@QAV?$string_input_adapter@D@__crt_stdio_input@@_KQA_N@Z 10008daf f i libucrt:input.obj
 0001:00007de0       ??0?$input_processor@DV?$string_input_adapter@D@__crt_stdio_input@@@__crt_stdio_input@@QAE@ABV?$string_input_adapter@D@1@_KQBDQAU__crt_locale_pointers@@QAD@Z 10008de0 f i libucrt:input.obj
 0001:00007e52       ?advance@?$format_string_parser@D@__crt_stdio_input@@QAE_NXZ 10008e52 f i libucrt:input.obj
 0001:00007f72       ?as_double@floating_point_value@__crt_strtox@@QBEAANXZ 10008f72 f i libucrt:input.obj
 0001:00007f97       ?as_float@floating_point_value@__crt_strtox@@QBEAAMXZ 10008f97 f i libucrt:input.obj
 0001:00007fbc       ?assemble_floating_point_infinity@__crt_strtox@@YAX_NABVfloating_point_value@1@@Z 10008fbc f i libucrt:input.obj
 0001:00007ff6       ?assemble_floating_point_value@__crt_strtox@@YA?AW4SLD_STATUS@@_KH_N1ABVfloating_point_value@1@@Z 10008ff6 f i libucrt:input.obj
 0001:00008342       ?assemble_floating_point_value_from_big_integer@__crt_strtox@@YA?AW4SLD_STATUS@@ABUbig_integer@1@I_N1ABVfloating_point_value@1@@Z 10009342 f i libucrt:input.obj
 0001:000084d0       ?assemble_floating_point_zero@__crt_strtox@@YAX_NABVfloating_point_value@1@@Z 100094d0 f i libucrt:input.obj
 0001:00008504       ?convert_decimal_string_to_floating_type_common@__crt_strtox@@YA?AW4SLD_STATUS@@ABUfloating_point_string@1@ABVfloating_point_value@1@@Z 10009504 f i libucrt:input.obj
 0001:0000a2c7       ?convert_hexadecimal_string_to_floating_type_common@__crt_strtox@@YA?AW4SLD_STATUS@@ABUfloating_point_string@1@ABVfloating_point_value@1@@Z 1000b2c7 f i libucrt:input.obj
 0001:0000a373       ?denormal_mantissa_mask@floating_point_value@__crt_strtox@@QBE_KXZ 1000b373 f i libucrt:input.obj
 0001:0000a390       ?divide@__crt_strtox@@YA_KAAUbig_integer@1@ABU21@@Z 1000b390 f i libucrt:input.obj
 0001:0000a83e       ?get@?$input_adapter_character_source@V?$string_input_adapter@D@__crt_stdio_input@@@__crt_strtox@@QAEDXZ 1000b83e f i libucrt:input.obj
 0001:0000a878       ?get@?$string_input_adapter@D@__crt_stdio_input@@QAEHXZ 1000b878 f i libucrt:input.obj
 0001:0000a88e       ?invert@?$scanset_buffer@E@__crt_stdio_input@@QAEXXZ 1000b88e f i libucrt:input.obj
 0001:0000a8ac       ?is_character_allowed_in_string@?$input_processor@DV?$string_input_adapter@D@__crt_stdio_input@@@__crt_stdio_input@@ABE_NW4conversion_mode@2@H@Z 1000b8ac f i libucrt:input.obj
 0001:0000a8f2       ?length@?$format_string_parser@D@__crt_stdio_input@@QBEIXZ 1000b8f2 f i libucrt:input.obj
 0001:0000a933       ?normal_mantissa_mask@floating_point_value@__crt_strtox@@QBE_KXZ 1000b933 f i libucrt:input.obj
 0001:0000a94a       ?process@?$input_processor@DV?$string_input_adapter@D@__crt_stdio_input@@@__crt_stdio_input@@QAEHXZ 1000b94a f i libucrt:input.obj
 0001:0000a9cf       ?process_character_count_specifier@?$input_processor@DV?$string_input_adapter@D@__crt_stdio_input@@@__crt_stdio_input@@AAE_NXZ 1000b9cf f i libucrt:input.obj
 0001:0000a9e9       ?process_conversion_specifier@?$input_processor@DV?$string_input_adapter@D@__crt_stdio_input@@@__crt_stdio_input@@AAE_NXZ 1000b9e9 f i libucrt:input.obj
 0001:0000aa5d       ?process_floating_point_specifier@?$input_processor@DV?$string_input_adapter@D@__crt_stdio_input@@@__crt_stdio_input@@AAE_NXZ 1000ba5d f i libucrt:input.obj
 0001:0000aa8d       ?process_integer_specifier@?$input_processor@DV?$string_input_adapter@D@__crt_stdio_input@@@__crt_stdio_input@@AAE_NI_N@Z 1000ba8d f i libucrt:input.obj
 0001:0000aaf3       ?process_literal_character@?$input_processor@DV?$string_input_adapter@D@__crt_stdio_input@@@__crt_stdio_input@@AAE_NXZ 1000baf3 f i libucrt:input.obj
 0001:0000ab29       ?process_literal_character_tchar@?$input_processor@DV?$string_input_adapter@D@__crt_stdio_input@@@__crt_stdio_input@@AAE_ND@Z 1000bb29 f i libucrt:input.obj
 0001:0000ab7f       ?process_state@?$input_processor@DV?$string_input_adapter@D@__crt_stdio_input@@@__crt_stdio_input@@AAE_NXZ 1000bb7f f i libucrt:input.obj
 0001:0000abb5       ?process_string_specifier@?$input_processor@DV?$string_input_adapter@D@__crt_stdio_input@@@__crt_stdio_input@@AAE_NW4conversion_mode@2@@Z 1000bbb5 f i libucrt:input.obj
 0001:0000abfd       ?process_whitespace@?$input_processor@DV?$string_input_adapter@D@__crt_stdio_input@@@__crt_stdio_input@@AAE_NXZ 1000bbfd f i libucrt:input.obj
 0001:0000ac1a       ?restore_state@?$input_adapter_character_source@V?$string_input_adapter@D@__crt_stdio_input@@@__crt_strtox@@QAE_N_K@Z 1000bc1a f i libucrt:input.obj
 0001:0000ac3f       ?scan_conversion_specifier@?$format_string_parser@D@__crt_stdio_input@@AAE_NXZ 1000bc3f f i libucrt:input.obj
 0001:0000adaa       ?scan_optional_field_width@?$format_string_parser@D@__crt_stdio_input@@AAE_NXZ 1000bdaa f i libucrt:input.obj
 0001:0000ae49       ?scan_optional_length_modifier@?$format_string_parser@D@__crt_stdio_input@@AAEXXZ 1000be49 f i libucrt:input.obj
 0001:0000af69       ?scan_optional_literal_character_trail_bytes_tchar@?$format_string_parser@D@__crt_stdio_input@@AAE_ND@Z 1000bf69 f i libucrt:input.obj
 0001:0000afbe       ?scan_optional_wide_modifier@?$format_string_parser@D@__crt_stdio_input@@AAEXXZ 1000bfbe f i libucrt:input.obj
 0001:0000afdc       ?scan_scanset_range@?$format_string_parser@D@__crt_stdio_input@@AAE_NXZ 1000bfdc f i libucrt:input.obj
 0001:0000b0e3       ?set@?$scanset_buffer@E@__crt_stdio_input@@QAEXE@Z 1000c0e3 f i libucrt:input.obj
 0001:0000b10e       ?set_wide_for_c_s_or_scanset@?$format_string_parser@D@__crt_stdio_input@@AAEXXZ 1000c10e f i libucrt:input.obj
 0001:0000b12e       ?test@?$scanset_buffer@E@__crt_stdio_input@@QBE_NE@Z 1000c12e f i libucrt:input.obj
 0001:0000b15f       ?to_floating_point_length@__crt_stdio_input@@YAIW4length_modifier@1@@Z 1000c15f f i libucrt:input.obj
 0001:0000b182       ?to_integer_length@__crt_stdio_input@@YAIW4length_modifier@1@@Z 1000c182 f i libucrt:input.obj
 0001:0000b1da       ?unget@?$input_adapter_character_source@V?$string_input_adapter@D@__crt_stdio_input@@@__crt_strtox@@QAEXD@Z 1000c1da f i libucrt:input.obj
 0001:0000b21b       ?unget@?$string_input_adapter@D@__crt_stdio_input@@QAEXH@Z 1000c21b f i libucrt:input.obj
 0001:0000b23a       ?validate@?$format_string_parser@D@__crt_stdio_input@@QBE_NXZ 1000c23a f i libucrt:input.obj
 0001:0000b256       ?validate@?$input_adapter_character_source@V?$string_input_adapter@D@__crt_stdio_input@@@__crt_strtox@@QBE_NXZ 1000c256 f i libucrt:input.obj
 0001:0000b277       ?validate@?$string_input_adapter@D@__crt_stdio_input@@QAE_NXZ 1000c277 f i libucrt:input.obj
 0001:0000b299       ?write_character@?$input_processor@DV?$string_input_adapter@D@__crt_stdio_input@@@__crt_stdio_input@@AAE_NQA_WIAAPA_WAAID@Z 1000c299 f i libucrt:input.obj
 0001:0000b30a       ?write_integer@?$input_processor@DV?$string_input_adapter@D@__crt_stdio_input@@@__crt_stdio_input@@AAE_N_K_N@Z 1000c30a f i libucrt:input.obj
 0001:0000b381       ___stdio_common_vsscanf    1000c381 f   libucrt:input.obj
 0001:0000b3a5       __chvalidchk_l             1000c3a5 f i libucrt:input.obj
 0001:0000b3cf       __ischartype_l             1000c3cf f i libucrt:input.obj
 0001:0000b402       _malloc                    1000c402 f   libucrt:malloc.obj
 0001:0000b40d       ___acrt_call_reportfault   1000c40d f   libucrt:invalid_parameter.obj
 0001:0000b548       ___acrt_initialize_invalid_parameter_handler 1000c548 f   libucrt:invalid_parameter.obj
 0001:0000b55c       __invalid_parameter        1000c55c f   libucrt:invalid_parameter.obj
 0001:0000b5d7       __invalid_parameter_noinfo 1000c5d7 f   libucrt:invalid_parameter.obj
 0001:0000b5e7       __invalid_parameter_noinfo_noreturn 1000c5e7 f   libucrt:invalid_parameter.obj
 0001:0000b604       __invoke_watson            1000c604 f   libucrt:invalid_parameter.obj
 0001:0000b637       ___ascii_stricmp           1000c637 f   libucrt:stricmp.obj
 0001:0000b672       __stricmp                  1000c672 f   libucrt:stricmp.obj
 0001:0000b6ba       __stricmp_l                1000c6ba f   libucrt:stricmp.obj
 0001:0000b754       ___acrt_initialize_new_handler 1000c754 f   libucrt:new_handler.obj
 0001:0000b768       __callnewh                 1000c768 f   libucrt:new_handler.obj
 0001:0000b7ac       __query_new_handler        1000c7ac f   libucrt:new_handler.obj
 0001:0000b7fe       __initterm                 1000c7fe f   libucrt:initterm.obj
 0001:0000b85a       __initterm_e               1000c85a f   libucrt:initterm.obj
 0001:0000b89f       __seh_filter_dll           1000c89f f   libucrt:exception_filter.obj
 0001:0000b8bf       __seh_filter_exe           1000c8bf f   libucrt:exception_filter.obj
 0001:0000bc4d       ___acrt_initialize_thread_local_exit_callback 1000cc4d f   libucrt:exit.obj
 0001:0000bc5c       __cexit                    1000cc5c f   libucrt:exit.obj
 0001:0000bc6b       __exit                     1000cc6b f   libucrt:exit.obj
 0001:0000bc81       __is_c_termination_complete 1000cc81 f   libucrt:exit.obj
 0001:0000bf20       ___acrt_allocate_buffer_for_argv 1000cf20 f   libucrt:argv_parsing.obj
 0001:0000bf75       __configure_narrow_argv    1000cf75 f   libucrt:argv_parsing.obj
 0001:0000c0d9       ??$uninitialize@A6AXAAPAPA_W@Z@?$dual_state_global@PAPA_W@__crt_state_management@@QAEXA6AXAAPAPA_W@Z@Z 1000d0d9 f i libucrt:environment_initialization.obj
 0001:0000c0d9       ??$uninitialize@A6AXAAPAPAD@Z@?$dual_state_global@PAPAD@__crt_state_management@@QAEXA6AXAAPAPAD@Z@Z 1000d0d9 f i libucrt:environment_initialization.obj
 0001:0000c14f       ?initialize@?$dual_state_global@P6AXPB_W00II@Z@__crt_state_management@@QAEXQ6AXPB_W00II@Z@Z 1000d14f f i libucrt:invalid_parameter.obj
 0001:0000c14f       ?initialize@?$dual_state_global@P6AHPAU_exception@@@Z@__crt_state_management@@QAEXQ6AHPAU_exception@@@Z@Z 1000d14f f i libucrt:matherr.obj
 0001:0000c14f       ?initialize@?$dual_state_global@PAU__crt_locale_data@@@__crt_state_management@@QAEXQAU__crt_locale_data@@@Z 1000d14f f i libucrt:initialization.obj
 0001:0000c14f       ?initialize@?$dual_state_global@PAPAD@__crt_state_management@@QAEXQAPAD@Z 1000d14f f i libucrt:environment_initialization.obj
 0001:0000c14f       ?initialize@?$dual_state_global@P6AHI@Z@__crt_state_management@@QAEXQ6AHI@Z@Z 1000d14f f i libucrt:new_handler.obj
 0001:0000c14f       ?initialize@?$dual_state_global@P6AXH@Z@__crt_state_management@@QAEXQ6AXH@Z@Z 1000d14f f i libucrt:signal.obj
 0001:0000c180       ___dcrt_uninitialize_environments_nolock 1000d180 f   libucrt:environment_initialization.obj
 0001:0000c1b7       __initialize_narrow_environment 1000d1b7 f   libucrt:environment_initialization.obj
 0001:0000c1bc       ??$?RV<lambda_800076c951b434888f4765a74a194fcc>@@AAV<lambda_4e60a939b0d047cfe11ddc22648dfba9>@@V<lambda_6dbb1268764f43b569ce7b67e331d33a>@@@?$__crt_seh_guarded_call@H@@QAEH$$QAV<lambda_800076c951b434888f4765a74a194fcc>@@AAV<lambda_4e60a939b0d047cfe11ddc22648dfba9>@@$$QAV<lambda_6dbb1268764f43b569ce7b67e331d33a>@@@Z 1000d1bc f i libucrt:onexit.obj
 0001:0000c20d       ??$?RV<lambda_995298e7d72eb4c2aab26c0585b3abe5>@@AAV<lambda_275893d493268fdec8709772e3fcec0e>@@V<lambda_293819299cbf9a7022e18b56a874bb5c>@@@?$__crt_seh_guarded_call@H@@QAEH$$QAV<lambda_995298e7d72eb4c2aab26c0585b3abe5>@@AAV<lambda_275893d493268fdec8709772e3fcec0e>@@$$QAV<lambda_293819299cbf9a7022e18b56a874bb5c>@@@Z 1000d20d f i libucrt:onexit.obj
 0001:0000c25e       ??$__acrt_lock_and_call@V<lambda_275893d493268fdec8709772e3fcec0e>@@@@YAHW4__acrt_lock_id@@$$QAV<lambda_275893d493268fdec8709772e3fcec0e>@@@Z 1000d25e f i libucrt:onexit.obj
 0001:0000c286       ??$__acrt_lock_and_call@V<lambda_4e60a939b0d047cfe11ddc22648dfba9>@@@@YAHW4__acrt_lock_id@@$$QAV<lambda_4e60a939b0d047cfe11ddc22648dfba9>@@@Z 1000d286 f i libucrt:onexit.obj
 0001:0000c2ae       ??$__crt_fast_encode_pointer@P6AHXZ@@YAP6AHXZQ6AHXZ@Z 1000d2ae f i libucrt:onexit.obj
 0001:0000c52e       __crt_atexit               1000d52e f   libucrt:onexit.obj
 0001:0000c544       __execute_onexit_table     1000d544 f   libucrt:onexit.obj
 0001:0000c561       __initialize_onexit_table  1000d561 f   libucrt:onexit.obj
 0001:0000c59e       __register_onexit_function 1000d59e f   libucrt:onexit.obj
 0001:0000c5f6       ___acrt_uninitialize_command_line 1000d5f6 f   libucrt:argv_data.obj
 0001:0000c6b6       ___acrt_initialize         1000d6b6 f   libucrt:initialization.obj
 0001:0000c6c8       ___acrt_thread_attach      1000d6c8 f   libucrt:initialization.obj
 0001:0000c6d3       ___acrt_thread_detach      1000d6d3 f   libucrt:initialization.obj
 0001:0000c6db       ___acrt_uninitialize       1000d6db f   libucrt:initialization.obj
 0001:0000c6ed       ___acrt_uninitialize_critical 1000d6ed f   libucrt:initialization.obj
 0001:0000c6ff       _terminate                 1000d6ff f   libucrt:terminate.obj
 0001:0000c73b       _abort                     1000d73b f   libucrt:abort.obj
 0001:0000c77e       _strcpy_s                  1000d77e f   libucrt:strcpy_s.obj
 0001:0000c7d8       __free_base                1000d7d8 f   libucrt:free_base.obj
 0001:0000c812       __malloc_base              1000d812 f   libucrt:malloc_base.obj
 0001:0000c860       __calloc_base              1000d860 f   libucrt:calloc_base.obj
 0001:0000c8bd       ??$is_overflow_condition@K@__crt_strtox@@YA_NIK@Z 1000d8bd f i libucrt:atox.obj
 0001:0000c8f0       ??$parse_integer@KV?$c_string_character_source@D@__crt_strtox@@@__crt_strtox@@YAKQAU__crt_locale_pointers@@V?$c_string_character_source@D@0@H_N@Z 1000d8f0 f i libucrt:atox.obj
 0001:0000cb18       ??$parse_integer@_KV?$c_string_character_source@D@__crt_strtox@@@__crt_strtox@@YA_KQAU__crt_locale_pointers@@V?$c_string_character_source@D@0@H_N@Z 1000db18 f i libucrt:atox.obj
 0001:0000cdbe       ?unget@?$c_string_character_source@D@__crt_strtox@@QAEXD@Z 1000ddbe f i libucrt:atox.obj
 0001:0000cde6       ___acrt_errno_from_os_error 1000dde6 f   libucrt:errno.obj
 0001:0000ce29       ___acrt_errno_map_os_error 1000de29 f   libucrt:errno.obj
 0001:0000ce4c       ___doserrno                1000de4c f   libucrt:errno.obj
 0001:0000ce5f       __errno                    1000de5f f   libucrt:errno.obj
 0001:0000cf89       ___acrt_FlsAlloc@4         1000df89 f   libucrt:winapi_thunks.obj
 0001:0000cfdf       ___acrt_FlsFree@4          1000dfdf f   libucrt:winapi_thunks.obj
 0001:0000d035       ___acrt_FlsGetValue@4      1000e035 f   libucrt:winapi_thunks.obj
 0001:0000d08b       ___acrt_FlsSetValue@8      1000e08b f   libucrt:winapi_thunks.obj
 0001:0000d0e4       ___acrt_InitializeCriticalSectionEx@12 1000e0e4 f   libucrt:winapi_thunks.obj
 0001:0000d146       ___acrt_LCMapStringEx@36   1000e146 f   libucrt:winapi_thunks.obj
 0001:0000d1ce       ___acrt_LocaleNameToLCID@8 1000e1ce f   libucrt:winapi_thunks.obj
 0001:0000d22a       ___acrt_initialize_winapi_thunks 1000e22a f   libucrt:winapi_thunks.obj
 0001:0000d250       ___acrt_is_packaged_app    1000e250 f   libucrt:winapi_thunks.obj
 0001:0000d2d7       ___acrt_uninitialize_winapi_thunks 1000e2d7 f   libucrt:winapi_thunks.obj
 0001:0000d30d       __fcloseall                1000e30d f   libucrt:closeall.obj
 0001:0000d3ad       ___acrt_stdio_flush_nolock 1000e3ad f   libucrt:fflush.obj
 0001:0000d413       __fflush_nolock            1000e413 f   libucrt:fflush.obj
 0001:0000d45a       __flushall                 1000e45a f   libucrt:fflush.obj
 0001:0000d53b       ___acrt_stdio_free_buffer_nolock 1000e53b f   libucrt:_freebuf.obj
 0001:0000d6e5       ___acrt_initialize_lowio   1000e6e5 f   libucrt:ioinit.obj
 0001:0000d73b       ___acrt_uninitialize_lowio 1000e73b f   libucrt:ioinit.obj
 0001:0000d767       __isdigit_l                1000e767 f i libucrt:_ctype.obj
 0001:0000d79f       __isspace_l                1000e79f f i libucrt:_ctype.obj
 0001:0000d7d7       _isdigit                   1000e7d7 f i libucrt:_ctype.obj
 0001:0000d804       _isspace                   1000e804 f i libucrt:_ctype.obj
 0001:0000d998       __tolower_l                1000e998 f   libucrt:tolower_toupper.obj
 0001:0000d9b2       _tolower                   1000e9b2 f   libucrt:tolower_toupper.obj
 0001:0000d9e2       ??$make_c_string_character_source@DPAPAD@__crt_strtox@@YA?AV?$c_string_character_source@D@0@QBDQAPAD@Z 1000e9e2 f i libucrt:strtox.obj
 0001:0000d9fd       _strtol                    1000e9fd f   libucrt:strtox.obj
 0001:0000da29       _strtoull                  1000ea29 f   libucrt:strtox.obj
 0001:0000da55       __mbtowc_l                 1000ea55 f   libucrt:mbtowc.obj
 0001:0000db4f       _mbtowc                    1000eb4f f   libucrt:mbtowc.obj
 0001:0000db69       __wctomb_s_l               1000eb69 f   libucrt:wctomb.obj
 0001:0000dc8a       _wctomb_s                  1000ec8a f   libucrt:wctomb.obj
 0001:0000dca7       _strnlen                   1000eca7 f   libucrt:strnlen.obj
 0001:0000ddce       _wcsnlen                   1000edce f   libucrt:strnlen.obj
 0001:0000df85       ??$?RV<lambda_3518db117f0e7cdb002338c5d3c47b6c>@@AAV<lambda_b2ea41f6bbb362cd97d94c6828d90b61>@@V<lambda_abdedf541bb04549bc734292b4a045d4>@@@?$__crt_seh_guarded_call@X@@QAEX$$QAV<lambda_3518db117f0e7cdb002338c5d3c47b6c>@@AAV<lambda_b2ea41f6bbb362cd97d94c6828d90b61>@@$$QAV<lambda_abdedf541bb04549bc734292b4a045d4>@@@Z 1000ef85 f i libucrt:per_thread_data.obj
 0001:0000dfd5       ??$?RV<lambda_51b6e8b1eb166f2a3faf91f424b38130>@@AAV<lambda_6250bd4b2a391816dd638c3bf72b0bcb>@@V<lambda_0b5a4a3e68152e1d9b943535f5f47bed>@@@?$__crt_seh_guarded_call@X@@QAEX$$QAV<lambda_51b6e8b1eb166f2a3faf91f424b38130>@@AAV<lambda_6250bd4b2a391816dd638c3bf72b0bcb>@@$$QAV<lambda_0b5a4a3e68152e1d9b943535f5f47bed>@@@Z 1000efd5 f i libucrt:per_thread_data.obj
 0001:0000e036       ??$?RV<lambda_5b71d36f03204c0beab531769a5b5694>@@AAV<lambda_be2b3da3f62db62e9dad5dc70221a656>@@V<lambda_8f9ce462984622f9bf76b59e2aaaf805>@@@?$__crt_seh_guarded_call@X@@QAEX$$QAV<lambda_5b71d36f03204c0beab531769a5b5694>@@AAV<lambda_be2b3da3f62db62e9dad5dc70221a656>@@$$QAV<lambda_8f9ce462984622f9bf76b59e2aaaf805>@@@Z 1000f036 f i libucrt:per_thread_data.obj
 0001:0000e081       ??$?RV<lambda_9df27f884b057bc3edfc946cb5b7cf47>@@AAV<lambda_e69574bed617af4e071282c136b37893>@@V<lambda_cc0d902bcbbeb830f749456577db4721>@@@?$__crt_seh_guarded_call@X@@QAEX$$QAV<lambda_9df27f884b057bc3edfc946cb5b7cf47>@@AAV<lambda_e69574bed617af4e071282c136b37893>@@$$QAV<lambda_cc0d902bcbbeb830f749456577db4721>@@@Z 1000f081 f i libucrt:per_thread_data.obj
 0001:0000e0c9       ??$__acrt_lock_and_call@V<lambda_6250bd4b2a391816dd638c3bf72b0bcb>@@@@YAXW4__acrt_lock_id@@$$QAV<lambda_6250bd4b2a391816dd638c3bf72b0bcb>@@@Z 1000f0c9 f i libucrt:per_thread_data.obj
 0001:0000e0f1       ??$__acrt_lock_and_call@V<lambda_b2ea41f6bbb362cd97d94c6828d90b61>@@@@YAXW4__acrt_lock_id@@$$QAV<lambda_b2ea41f6bbb362cd97d94c6828d90b61>@@@Z 1000f0f1 f i libucrt:per_thread_data.obj
 0001:0000e119       ??$__acrt_lock_and_call@V<lambda_be2b3da3f62db62e9dad5dc70221a656>@@@@YAXW4__acrt_lock_id@@$$QAV<lambda_be2b3da3f62db62e9dad5dc70221a656>@@@Z 1000f119 f i libucrt:per_thread_data.obj
 0001:0000e141       ??$__acrt_lock_and_call@V<lambda_e69574bed617af4e071282c136b37893>@@@@YAXW4__acrt_lock_id@@$$QAV<lambda_e69574bed617af4e071282c136b37893>@@@Z 1000f141 f i libucrt:per_thread_data.obj
 0001:0000e2f7       ___acrt_freeptd            1000f2f7 f   libucrt:per_thread_data.obj
 0001:0000e323       ___acrt_getptd             1000f323 f   libucrt:per_thread_data.obj
 0001:0000e3a7       ___acrt_getptd_noexit      1000f3a7 f   libucrt:per_thread_data.obj
 0001:0000e42c       ___acrt_initialize_ptd     1000f42c f   libucrt:per_thread_data.obj
 0001:0000e458       ___acrt_uninitialize_ptd   1000f458 f   libucrt:per_thread_data.obj
 0001:0000e472       ___acrt_update_locale_info 1000f472 f   libucrt:locale_update.obj
 0001:0000e49f       ___acrt_update_multibyte_info 1000f49f f   libucrt:locale_update.obj
 0001:0000e4cc       ?__acrt_fp_classify@@YA?AW4__acrt_fp_class@@ABN@Z 1000f4cc f i libucrt:cvt.obj
 0001:0000e538       ?__acrt_fp_is_negative@@YA_NABN@Z 1000f538 f i libucrt:cvt.obj
 0001:0000ed97       ___acrt_fp_format          1000fd97 f   libucrt:cvt.obj
 0001:0000eee1       __fileno                   1000fee1 f   libucrt:fileno.obj
 0001:0000ef07       __fputc_nolock             1000ff07 f   libucrt:fputc.obj
 0001:0000ef30       __get_printf_count_output  1000ff30 f   libucrt:printf_count_output.obj
 0001:0000ef45       ___acrt_stdio_begin_temporary_buffering_nolock 1000ff45 f   libucrt:_sftbuf.obj
 0001:0000effa       ___acrt_stdio_end_temporary_buffering_nolock 1000fffa f   libucrt:_sftbuf.obj
 0001:0000f033       ___acrt_set_locale_changed 10010033 f   libucrt:wsetlocale.obj
 0001:0000f03e       ___acrt_uninitialize_locale 1001003e f   libucrt:wsetlocale.obj
 0001:0000f090       ___pctype_func             10010090 f   libucrt:ctype.obj
 0001:0000f0b6       __isctype_l                100100b6 f   libucrt:isctype.obj
 0001:0000f188       _fegetround                10010188 f   libucrt:fegetround.obj
 0001:0000f193       ___acrt_initialize_locks   10010193 f   libucrt:locks.obj
 0001:0000f1d4       ___acrt_lock               100101d4 f   libucrt:locks.obj
 0001:0000f1eb       ___acrt_uninitialize_locks 100101eb f   libucrt:locks.obj
 0001:0000f21c       ___acrt_unlock             1001021c f   libucrt:locks.obj
 0001:0000f5f5       ??1?$argument_list@D@?A0xb0e4b824@@QAE@XZ 100105f5 f i libucrt:argv_wildcards.obj
 0001:0000f61a       ?append@?$argument_list@D@?A0xb0e4b824@@QAEHQAD@Z 1001061a f i libucrt:argv_wildcards.obj
 0001:0000f64f       ?expand_if_necessary@?$argument_list@D@?A0xb0e4b824@@AAEHXZ 1001064f f i libucrt:argv_wildcards.obj
 0001:0000f6d6       ___acrt_expand_narrow_argv_wildcards 100106d6 f   libucrt:argv_wildcards.obj
 0001:0000f6e1       ??$?RV<lambda_978dc153c237d78434369da87b74ff60>@@AAV<lambda_ad1ced32f4ac17aa236e5ef05d6b3b7c>@@V<lambda_4a8533e2866a575feecb8298ce776b0d>@@@?$__crt_seh_guarded_call@X@@QAEX$$QAV<lambda_978dc153c237d78434369da87b74ff60>@@AAV<lambda_ad1ced32f4ac17aa236e5ef05d6b3b7c>@@$$QAV<lambda_4a8533e2866a575feecb8298ce776b0d>@@@Z 100106e1 f i libucrt:mbctype.obj
 0001:0000f724       ??$__acrt_lock_and_call@V<lambda_ad1ced32f4ac17aa236e5ef05d6b3b7c>@@@@YAXW4__acrt_lock_id@@$$QAV<lambda_ad1ced32f4ac17aa236e5ef05d6b3b7c>@@@Z 10010724 f i libucrt:mbctype.obj
 0001:0000fbbb       ___acrt_initialize_multibyte 10010bbb f   libucrt:mbctype.obj
 0001:0000fbd9       ___acrt_update_thread_multibyte_data 10010bd9 f   libucrt:mbctype.obj
 0001:0000fc7b       __setmbcp_nolock           10010c7b f   libucrt:mbctype.obj
 0001:0000fec5       __ismbblead                10010ec5 f   libucrt:ismbbyte.obj
 0001:0000fedd       ___acrt_initialize_command_line 10010edd f   libucrt:argv_data.obj
 0001:0000ff2d       ___dcrt_get_narrow_environment_from_os 10010f2d f   libucrt:get_environment_from_os.obj
 0001:0000ffb0       __recalloc                 10010fb0 f   libucrt:recalloc.obj
 0001:0000ffbb       __recalloc_base            10010fbb f   libucrt:recalloc.obj
 0001:00010028       ___acrt_initialize_heap    10011028 f   libucrt:heap_handle.obj
 0001:00010039       ___acrt_uninitialize_heap  10011039 f   libucrt:heap_handle.obj
 0001:00010043       ___acrt_execute_initializers 10011043 f   libucrt:shared_initialization.obj
 0001:000100c6       ___acrt_execute_uninitializers 100110c6 f   libucrt:shared_initialization.obj
 0001:00010113       ??$?RV<lambda_a048d3beccc847880fc8490e18b82769>@@AAV<lambda_ec61778202f4f5fc7e7711acc23c3bca>@@V<lambda_f7496a158712204296dd6628a163878e>@@@?$__crt_seh_guarded_call@P6AXH@Z@@QAEP6AXH@Z$$QAV<lambda_a048d3beccc847880fc8490e18b82769>@@AAV<lambda_ec61778202f4f5fc7e7711acc23c3bca>@@$$QAV<lambda_f7496a158712204296dd6628a163878e>@@@Z 10011113 f i libucrt:signal.obj
 0001:0001016d       ??$__acrt_lock_and_call@V<lambda_ec61778202f4f5fc7e7711acc23c3bca>@@@@YAP6AXH@ZW4__acrt_lock_id@@$$QAV<lambda_ec61778202f4f5fc7e7711acc23c3bca>@@@Z 1001116d f i libucrt:signal.obj
 0001:000101ff       ___acrt_get_sigabrt_handler 100111ff f   libucrt:signal.obj
 0001:00010216       ___acrt_initialize_signal_handlers 10011216 f   libucrt:signal.obj
 0001:00010251       ___fpecode                 10011251 f   libucrt:signal.obj
 0001:0001025a       _raise                     1001125a f   libucrt:signal.obj
 0001:00010462       ___acrt_has_user_matherr   10011462 f   libucrt:matherr.obj
 0001:0001047b       ___acrt_initialize_user_matherr 1001147b f   libucrt:matherr.obj
 0001:0001048f       ___acrt_invoke_user_matherr 1001148f f   libucrt:matherr.obj
 0001:000104d8       __query_new_mode           100114d8 f   libucrt:new_mode.obj
 0001:0001059a       ___acrt_DownlevelLocaleNameToLCID 1001159a f   libucrt:lcidtoname_downlevel.obj
 0001:000105c6       __fclose_nolock            100115c6 f   libucrt:fclose.obj
 0001:0001063c       _fclose                    1001163c f   libucrt:fclose.obj
 0001:000106bc       ??$?RV<lambda_61cee617f5178ae960314fd4d05640a0>@@AAV<lambda_6978c1fb23f02e42e1d9e99668cc68aa>@@V<lambda_9cd88cf8ad10232537feb2133f08c833>@@@?$__crt_seh_guarded_call@H@@QAEH$$QAV<lambda_61cee617f5178ae960314fd4d05640a0>@@AAV<lambda_6978c1fb23f02e42e1d9e99668cc68aa>@@$$QAV<lambda_9cd88cf8ad10232537feb2133f08c833>@@@Z 100116bc f i libucrt:commit.obj
 0001:00010754       ??$__acrt_lowio_lock_fh_and_call@V<lambda_6978c1fb23f02e42e1d9e99668cc68aa>@@@@YAHH$$QAV<lambda_6978c1fb23f02e42e1d9e99668cc68aa>@@@Z 10011754 f i libucrt:commit.obj
 0001:0001077c       __commit                   1001177c f   libucrt:commit.obj
 0001:00010d7b       __write                    10011d7b f   libucrt:write.obj
 0001:00010e66       __write_nolock             10011e66 f   libucrt:write.obj
 0001:00011072       ___acrt_lowio_create_handle_array 10012072 f   libucrt:osfinfo.obj
 0001:000110ec       ___acrt_lowio_destroy_handle_array 100120ec f   libucrt:osfinfo.obj
 0001:00011121       ___acrt_lowio_ensure_fh_exists 10012121 f   libucrt:osfinfo.obj
 0001:000111b9       ___acrt_lowio_lock_fh      100121b9 f   libucrt:osfinfo.obj
 0001:000111dc       ___acrt_lowio_unlock_fh    100121dc f   libucrt:osfinfo.obj
 0001:000111ff       __free_osfhnd              100121ff f   libucrt:osfinfo.obj
 0001:00011290       __get_osfhandle            10012290 f   libucrt:osfinfo.obj
 0001:000112fa       __isleadbyte_l             100122fa f i libucrt:_wctype.obj
 0001:00011550       ___acrt_LCMapStringA       10012550 f   libucrt:lcmapstringa.obj
 0001:0001159b       __freea_crt                1001259b f i libucrt:lcmapstringa.obj
 0001:000115bb       ___acrt_add_locale_ref     100125bb f   libucrt:locale_refcounting.obj
 0001:00011638       ___acrt_free_locale        10012638 f   libucrt:locale_refcounting.obj
 0001:00011782       ___acrt_locale_add_lc_time_reference 10012782 f   libucrt:locale_refcounting.obj
 0001:000117ab       ___acrt_locale_free_lc_time_if_unreferenced 100127ab f   libucrt:locale_refcounting.obj
 0001:000117db       ___acrt_locale_release_lc_time_reference 100127db f   libucrt:locale_refcounting.obj
 0001:00011804       ___acrt_release_locale_ref 10012804 f   libucrt:locale_refcounting.obj
 0001:00011885       ___acrt_update_thread_locale_data 10012885 f   libucrt:locale_refcounting.obj
 0001:000118fc       __updatetlocinfoEx_nolock  100128fc f   libucrt:locale_refcounting.obj
 0001:0001194c       ___acrt_fp_strflt_to_string 1001294c f   libucrt:_fptostr.obj
 0001:00011a08       ??0scoped_fp_state_reset@?A0x48fbfdd4@@QAE@XZ 10012a08 f i libucrt:cfout.obj
 0001:00011a32       ___acrt_fltout             10012a32 f   libucrt:cfout.obj
 0001:0001302c       ___acrt_stdio_flush_and_write_narrow_nolock 1001402c f   libucrt:_flsbuf.obj
 0001:00013037       __isatty                   10014037 f   libucrt:isatty.obj
 0001:0001308d       ___acrt_locale_free_monetary 1001408d f   libucrt:initmon.obj
 0001:0001318b       ___acrt_locale_free_numeric 1001418b f   libucrt:initnum.obj
 0001:00013230       ___acrt_locale_free_time   10014230 f   libucrt:inittime.obj
 0001:00013314       ___acrt_GetStringTypeA     10014314 f   libucrt:getstringtypea.obj
 0001:00013431       ___acrt_stdio_allocate_buffer_nolock 10014431 f   libucrt:_getbuf.obj
 0001:00013731       __getfpcontrolword         10014731 f   libucrt:_fenvutils.obj
 0001:00013774       __getfpstatusword          10014774 f   libucrt:_fenvutils.obj
 0001:0001381c       __setfpcontrolword         1001481c f   libucrt:_fenvutils.obj
 0001:0001389c       __setfpstatusword          1001489c f   libucrt:_fenvutils.obj
 0001:00013a00       _qsort                     10014a00 f   libucrt:qsort.obj
 0001:00013e4b       _strncpy_s                 10014e4b f   libucrt:strncpy_s.obj
 0001:00013e60       _strpbrk                   10014e60 f   libucrt:strpbrk.obj
 0001:00013ea0       __mbsdec                   10014ea0 f   libucrt:mbsdec.obj
 0001:00013eb7       __mbsdec_l                 10014eb7 f   libucrt:mbsdec.obj
 0001:00013f53       __msize                    10014f53 f   libucrt:msize.obj
 0001:00013f86       __realloc_base             10014f86 f   libucrt:realloc_base.obj
 0001:00013fef       ??$?RV<lambda_123407a5e2ac06da108355a851863b7a>@@AAV<lambda_2fe9b910cf3cbf4a0ab98a02ba45b3ec>@@V<lambda_ae55bdf541ad94d75914d381c370e64d>@@@?$__crt_seh_guarded_call@H@@QAEH$$QAV<lambda_123407a5e2ac06da108355a851863b7a>@@AAV<lambda_2fe9b910cf3cbf4a0ab98a02ba45b3ec>@@$$QAV<lambda_ae55bdf541ad94d75914d381c370e64d>@@@Z 10014fef f i libucrt:close.obj
 0001:00014071       ??$__acrt_lowio_lock_fh_and_call@V<lambda_2fe9b910cf3cbf4a0ab98a02ba45b3ec>@@@@YAHH$$QAV<lambda_2fe9b910cf3cbf4a0ab98a02ba45b3ec>@@@Z 10015071 f i libucrt:close.obj
 0001:00014099       __close                    10015099 f   libucrt:close.obj
 0001:00014118       __close_nolock             10015118 f   libucrt:close.obj
 0001:000141b4       ?__acrt_stdio_free_stream@@YAXV__crt_stdio_stream@@@Z 100151b4 f   libucrt:stream.obj
 0001:00014372       __lseeki64                 10015372 f   libucrt:lseek.obj
 0001:0001438d       __lseeki64_nolock          1001538d f   libucrt:lseek.obj
 0001:000143a8       __putwch_nolock            100153a8 f   libucrt:putwch.obj
 0001:000143ed       __query_app_type           100153ed f   libucrt:report_runtime_error.obj
 0001:000143f3       ___strncnt                 100153f3 f   libucrt:strncnt.obj
 0001:0001440f       _fegetenv                  1001540f f   libucrt:fegetenv.obj
 0001:0001442c       _fesetenv                  1001542c f   libucrt:fesetenv.obj
 0001:00014475       _feholdexcept              10015475 f   libucrt:feholdexcept.obj
 0001:000144d0       _log10                     100154d0 f   libucrt:log10.obj
 0001:00014510       __CIlog10                  10015510 f   libucrt:log10.obj
 0001:0001454b       __CIlog10_default          1001554b f   libucrt:log10.obj
 0001:0001455f       __log10_default            1001555f     libucrt:log10.obj
 0001:00014620       _ceil                      10015620 f   libucrt:ceil_pentium4.obj
 0001:00014660       __ceil_pentium4            10015660 f   libucrt:ceil_pentium4.obj
 0001:0001473d       ___dcrt_lowio_initialize_console_output 1001573d f   libucrt:initcon.obj
 0001:0001475c       ___dcrt_terminate_console_output 1001575c f   libucrt:initcon.obj
 0001:00014773       __clearfp                  10015773 f   libucrt:ieee87.obj
 0001:00014851       ___acrt_initialize_sse2    10015851 f   libucrt:mathfcns.obj
 0001:00014860       __CIlog10_pentium4         10015860 f   libucrt:log10_pentium4.obj
 0001:00014878       __log10_pentium4           10015878     libucrt:log10_pentium4.obj
 0001:00014b01       __fFEXP                    10015b01     libucrt:87tran.obj
 0001:00014b58       __rtinfpopse               10015b58     libucrt:87tran.obj
 0001:00014b5a       __rtinfnpopse              10015b5a     libucrt:87tran.obj
 0001:00014b6a       __fFLN                     10015b6a     libucrt:87tran.obj
 0001:00014c1f       __rtinfpop                 10015c1f     libucrt:87tran.obj
 0001:00014c21       __rtinfnpop                10015c21     libucrt:87tran.obj
 0001:00014c3e       __ffexpm1                  10015c3e     libucrt:87tran.obj
 0001:00014cf0       __trandisp1                10015cf0 f   libucrt:87disp.obj
 0001:00014d57       __trandisp2                10015d57 f   libucrt:87disp.obj
 0001:00014de3       __rttospopde               10015de3     libucrt:87disp.obj
 0001:00014de8       __rttospop                 10015de8     libucrt:87disp.obj
 0001:00014dea       __rtnospop                 10015dea     libucrt:87disp.obj
 0001:00014dec       __rttosnpop                10015dec     libucrt:87disp.obj
 0001:00014ded       __rtnospopde               10015ded     libucrt:87disp.obj
 0001:00014df4       __rtzeropop                10015df4     libucrt:87disp.obj
 0001:00014df6       __rtzeronpop               10015df6     libucrt:87disp.obj
 0001:00014dfb       __rtzerospop               10015dfb     libucrt:87disp.obj
 0001:00014e08       __rtonepop                 10015e08     libucrt:87disp.obj
 0001:00014e0a       __rtonenpop                10015e0a     libucrt:87disp.obj
 0001:00014e0f       __tosnan1                  10015e0f     libucrt:87disp.obj
 0001:00014e3a       __nosnan2                  10015e3a     libucrt:87disp.obj
 0001:00014e3c       __tosnan2                  10015e3c     libucrt:87disp.obj
 0001:00014e64       __nan2                     10015e64     libucrt:87disp.obj
 0001:00014ea3       __rtindfpop                10015ea3     libucrt:87disp.obj
 0001:00014ea5       __rtindfnpop               10015ea5     libucrt:87disp.obj
 0001:00014eb6       __rttosnpopde              10015eb6     libucrt:87disp.obj
 0001:00014ec0       __rtatan2inf               10015ec0     libucrt:87disp.obj
 0001:00014edd       __rtchsifneg               10015edd     libucrt:87disp.obj
 0001:00014ef0       __twoToTOS                 10015ef0 f   libucrt:common.obj
 0001:00014f05       __load_CW                  10015f05 f   libucrt:common.obj
 0001:00014f1c       __convertTOStoQNaN         10015f1c f   libucrt:common.obj
 0001:00014f35       __fload_withFB             10015f35 f   libucrt:common.obj
 0001:00014f78       __checkTOS_withFB          10015f78 f   libucrt:common.obj
 0001:00014f8e       __fast_exit                10015f8e f   libucrt:common.obj
 0001:00014f9b       __math_exit                10015f9b f   libucrt:common.obj
 0001:00014fc5       __check_overflow_exit      10015fc5 f   libucrt:common.obj
 0001:00014fd9       __check_range_exit         10015fd9 f   libucrt:common.obj
 0001:00015080       __startTwoArgErrorHandling 10016080 f   libucrt:genexcep.obj
 0001:00015097       __startOneArgErrorHandling 10016097 f   libucrt:genexcep.obj
 0001:000150d3       ___libm_error_support      100160d3 f   libucrt:libm_error.obj
 0001:000152eb       __ceil_default             100162eb f   libucrt:ceil.obj
 0001:000153b0       ___ascii_strnicmp          100163b0 f   libucrt:_strnicm.obj
 0001:00015411       __clrfp                    10016411 f   libucrt:fpctrl.obj
 0001:00015424       __ctrlfp                   10016424 f   libucrt:fpctrl.obj
 0001:00015450       __set_statfp               10016450 f   libucrt:fpctrl.obj
 0001:000154ab       __statfp                   100164ab f   libucrt:fpctrl.obj
 0001:000154bd       __d_inttype                100164bd f   libucrt:powhlp.obj
 0001:00015527       __powhlp                   10016527 f   libucrt:powhlp.obj
 0001:00015652       __87except                 10016652 f   libucrt:87except.obj
 0001:0001575d       __frnd                     1001675d f   libucrt:frnd.obj
 0001:00015773       __errcode                  10016773 f   libucrt:fpexcept.obj
[...]
 0002:00004af0       _S                         1001daf0     libucrt:ceil_pentium4.obj
 0002:00004b00       _NegZero                   1001db00     libucrt:ceil_pentium4.obj
 0002:00004b20       emask                      1001db20     libucrt:log10_pentium4.obj
 0002:00004b30       CC                         1001db30     libucrt:log10_pentium4.obj
 0002:00004b40       Magic                      1001db40     libucrt:log10_pentium4.obj
 0002:00004b50       hi_mask                    1001db50     libucrt:log10_pentium4.obj
 0002:00004b60       LOG10_2                    1001db60     libucrt:log10_pentium4.obj
 0002:00004b70       place_L                    1001db70     libucrt:log10_pentium4.obj
 0002:00004b90       One                        1001db90     libucrt:log10_pentium4.obj
 0002:00004ba0       Zero                       1001dba0     libucrt:log10_pentium4.obj
 0002:00004bb0       Two52                      1001dbb0     libucrt:log10_pentium4.obj
 0002:00004bc0       Infs                       1001dbc0     libucrt:log10_pentium4.obj
 0002:00004bd0       NaN                        1001dbd0     libucrt:log10_pentium4.obj
 0002:00004be0       coeff                      1001dbe0     libucrt:log10_pentium4.obj
 0002:00004c3e       _log2max                   1001dc3e     libucrt:87tran.obj
 0002:00004c48       _smallarg                  1001dc48     libucrt:87tran.obj
 0002:00004c52       _half                      1001dc52     libucrt:87tran.obj
 0002:00004c9e       One                        1001dc9e     libucrt:87disp.obj
 0002:00004ca6       Three                      1001dca6     libucrt:87disp.obj
 0002:00004cae       XAMtoTagTab                1001dcae     libucrt:87disp.obj
 0002:00004cc0       One                        1001dcc0     libucrt:common.obj
 0002:00004cd4       DblMax                     1001dcd4     libucrt:common.obj
 0002:00004cdc       DblMin                     1001dcdc     libucrt:common.obj
 0002:00004ce4       IeeeAdjO                   1001dce4     libucrt:common.obj
 0002:00004cec       IeeeAdjU                   1001dcec     libucrt:common.obj
 0002:00004cf4       _infinity                  1001dcf4     libucrt:common.obj
 0002:00004cfc       _zero                      1001dcfc     libucrt:common.obj
 0002:00004d30       _over                      1001dd30     libucrt:fpctrl.obj
 0002:00004d3c       _under                     1001dd3c     libucrt:fpctrl.obj
 0002:00005608       ?_names@?1??_get_fname@@9@9 1001e608     libucrt:fpexcept.obj
 0002:00005970       _Int32ToUInt32             1001e970     LIBCMT:_ftol3_.obj
 0002:00005978       _DP2to32                   1001e978     LIBCMT:_ftol3_.obj
 0002:00005980       _MantissaMask              1001e980     LIBCMT:_ftol3_.obj
 0002:00005988       _IntegerBit                1001e988     LIBCMT:_ftol3_.obj
 0002:00005990       _SignBit64                 1001e990     LIBCMT:_ftol3_.obj
 0002:00005998       _MinFP64                   1001e998     LIBCMT:_ftol3_.obj
 0002:000059a0       _MinInt64                  1001e9a0     LIBCMT:_ftol3_.obj
 0002:000059a8       _MaxInt64                  1001e9a8     LIBCMT:_ftol3_.obj
 0002:000059b0       _MaxUInt64                 1001e9b0     LIBCMT:_ftol3_.obj
 0002:000059b8       _MaxFP32                   1001e9b8     LIBCMT:_ftol3_.obj
 0002:000059c0       _MinFP32                   1001e9c0     LIBCMT:_ftol3_.obj
 0002:000059c8       _MinSubInexact             1001e9c8     LIBCMT:_ftol3_.obj
 0002:000059d0       _FpExcptTable              1001e9d0     LIBCMT:_ftol3_.obj
 0002:000059e0       _i1075                     1001e9e0     LIBCMT:_ftol3_.obj
 0002:000059e4       _i1087                     1001e9e4     LIBCMT:_ftol3_.obj
 0002:000059e8       _x0800                     1001e9e8     LIBCMT:_ftol3_.obj
 0002:000059ec       _x17FF                     1001e9ec     LIBCMT:_ftol3_.obj
 0002:000059f0       _CWMask                    1001e9f0     LIBCMT:_ftol3_.obj
 0002:00005a00       emask                      1001ea00     libucrt:log_sse2_precise.obj
 0002:00005a10       Magic                      1001ea10     libucrt:log_sse2_precise.obj
 0002:00005a20       hi_mask                    1001ea20     libucrt:log_sse2_precise.obj
 0002:00005a30       LOG_2                      1001ea30     libucrt:log_sse2_precise.obj
 0002:00005a40       place_L                    1001ea40     libucrt:log_sse2_precise.obj
 0002:00005a60       One                        1001ea60     libucrt:log_sse2_precise.obj
 0002:00005a70       Zero                       1001ea70     libucrt:log_sse2_precise.obj
 0002:00005a80       Two52                      1001ea80     libucrt:log_sse2_precise.obj
 0002:00005a90       Infs                       1001ea90     libucrt:log_sse2_precise.obj
 0002:00005aa0       NaN                        1001eaa0     libucrt:log_sse2_precise.obj
 0002:00005ab0       coeff                      1001eab0     libucrt:log_sse2_precise.obj
 0002:00005ae0       _One                       1001eae0     libucrt:floor_pentium4.obj
 0002:00005af0       _Bns                       1001eaf0     libucrt:floor_pentium4.obj
 0002:00005b00       _NegOne                    1001eb00     libucrt:floor_pentium4.obj
 0002:00005b10       _NegZero                   1001eb10     libucrt:floor_pentium4.obj
 0002:00005b20       _S                         1001eb20     libucrt:floor_pentium4.obj
 0002:00005b30       LOG_name                   1001eb30     libucrt:log.obj
 0002:00006360       _NAME_                     1001f360     libucrt:sqrt.obj
 0002:00006370       emask                      1001f370     libucrt:log_pentium4.obj
 0002:00006380       Magic                      1001f380     libucrt:log_pentium4.obj
 0002:00006390       hi_mask                    1001f390     libucrt:log_pentium4.obj
 0002:000063a0       LOG_2                      1001f3a0     libucrt:log_pentium4.obj
 0002:000063b0       place_L                    1001f3b0     libucrt:log_pentium4.obj
 0002:000063d0       One                        1001f3d0     libucrt:log_pentium4.obj
 0002:000063e0       Zero                       1001f3e0     libucrt:log_pentium4.obj
 0002:000063f0       Two52                      1001f3f0     libucrt:log_pentium4.obj
 0002:00006400       Infs                       1001f400     libucrt:log_pentium4.obj
 0002:00006410       NaN                        1001f410     libucrt:log_pentium4.obj
 0002:00006420       coeff                      1001f420     libucrt:log_pentium4.obj
 0002:00006ab8       __sehtable$?dllmain_crt_process_attach@@YAHQAUHINSTANCE__@@QAX@Z 1001fab8     LIBCMT:dll_dllmain.obj
 0002:00006ad8       __sehtable$?dllmain_crt_process_detach@@YAH_N@Z 1001fad8     LIBCMT:dll_dllmain.obj
 0002:00006af8       __sehtable$?dllmain_dispatch@@YAHQAUHINSTANCE__@@KQAX@Z 1001faf8     LIBCMT:dll_dllmain.obj
 0002:00006ba8       __sehtable$___scrt_is_nonwritable_in_current_image 1001fba8     LIBCMT:utility.obj
 0002:00006c58       __sehtable$??$?RV<lambda_db08b09ef7aa9d4f8620ce68402612bc>@@AAV<lambda_4f2c1eaeead2a5fc776db5b62ea0fb9b>@@V<lambda_3ae262bc35d4ba6a3825c4f6bcaaf95c>@@@?$__crt_seh_guarded_call@H@@QAEH$$QAV<lambda_db08b09ef7aa9d4f8620ce68402612bc>@@AAV<lambda_4f2c1eaeead2a5fc776db5b62ea0fb9b>@@$$QAV<lambda_3ae262bc35d4ba6a3825c4f6bcaaf95c>@@@Z 1001fc58     libucrt:output.obj
 0002:00006c78       __sehtable$__query_new_handler 1001fc78     libucrt:new_handler.obj
 0002:00006c98       __sehtable$?common_exit@@YAXHW4_crt_exit_cleanup_mode@@W4_crt_exit_return_mode@@@Z 1001fc98     libucrt:exit.obj
 0002:00006cc0       __sehtable$??$?RV<lambda_800076c951b434888f4765a74a194fcc>@@AAV<lambda_4e60a939b0d047cfe11ddc22648dfba9>@@V<lambda_6dbb1268764f43b569ce7b67e331d33a>@@@?$__crt_seh_guarded_call@H@@QAEH$$QAV<lambda_800076c951b434888f4765a74a194fcc>@@AAV<lambda_4e60a939b0d047cfe11ddc22648dfba9>@@$$QAV<lambda_6dbb1268764f43b569ce7b67e331d33a>@@@Z 1001fcc0     libucrt:onexit.obj
 0002:00006ce0       __sehtable$??$?RV<lambda_995298e7d72eb4c2aab26c0585b3abe5>@@AAV<lambda_275893d493268fdec8709772e3fcec0e>@@V<lambda_293819299cbf9a7022e18b56a874bb5c>@@@?$__crt_seh_guarded_call@H@@QAEH$$QAV<lambda_995298e7d72eb4c2aab26c0585b3abe5>@@AAV<lambda_275893d493268fdec8709772e3fcec0e>@@$$QAV<lambda_293819299cbf9a7022e18b56a874bb5c>@@@Z 1001fce0     libucrt:onexit.obj
 0002:00006d00       __sehtable$_terminate      1001fd00     libucrt:terminate.obj
 0002:00006d20       __sehtable$__fcloseall     1001fd20     libucrt:closeall.obj
 0002:00006d40       __sehtable$_common_flush_all 1001fd40     libucrt:fflush.obj
 0002:00006d68       __sehtable$___acrt_initialize_lowio 1001fd68     libucrt:ioinit.obj
 0002:00006d88       __sehtable$??$?RV<lambda_9df27f884b057bc3edfc946cb5b7cf47>@@AAV<lambda_e69574bed617af4e071282c136b37893>@@V<lambda_cc0d902bcbbeb830f749456577db4721>@@@?$__crt_seh_guarded_call@X@@QAEX$$QAV<lambda_9df27f884b057bc3edfc946cb5b7cf47>@@AAV<lambda_e69574bed617af4e071282c136b37893>@@$$QAV<lambda_cc0d902bcbbeb830f749456577db4721>@@@Z 1001fd88     libucrt:per_thread_data.obj
 0002:00006da8       __sehtable$??$?RV<lambda_3518db117f0e7cdb002338c5d3c47b6c>@@AAV<lambda_b2ea41f6bbb362cd97d94c6828d90b61>@@V<lambda_abdedf541bb04549bc734292b4a045d4>@@@?$__crt_seh_guarded_call@X@@QAEX$$QAV<lambda_3518db117f0e7cdb002338c5d3c47b6c>@@AAV<lambda_b2ea41f6bbb362cd97d94c6828d90b61>@@$$QAV<lambda_abdedf541bb04549bc734292b4a045d4>@@@Z 1001fda8     libucrt:per_thread_data.obj
 0002:00006dc8       __sehtable$??$?RV<lambda_51b6e8b1eb166f2a3faf91f424b38130>@@AAV<lambda_6250bd4b2a391816dd638c3bf72b0bcb>@@V<lambda_0b5a4a3e68152e1d9b943535f5f47bed>@@@?$__crt_seh_guarded_call@X@@QAEX$$QAV<lambda_51b6e8b1eb166f2a3faf91f424b38130>@@AAV<lambda_6250bd4b2a391816dd638c3bf72b0bcb>@@$$QAV<lambda_0b5a4a3e68152e1d9b943535f5f47bed>@@@Z 1001fdc8     libucrt:per_thread_data.obj
 0002:00006de8       __sehtable$??$?RV<lambda_5b71d36f03204c0beab531769a5b5694>@@AAV<lambda_be2b3da3f62db62e9dad5dc70221a656>@@V<lambda_8f9ce462984622f9bf76b59e2aaaf805>@@@?$__crt_seh_guarded_call@X@@QAEX$$QAV<lambda_5b71d36f03204c0beab531769a5b5694>@@AAV<lambda_be2b3da3f62db62e9dad5dc70221a656>@@$$QAV<lambda_8f9ce462984622f9bf76b59e2aaaf805>@@@Z 1001fde8     libucrt:per_thread_data.obj
 0002:00006e08       __sehtable$___acrt_uninitialize_locale 1001fe08     libucrt:wsetlocale.obj
 0002:00006e28       __sehtable$___acrt_update_thread_multibyte_data 1001fe28     libucrt:mbctype.obj
 0002:00006e48       __sehtable$??$?RV<lambda_978dc153c237d78434369da87b74ff60>@@AAV<lambda_ad1ced32f4ac17aa236e5ef05d6b3b7c>@@V<lambda_4a8533e2866a575feecb8298ce776b0d>@@@?$__crt_seh_guarded_call@X@@QAEX$$QAV<lambda_978dc153c237d78434369da87b74ff60>@@AAV<lambda_ad1ced32f4ac17aa236e5ef05d6b3b7c>@@$$QAV<lambda_4a8533e2866a575feecb8298ce776b0d>@@@Z 1001fe48     libucrt:mbctype.obj
 0002:00006e68       __sehtable$_raise          1001fe68     libucrt:signal.obj
 0002:00006e88       __sehtable$??$?RV<lambda_a048d3beccc847880fc8490e18b82769>@@AAV<lambda_ec61778202f4f5fc7e7711acc23c3bca>@@V<lambda_f7496a158712204296dd6628a163878e>@@@?$__crt_seh_guarded_call@P6AXH@Z@@QAEP6AXH@Z$$QAV<lambda_a048d3beccc847880fc8490e18b82769>@@AAV<lambda_ec61778202f4f5fc7e7711acc23c3bca>@@$$QAV<lambda_f7496a158712204296dd6628a163878e>@@@Z 1001fe88     libucrt:signal.obj
 0002:00006ea8       __sehtable$_fclose         1001fea8     libucrt:fclose.obj
 0002:00006ec8       __sehtable$??$?RV<lambda_61cee617f5178ae960314fd4d05640a0>@@AAV<lambda_6978c1fb23f02e42e1d9e99668cc68aa>@@V<lambda_9cd88cf8ad10232537feb2133f08c833>@@@?$__crt_seh_guarded_call@H@@QAEH$$QAV<lambda_61cee617f5178ae960314fd4d05640a0>@@AAV<lambda_6978c1fb23f02e42e1d9e99668cc68aa>@@$$QAV<lambda_9cd88cf8ad10232537feb2133f08c833>@@@Z 1001fec8     libucrt:commit.obj
 0002:00006ee8       __sehtable$__write         1001fee8     libucrt:write.obj
 0002:00006f08       __sehtable$___acrt_lowio_ensure_fh_exists 1001ff08     libucrt:osfinfo.obj
 0002:00006f28       __sehtable$___acrt_update_thread_locale_data 1001ff28     libucrt:locale_refcounting.obj
 0002:00006f48       __sehtable$??$?RV<lambda_123407a5e2ac06da108355a851863b7a>@@AAV<lambda_2fe9b910cf3cbf4a0ab98a02ba45b3ec>@@V<lambda_ae55bdf541ad94d75914d381c370e64d>@@@?$__crt_seh_guarded_call@H@@QAEH$$QAV<lambda_123407a5e2ac06da108355a851863b7a>@@AAV<lambda_2fe9b910cf3cbf4a0ab98a02ba45b3ec>@@$$QAV<lambda_ae55bdf541ad94d75914d381c370e64d>@@@Z 1001ff48     libucrt:close.obj
 0002:00006f68       __sehtable$??$common_lseek@_J@@YA_JH_JH@Z 1001ff68     libucrt:lseek.obj
 0002:00006f88       __sehtable$__IsNonwritableInCurrentImage 1001ff88     LIBCMT:pesect.obj
 0002:00007a00       .edata                     10020a00     nodeprime.exp
 0002:00007a28       rgpv                       10020a28     nodeprime.exp
 0002:00007a2c       rgszName                   10020a2c     nodeprime.exp
 0002:00007a30       rgwOrd                     10020a30     nodeprime.exp
 0002:00007a32       szName                     10020a32     nodeprime.exp
 0002:00007a41       $N00001                    10020a41     nodeprime.exp
 0002:00007ba8       .idata$6                   10020ba8     kernel32:KERNEL32.dll
 0003:00000020       ?__vcrt_flsindex@@3KA      10022020     libvcruntime:per_thread_data.obj
 0003:000000ec       _errno_no_memory           100220ec     libucrt:errno.obj
 0003:000000f0       _doserrno_no_memory        100220f0     libucrt:errno.obj
 0003:00000128       ___acrt_flsindex           10022128     libucrt:per_thread_data.obj
 0003:000001f4       ___rgctypeflag             100221f4     libucrt:mbctype.obj
 0003:000001f8       ___rgcode_page_info        100221f8     libucrt:mbctype.obj
 0003:00000790       __module                   10022790     addon.obj
 0003:00000964       ?__proc_attached@@3HA      10022964     LIBCMT:dll_dllmain.obj
 0003:00000968       _GS_ExceptionRecord        10022968     LIBCMT:gs_report.obj
 0003:000009b8       _GS_ContextRecord          100229b8     LIBCMT:gs_report.obj
 0003:00000c8c       ?module_local_atexit_table@@3U_onexit_table_t@@A 10022c8c     LIBCMT:utility.obj
 0003:00000c98       ?module_local_at_quick_exit_table@@3U_onexit_table_t@@A 10022c98     LIBCMT:utility.obj
 0003:00000ca4       ?is_initialized_as_dll@@3_NA 10022ca4     LIBCMT:utility.obj
 0003:00000cc0       ?__vcrt_startup_thread_ptd@@3U__vcrt_ptd@@A 10022cc0     libvcruntime:per_thread_data.obj
 0003:00000ce8       ___vcrt_lock_table         10022ce8     libvcruntime:locks.obj
 0003:00000d00       ___vcrt_locks_initialized  10022d00     libvcruntime:locks.obj
 0003:00000d04       ?module_handles@@3PAPAUHINSTANCE__@@A 10022d04     libvcruntime:winapi_downlevel.obj
 0003:00000d14       ?encoded_function_pointers@@3PAPAXA 10022d14     libvcruntime:winapi_downlevel.obj
 0003:00000d60       ?heap@@3V_HeapManager@@A   10022d60     libvcruntime:undname.obj
 0003:00000d80       ___acrt_invalid_parameter_handler 10022d80     libucrt:invalid_parameter.obj
 0003:00000d84       ___acrt_new_handler        10022d84     libucrt:new_handler.obj
 0003:00000d88       _c_termination_complete    10022d88     libucrt:exit.obj
 0003:00000d8c       _thread_local_exit_callback_func 10022d8c     libucrt:exit.obj
 0003:00000d90       ?c_exit_complete@?5??common_exit@@YAXHW4_crt_exit_cleanup_mode@@W4_crt_exit_return_mode@@@Z@4_NA 10022d90     libucrt:exit.obj
 0003:00000d98       ?program_name@?5???$common_configure_argv@D@@YAHW4_crt_argv_mode@@@Z@4PADA 10022d98     libucrt:argv_parsing.obj
 0003:00000ec8       _module_handles            10022ec8     libucrt:winapi_thunks.obj
 0003:00000f18       _encoded_function_pointers 10022f18     libucrt:winapi_thunks.obj
 0003:00000f98       ?state_cache@?1??__acrt_is_packaged_app@@9@4JA 10022f98     libucrt:winapi_thunks.obj
 0003:000011a4       _enable_percent_n          100231a4     libucrt:printf_count_output.obj
 0003:000011b8       ___acrt_lock_table         100231b8     libucrt:locks.obj
 0003:000012f0       ___acrt_locks_initialized  100232f0     libucrt:locks.obj
 0003:0000130c       _fSystemSet                1002330c     libucrt:mbctype.obj
 0003:00001310       ?initialized@?1??__acrt_initialize_multibyte@@9@4_NA 10023310     libucrt:mbctype.obj
 0003:00001330       _ctrlc_action              10023330     libucrt:signal.obj
 0003:00001334       _ctrlbreak_action          10023334     libucrt:signal.obj
 0003:00001338       _abort_action              10023338     libucrt:signal.obj
 0003:0000133c       _term_action               1002333c     libucrt:signal.obj
 0003:00001340       _user_matherr              10023340     libucrt:matherr.obj
 0003:00001344       ___acrt_global_new_mode    10023344     libucrt:new_mode.obj
 0003:00001350       ___acrt_app_type           10023350     libucrt:report_runtime_error.obj
 0003:00001358       __pmatherr_set             10023358     libucrt:libm_error.obj
 0004:00000000       __guard_fids____dcrt_uninitialize_environments_nolock 10024000     libucrt:environment_initialization.obj
 0004:00000008       __guard_fids__             10024008     libucrt:initialization.obj
 0004:00000068       __guard_fids__             10024068     libucrt:stdio_initializer.obj
 0004:0000006c       __guard_fids__             1002406c     libucrt:stdio_initializer.obj
 0004:00000070       __guard_fids____acrt_initialize_ptd 10024070     libucrt:per_thread_data.obj
 0004:00000074       __guard_fids_??$expand_argument_wildcards@D@@YAHQAD0AAV?$argument_list@D@?A0xb0e4b824@@@Z 10024074     libucrt:argv_wildcards.obj
 0004:00000078       __guard_fids__             10024078     libucrt:locale_initializer.obj
 0004:0000007c       __guard_fids__             1002407c     libucrt:multibyte_initializer.obj
 0004:00000080       __guard_fids____libm_error_support 10024080     libucrt:libm_error.obj
 0004:00000084       __guard_fids__             10024084     libucrt:console_output_initializer.obj
 0004:00000088       __guard_fids__             10024088     libucrt:sse2_initializer.obj
 0004:0000008c       __guard_fids__             1002408c     LIBCMT:std_type_info_static.obj
 0004:00000090       __guard_fids_?dllmain_crt_process_attach@@YAHQAUHINSTANCE__@@QAX@Z 10024090     LIBCMT:dll_dllmain.obj
 0004:00000098       __guard_fids_?dllmain_dispatch@@YAHQAUHINSTANCE__@@KQAX@Z 10024098     LIBCMT:dll_dllmain.obj
 0004:0000009c       __guard_fids__             1002409c     LIBCMT:throw_bad_alloc.obj
 0004:000000a4       __guard_fids__             100240a4     LIBCMT:throw_bad_alloc.obj
 0004:000000ac       __guard_fids__             100240ac     LIBCMT:throw_bad_alloc.obj
 0004:000000b4       __guard_fids__             100240b4     LIBCMT:throw_bad_alloc.obj
 0004:000000b8       __guard_fids__             100240b8     LIBCMT:throw_bad_alloc.obj
 0004:000000bc       __guard_fids__             100240bc     LIBCMT:throw_bad_alloc.obj
 0004:000000c0       __guard_fids__             100240c0     LIBCMT:throw_bad_alloc.obj
 0004:000000c4       __guard_fids__             100240c4     LIBCMT:throw_bad_alloc.obj
 0004:000000c8       __guard_fids__             100240c8     LIBCMT:guard_support.obj
 0004:000000cc       __guard_fids__             100240cc     libcpmt:xthrow.obj
 0004:000000d4       __guard_fids__             100240d4     libcpmt:xthrow.obj
 0004:000000dc       __guard_fids__             100240dc     libcpmt:xthrow.obj
 0004:000000e0       __guard_fids__             100240e0     libcpmt:xthrow.obj
 0004:000000e4       __guard_fids__             100240e4     libcpmt:xthrow.obj
 0004:000000e8       __guard_fids__             100240e8     libcpmt:xthrow.obj
 0004:000000f0       __guard_fids__             100240f0     libcpmt:xthrow.obj
 0004:000000f4       __guard_fids__             100240f4     libcpmt:xthrow.obj
 0004:000000f8       __guard_fids____vcrt_initialize_ptd 100240f8     libvcruntime:per_thread_data.obj
 0005:00000060       $R000000                   10025060     * linker generated manifest res *

 Exports

  ordinal    name

        1    __register_addon_
               exported name: _register_addon_
