 rainfall

 Timestamp is 5a94a295 (Tue Feb 27 00:13:09 2018)

 Preferred load address is 0000000180000000

 Start         Length     Name                   Class
 0001:00000000 000001b0H .text$di                CODE
 0001:000001b0 00020b00H .text$mn                CODE
 0001:00020cb0 00000020H .text$mn$00             CODE
 0001:00020cd0 00000960H .text$x                 CODE
 0001:00021630 000001e2H .text$yd                CODE
 0002:00000000 000002c0H .idata$5                DATA
 0002:000002c0 00000010H .00cfg                  DATA
 0002:000002d0 00000008H .CRT$XCA                DATA
 0002:000002d8 00000048H .CRT$XCC                DATA
 0002:00000320 00000010H .CRT$XCL                DATA
 0002:00000330 00000020H .CRT$XCU                DATA
 0002:00000350 00000008H .CRT$XCZ                DATA
 0002:00000358 00000008H .CRT$XIA                DATA
 0002:00000360 00000030H .CRT$XIC                DATA
 0002:00000390 00000008H .CRT$XIZ                DATA
 0002:00000398 00000008H .CRT$XLA                DATA
 0002:000003a0 00000008H .CRT$XLZ                DATA
 0002:000003a8 00000008H .CRT$XPA                DATA
 0002:000003b0 00000008H .CRT$XPB                DATA
 0002:000003b8 00000010H .CRT$XPX                DATA
 0002:000003c8 00000008H .CRT$XPXA               DATA
 0002:000003d0 00000008H .CRT$XPZ                DATA
 0002:000003d8 00000008H .CRT$XTA                DATA
 0002:000003e0 00000010H .CRT$XTZ                DATA
 0002:000003f0 0000f9f8H .rdata                  DATA
 0002:0000fde8 00000028H .rdata$T                DATA
 0002:0000fe10 000010bcH .rdata$r                DATA
 0002:00010ecc 000004ccH .rdata$zzzdbg           DATA
 0002:00011398 00000008H .rtc$IAA                DATA
 0002:000113a0 00000008H .rtc$IZZ                DATA
 0002:000113a8 00000008H .rtc$TAA                DATA
 0002:000113b0 00000010H .rtc$TZZ                DATA
 0002:000113c0 00002708H .xdata                  DATA
 0002:00013ac8 000002a4H .xdata$x                DATA
 0002:00013d6c 00000020H .didat$2                DATA
 0002:00013d8c 00000024H .didat$3                DATA
 0002:00013db0 000000e8H .didat$4                DATA
 0002:00013e98 00000668H .didat$6                DATA
 0002:00014500 000000f0H .didat$7                DATA
 0002:000145f0 00000054H .edata                  DATA
 0002:00014644 00000014H .idata$2                DATA
 0002:00014658 00000018H .idata$3                DATA
 0002:00014670 000002c0H .idata$4                DATA
 0002:00014930 00000648H .idata$6                DATA
 0003:00000000 00000c60H .data                   DATA
 0003:00000c60 00000660H .data$r                 DATA
 0003:000012c0 000000f0H .didat$5                DATA
 0003:000013b0 00001f74H .bss                    DATA
 0004:00000000 000020b8H .pdata                  DATA
 0005:00000000 000000b4H .gfids$x                DATA
 0005:000000b4 0000023cH .gfids$y                DATA
 0006:00000000 00000004H .tls                    DATA
 0006:00000004 00000004H .tls$                   DATA
 0006:00000008 00000001H .tls$ZZZ                DATA
 0007:00000000 00000060H .rsrc$01                DATA
 0007:00000060 00000180H .rsrc$02                DATA

  Address         Publics by Value              Rva+Base               Lib:Object

 0000:00000000       __guard_iat_count          0000000000000000     <absolute>
 0000:00000000       __dynamic_value_reloc_table 0000000000000000     <absolute>
 0000:00000000       __guard_iat_table          0000000000000000     <absolute>
 0000:00000000       __guard_longjmp_table      0000000000000000     <absolute>
 0000:00000000       __guard_longjmp_count      0000000000000000     <absolute>
 0000:00000000       __guard_fids_count         0000000000000000     <absolute>
 0000:00000000       ___safe_se_handler_table   0000000000000000     <absolute>
 0000:00000000       ___safe_se_handler_count   0000000000000000     <absolute>
 0000:00000000       __guard_fids_table         0000000000000000     <absolute>
 0000:00000100       __guard_flags              0000000000000100     <absolute>
 0000:00000000       __ImageBase                0000000180000000     <linker-defined>
 0001:000001b0       ?_Deallocate@std@@YAXPEAX_K1@Z 00000001800011b0 f i rainfall.obj
 0001:00000220       ?calc_rain_stats@@YA?AVrain_result@@AEAVlocation@@@Z 0000000180001220 f   rainfall.obj
 0001:000003d0       ??1?$basic_string@DU?$char_traits@D@std@@V?$allocator@D@2@@std@@QEAA@XZ 00000001800013d0 f i rainfall.obj
 0001:00000460       ??0?$basic_string@DU?$char_traits@D@std@@V?$allocator@D@2@@std@@QEAA@$$QEAV01@@Z 0000000180001460 f i rainfall.obj
 0001:00000500       ?_Assign_rv@?$basic_string@DU?$char_traits@D@std@@V?$allocator@D@2@@std@@QEAAX$$QEAV12@@Z 0000000180001500 f i rainfall.obj
 0001:00000580       ?_Xlen@?$basic_string@DU?$char_traits@D@std@@V?$allocator@D@2@@std@@QEBAXXZ 0000000180001580 f i rainfall.obj
 0001:000005a0       ?erase@?$basic_string@DU?$char_traits@D@std@@V?$allocator@D@2@@std@@QEAAAEAV12@_K0@Z 00000001800015a0 f i rainfall.obj
 0001:00000670       ?_Copy@?$basic_string@DU?$char_traits@D@std@@V?$allocator@D@2@@std@@QEAAX_K0@Z 0000000180001670 f i rainfall.obj
 0001:000007f0       ??$_Sort_unchecked1@PEAVsample@@_JU?$less@X@std@@@std@@YAXPEAVsample@@0_JAEAU?$less@X@0@@Z 00000001800017f0 f i rainfall.obj
 0001:00000960       ??$_Partition_by_median_guess_unchecked@PEAVsample@@U?$less@X@std@@@std@@YA?AU?$pair@PEAVsample@@PEAV1@@0@PEAVsample@@0AEAU?$less@X@0@@Z 0000000180001960 f i rainfall.obj
 0001:00000e20       ??$_Make_heap_unchecked@PEAVsample@@U?$less@X@std@@@std@@YAXPEAVsample@@0AEAU?$less@X@0@@Z 0000000180001e20 f i rainfall.obj
 0001:00000fb0       ??$_Sort_heap_unchecked@PEAVsample@@U?$less@X@std@@@std@@YAXPEAVsample@@0AEAU?$less@X@0@@Z 0000000180001fb0 f i rainfall.obj
 0001:00001180       ??$_Insertion_sort_unchecked@PEAVsample@@U?$less@X@std@@@std@@YAXPEAVsample@@0AEAU?$less@X@0@@Z 0000000180002180 f i rainfall.obj
 0001:00001500       ??1sample@@QEAA@XZ         0000000180002500 f i rainfall.obj
 0001:00001510       ??4?$basic_string@DU?$char_traits@D@std@@V?$allocator@D@2@@std@@QEAAAEAV01@$$QEAV01@@Z 0000000180002510 f i rainfall.obj
 0001:000015c0       ??$_Guess_median_unchecked@PEAVsample@@U?$less@X@std@@@std@@YAXPEAVsample@@00AEAU?$less@X@0@@Z 00000001800025c0 f i rainfall.obj
 0001:000017d0       ??$_Pop_heap_hole_by_index@PEAVsample@@_JV1@U?$less@X@std@@@std@@YAXPEAVsample@@_J1$$QEAV1@AEAU?$less@X@0@@Z 00000001800027d0 f i rainfall.obj
 0001:000019b0       ??$swap@Vsample@@X@std@@YAXAEAVsample@@0@Z 00000001800029b0 f i rainfall.obj
 0001:00001a50       ??$_Push_heap_by_index@PEAVsample@@_JV1@U?$less@X@std@@@std@@YAXPEAVsample@@_J1$$QEAV1@AEAU?$less@X@0@@Z 0000000180002a50 f i rainfall.obj
 0001:00001bf0       ??$_Move_backward_unchecked1@PEAVsample@@PEAV1@@std@@YAPEAVsample@@PEAV1@00U_General_ptr_iterator_tag@0@@Z 0000000180002bf0 f i rainfall.obj
 0001:00001d50       ?what@exception@stdext@@UEBAPEBDXZ 0000000180002d50 f i rainfall_node.obj
 0001:00001d70       ?_Raise@exception@stdext@@QEBAXXZ 0000000180002d70 f i rainfall_node.obj
 0001:00001db0       __except_validate_context_record 0000000180002db0 f i libvcruntime:jbcxrval.obj
 0001:00001db0       ?_Doraise@exception@stdext@@MEBAXXZ 0000000180002db0 f i rainfall_node.obj
 0001:00001db0       ??3@YAXPEAX0@Z             0000000180002db0 f i rainfall_node.obj
 0001:00001db0       ?imbue@?$basic_streambuf@DU?$char_traits@D@std@@@std@@MEAAXAEBVlocale@2@@Z 0000000180002db0 f i libcpmt:cerr.obj
 0001:00001db0       ?_Lock@?$basic_streambuf@DU?$char_traits@D@std@@@std@@UEAAXXZ 0000000180002db0 f i libcpmt:cerr.obj
 0001:00001db0       _guard_check_icall_nop     0000000180002db0 f i LIBCMT:guard_support.obj
 0001:00001db0       ?_Unlock@?$basic_streambuf@DU?$char_traits@D@std@@@std@@UEAAXXZ 0000000180002db0 f i libcpmt:cerr.obj
 0001:00001dc0       ??_Eexception@stdext@@UEAAPEAXI@Z 0000000180002dc0 f i * CIL library *:* CIL module *
 0001:00001dc0       ??_Eruntime_error@std@@UEAAPEAXI@Z 0000000180002dc0 f i * CIL library *:* CIL module *
 0001:00001dc0       ??_Gexception@stdext@@UEAAPEAXI@Z 0000000180002dc0 f i rainfall_node.obj
 0001:00001dc0       ??_Gruntime_error@std@@UEAAPEAXI@Z 0000000180002dc0 f i rainfall_node.obj
 0001:00001df0       ??1failure@ios_base@std@@UEAA@XZ 0000000180002df0 f i rainfall_node.obj
 0001:00001df0       ??1runtime_error@std@@UEAA@XZ 0000000180002df0 f i rainfall_node.obj
 0001:00001e00       ?NODE_SET_METHOD@node@@YAXV?$Local@VObject@v8@@@v8@@PEBDP6AXAEBV?$FunctionCallbackInfo@VValue@v8@@@3@@Z@Z 0000000180002e00 f i rainfall_node.obj
 0001:00001ee0       ??0_Locinfo@std@@QEAA@PEBD@Z 0000000180002ee0 f i rainfall_node.obj
 0001:00001f80       ??1_Locinfo@std@@QEAA@XZ   0000000180002f80 f i rainfall_node.obj
 0001:00002020       ??_G_Facet_base@std@@UEAAPEAXI@Z 0000000180003020 f i rainfall_node.obj
 0001:00002020       ??_E_Facet_base@std@@UEAAPEAXI@Z 0000000180003020 f i * CIL library *:* CIL module *
 0001:00002050       ?_Incref@facet@locale@std@@UEAAXXZ 0000000180003050 f i rainfall_node.obj
 0001:00002060       ?_Decref@facet@locale@std@@UEAAPEAV_Facet_base@3@XZ 0000000180003060 f i rainfall_node.obj
 0001:00002070       ??1locale@std@@QEAA@XZ     0000000180003070 f i rainfall_node.obj
 0001:000020a0       ?_Getcat@?$ctype@D@std@@SA_KPEAPEBVfacet@locale@2@PEBV42@@Z 00000001800030a0 f i rainfall_node.obj
 0001:00002200       ?do_tolower@?$ctype@D@std@@MEBADD@Z 0000000180003200 f i rainfall_node.obj
 0001:00002210       ?do_tolower@?$ctype@D@std@@MEBAPEBDPEADPEBD@Z 0000000180003210 f i rainfall_node.obj
 0001:00002270       ?do_toupper@?$ctype@D@std@@MEBADD@Z 0000000180003270 f i rainfall_node.obj
 0001:00002280       ?do_toupper@?$ctype@D@std@@MEBAPEBDPEADPEBD@Z 0000000180003280 f i rainfall_node.obj
 0001:000022e0       ?do_widen@?$ctype@D@std@@MEBADD@Z 00000001800032e0 f i rainfall_node.obj
 0001:000022e0       ?do_narrow@?$ctype@D@std@@MEBADDD@Z 00000001800032e0 f i rainfall_node.obj
 0001:000022f0       ?do_widen@?$ctype@D@std@@MEBAPEBDPEBD0PEAD@Z 00000001800032f0 f i rainfall_node.obj
 0001:00002310       ?do_narrow@?$ctype@D@std@@MEBAPEBDPEBD0DPEAD@Z 0000000180003310 f i rainfall_node.obj
 0001:00002330       ??_G?$ctype@D@std@@MEAAPEAXI@Z 0000000180003330 f i rainfall_node.obj
 0001:00002330       ??_E?$ctype@D@std@@MEAAPEAXI@Z 0000000180003330 f i * CIL library *:* CIL module *
 0001:000023a0       ??_G_Iostream_error_category@std@@UEAAPEAXI@Z 00000001800033a0 f i rainfall_node.obj
 0001:000023a0       ??_Eerror_category@std@@UEAAPEAXI@Z 00000001800033a0 f i * CIL library *:* CIL module *
 0001:000023a0       ??_E_Iostream_error_category@std@@UEAAPEAXI@Z 00000001800033a0 f i * CIL library *:* CIL module *
 0001:000023a0       ??_Gerror_category@std@@UEAAPEAXI@Z 00000001800033a0 f i rainfall_node.obj
 0001:000023d0       ?message@error_code@std@@QEBA?AV?$basic_string@DU?$char_traits@D@std@@V?$allocator@D@2@@2@XZ 00000001800033d0 f i rainfall_node.obj
 0001:00002400       ?default_error_condition@error_category@std@@UEBA?AVerror_condition@2@H@Z 0000000180003400 f i rainfall_node.obj
 0001:00002410       ?equivalent@error_category@std@@UEBA_NHAEBVerror_condition@2@@Z 0000000180003410 f i rainfall_node.obj
 0001:00002470       ?equivalent@error_category@std@@UEBA_NAEBVerror_code@2@H@Z 0000000180003470 f i rainfall_node.obj
 0001:00002490       ?_Makestr@_System_error@std@@CA?AV?$basic_string@DU?$char_traits@D@std@@V?$allocator@D@2@@2@Verror_code@2@V32@@Z 0000000180003490 f i rainfall_node.obj
 0001:00002590       ??_G_System_error@std@@UEAAPEAXI@Z 0000000180003590 f i rainfall_node.obj
 0001:00002590       ??_Efailure@ios_base@std@@UEAAPEAXI@Z 0000000180003590 f i * CIL library *:* CIL module *
 0001:00002590       ??_Gfailure@ios_base@std@@UEAAPEAXI@Z 0000000180003590 f i rainfall_node.obj
 0001:00002590       ??_E_System_error@std@@UEAAPEAXI@Z 0000000180003590 f i * CIL library *:* CIL module *
 0001:000025c0       ?message@_Generic_error_category@std@@UEBA?AV?$basic_string@DU?$char_traits@D@std@@V?$allocator@D@2@@2@H@Z 00000001800035c0 f i rainfall_node.obj
 0001:00002620       ?name@_Iostream_error_category@std@@UEBAPEBDXZ 0000000180003620 f i rainfall_node.obj
 0001:00002630       ?message@_Iostream_error_category@std@@UEBA?AV?$basic_string@DU?$char_traits@D@std@@V?$allocator@D@2@@2@H@Z 0000000180003630 f i rainfall_node.obj
 0001:00002680       ?clear@ios_base@std@@QEAAXH_N@Z 0000000180003680 f i rainfall_node.obj
 0001:00002b20       ?getloc@ios_base@std@@QEBA?AVlocale@2@XZ 0000000180003b20 f i rainfall_node.obj
 0001:00002ea0       ?CalculateResultsAsync@@YAXAEBV?$FunctionCallbackInfo@VValue@v8@@@v8@@@Z 0000000180003ea0 f   rainfall_node.obj
 0001:00003050       ??1location@@QEAA@XZ       0000000180004050 f i rainfall_node.obj
 0001:00003060       ?CalculateResultsSync@@YAXAEBV?$FunctionCallbackInfo@VValue@v8@@@v8@@@Z 0000000180004060 f   rainfall_node.obj
 0001:00003420       ?CalculateResults@@YAXAEBV?$FunctionCallbackInfo@VValue@v8@@@v8@@@Z 0000000180004420 f   rainfall_node.obj
 0001:00003700       ?pack_rain_result@@YAXPEAVIsolate@v8@@AEAV?$Local@VObject@v8@@@2@AEAVrain_result@@@Z 0000000180004700 f   rainfall_node.obj
 0001:00003840       ?RainfallData@@YAXAEBV?$FunctionCallbackInfo@VValue@v8@@@v8@@@Z 0000000180004840 f   rainfall_node.obj
 0001:00003910       ?unpack_sample@@YA?AVsample@@PEAVIsolate@v8@@V?$Local@VObject@v8@@@3@@Z 0000000180004910 f   rainfall_node.obj
 0001:00003ab0       ?unpack_location@@YA?AVlocation@@PEAVIsolate@v8@@V?$Local@VObject@v8@@@3@@Z 0000000180004ab0 f   rainfall_node.obj
 0001:00003ca0       ?AvgRainfall@@YAXAEBV?$FunctionCallbackInfo@VValue@v8@@@v8@@@Z 0000000180004ca0 f   rainfall_node.obj
 0001:00003d80       ?init@@YAXV?$Local@VObject@v8@@@v8@@0@Z 0000000180004d80 f   rainfall_node.obj
 0001:00003e20       ?resize@?$vector@Vrain_result@@V?$allocator@Vrain_result@@@std@@@std@@QEAAX_K@Z 0000000180004e20 f i rainfall_node.obj
 0001:00003f20       ??1?$vector@Vrain_result@@V?$allocator@Vrain_result@@@std@@@std@@QEAA@XZ 0000000180004f20 f i rainfall_node.obj
 0001:00003f30       ??1?$vector@Vlocation@@V?$allocator@Vlocation@@@std@@@std@@QEAA@XZ 0000000180004f30 f i rainfall_node.obj
 0001:00003f40       ?push_back@?$vector@Vlocation@@V?$allocator@Vlocation@@@std@@@std@@QEAAX$$QEAVlocation@@@Z 0000000180004f40 f i rainfall_node.obj
 0001:00004070       ?push_back@?$vector@Vsample@@V?$allocator@Vsample@@@std@@@std@@QEAAXAEBVsample@@@Z 0000000180005070 f i rainfall_node.obj
 0001:00004190       ??1?$_Yarn@_W@std@@QEAA@XZ 0000000180005190 f i rainfall_node.obj
 0001:00004190       ??1?$_Yarn@D@std@@QEAA@XZ  0000000180005190 f i rainfall_node.obj
 0001:000041c0       ?_Tidy@?$vector@Vrain_result@@V?$allocator@Vrain_result@@@std@@@std@@IEAAXXZ 00000001800051c0 f i rainfall_node.obj
 0001:00004250       ?_Tidy@?$vector@Vlocation@@V?$allocator@Vlocation@@@std@@@std@@IEAAXXZ 0000000180005250 f i rainfall_node.obj
 0001:00004340       ?_Reserve@?$vector@Vlocation@@V?$allocator@Vlocation@@@std@@@std@@IEAAX_K@Z 0000000180005340 f i rainfall_node.obj
 0001:00004410       ?_Tidy@?$vector@Vsample@@V?$allocator@Vsample@@@std@@@std@@IEAAXXZ 0000000180005410 f i rainfall_node.obj
 0001:000044d0       ?_Reserve@?$vector@Vsample@@V?$allocator@Vsample@@@std@@@std@@IEAAX_K@Z 00000001800054d0 f i rainfall_node.obj
 0001:000045a0       ?assign@?$basic_string@DU?$char_traits@D@std@@V?$allocator@D@2@@std@@QEAAAEAV12@PEBD_K@Z 00000001800055a0 f i rainfall_node.obj
 0001:000046d0       ?assign@?$basic_string@DU?$char_traits@D@std@@V?$allocator@D@2@@std@@QEAAAEAV12@AEBV12@_K1@Z 00000001800056d0 f i rainfall_node.obj
 0001:00004800       ?append@?$basic_string@DU?$char_traits@D@std@@V?$allocator@D@2@@std@@QEAAAEAV12@PEBD_K@Z 0000000180005800 f i rainfall_node.obj
 0001:00004950       ?append@?$basic_string@DU?$char_traits@D@std@@V?$allocator@D@2@@std@@QEAAAEAV12@AEBV12@_K1@Z 0000000180005950 f i rainfall_node.obj
 0001:00004a80       ?_Reallocate@?$vector@Vrain_result@@V?$allocator@Vrain_result@@@std@@@std@@IEAAX_K@Z 0000000180005a80 f i rainfall_node.obj
 0001:00004bc0       ?_Reallocate@?$vector@Vlocation@@V?$allocator@Vlocation@@@std@@@std@@IEAAX_K@Z 0000000180005bc0 f i rainfall_node.obj
 0001:00004db0       ?_Reallocate@?$vector@Vsample@@V?$allocator@Vsample@@@std@@@std@@IEAAX_K@Z 0000000180005db0 f i rainfall_node.obj
 0001:00004f60       ??$use_facet@V?$ctype@D@std@@@std@@YAAEBV?$ctype@D@0@AEBVlocale@0@@Z 0000000180005f60 f i rainfall_node.obj
 0001:00005090       ??$_Immortalize@V_Iostream_error_category@std@@@std@@YAAEAV_Iostream_error_category@0@XZ 0000000180006090 f i rainfall_node.obj
 0001:00005110       ??$?6U?$char_traits@D@std@@@std@@YAAEAV?$basic_ostream@DU?$char_traits@D@std@@@0@AEAV10@PEBD@Z 0000000180006110 f i rainfall_node.obj
 0001:00005390       ??1sentry@?$basic_ostream@DU?$char_traits@D@std@@@std@@QEAA@XZ 0000000180006390 f i rainfall_node.obj
 0001:00005410       ??0sentry@?$basic_ostream@DU?$char_traits@D@std@@@std@@QEAA@AEAV12@@Z 0000000180006410 f i rainfall_node.obj
 0001:00005490       ?flush@?$basic_ostream@DU?$char_traits@D@std@@@std@@QEAAAEAV12@XZ 0000000180006490 f i rainfall_node.obj
 0001:00005590       ?put@?$basic_ostream@DU?$char_traits@D@std@@@std@@QEAAAEAV12@D@Z 0000000180006590 f i rainfall_node.obj
 0001:00005700       ?widen@?$basic_ios@DU?$char_traits@D@std@@@std@@QEBADD@Z 0000000180006700 f i rainfall_node.obj
 0001:00005780       ??1_Sentry_base@?$basic_ostream@DU?$char_traits@D@std@@@std@@QEAA@XZ 0000000180006780 f i rainfall_node.obj
 0001:000057a0       ??$_Destroy_range1@V?$allocator@Vsample@@@std@@PEAVsample@@@std@@YAXPEAVsample@@0AEAU?$_Wrap_alloc@V?$allocator@Vsample@@@std@@@0@U?$integral_constant@_N$0A@@0@@Z 00000001800067a0 f i rainfall_node.obj
 0001:000058ac       __imp_load_uv_queue_work   00000001800068ac f   node:node.exe
 0001:000058b8       __tailMerge_node_exe       00000001800068b8 f i node:node.exe
 0001:00005931       __imp_load_?Global@Context@v8@@QEAA?AV?$Local@VObject@v8@@@2@XZ 0000000180006931 f   node:node.exe
 0001:0000593d       __imp_load_?New@Integer@v8@@SA?AV?$Local@VInteger@v8@@@2@PEAVIsolate@2@H@Z 000000018000693d f   node:node.exe
 0001:00005949       __imp_load_?GetCurrentContext@Isolate@v8@@QEAA?AV?$Local@VContext@v8@@@2@XZ 0000000180006949 f   node:node.exe
 0001:00005955       __imp_load_?GetCurrent@Isolate@v8@@SAPEAV12@XZ 0000000180006955 f   node:node.exe
 0001:00005961       __imp_load_?CreateHandle@HandleScope@v8@@KAPEAPEAVObject@internal@2@PEAVIsolate@42@PEAV342@@Z 0000000180006961 f   node:node.exe
 0001:0000596d       __imp_load_??1HandleScope@v8@@QEAA@XZ 000000018000696d f   node:node.exe
 0001:00005979       __imp_load_??0HandleScope@v8@@QEAA@PEAVIsolate@1@@Z 0000000180006979 f   node:node.exe
 0001:00005985       __imp_load_?New@Array@v8@@SA?AV?$Local@VArray@v8@@@2@PEAVIsolate@2@H@Z 0000000180006985 f   node:node.exe
 0001:00005991       __imp_load_?Length@Array@v8@@QEBAIXZ 0000000180006991 f   node:node.exe
 0001:0000599d       __imp_load_?GetFunction@FunctionTemplate@v8@@QEAA?AV?$Local@VFunction@v8@@@2@XZ 000000018000699d f   node:node.exe
 0001:000059a9       __imp_load_?New@FunctionTemplate@v8@@SA?AV?$Local@VFunctionTemplate@v8@@@2@PEAVIsolate@2@P6AXAEBV?$FunctionCallbackInfo@VValue@v8@@@2@@ZV?$Local@VValue@v8@@@2@V?$Local@VSignature@v8@@@2@HW4ConstructorBehavior@2@@Z 00000001800069a9 f   node:node.exe
 0001:000059b5       __imp_load_?DisposeGlobal@V8@v8@@CAXPEAPEAVObject@internal@2@@Z 00000001800069b5 f   node:node.exe
 0001:000059c1       __imp_load_?GlobalizeReference@V8@v8@@CAPEAPEAVObject@internal@2@PEAVIsolate@42@PEAPEAV342@@Z 00000001800069c1 f   node:node.exe
 0001:000059cd       __imp_load_?NumberValue@Value@v8@@QEBANXZ 00000001800069cd f   node:node.exe
 0001:000059d9       __imp_load_??1Utf8Value@String@v8@@QEAA@XZ 00000001800069d9 f   node:node.exe
 0001:000059e5       __imp_load_??0Utf8Value@String@v8@@QEAA@V?$Local@VValue@v8@@@2@@Z 00000001800069e5 f   node:node.exe
 0001:000059f1       __imp_load_?NewFromUtf8@String@v8@@SA?AV?$Local@VString@v8@@@2@PEAVIsolate@2@PEBDW4NewStringType@12@H@Z 00000001800069f1 f   node:node.exe
 0001:000059fd       __imp_load_?New@Number@v8@@SA?AV?$Local@VNumber@v8@@@2@PEAVIsolate@2@N@Z 00000001800069fd f   node:node.exe
 0001:00005a09       __imp_load_?New@Object@v8@@SA?AV?$Local@VObject@v8@@@2@PEAVIsolate@2@@Z 0000000180006a09 f   node:node.exe
 0001:00005a15       __imp_load_?Get@Object@v8@@QEAA?AV?$Local@VValue@v8@@@2@V32@@Z 0000000180006a15 f   node:node.exe
 0001:00005a21       __imp_load_?Get@Object@v8@@QEAA?AV?$Local@VValue@v8@@@2@I@Z 0000000180006a21 f   node:node.exe
 0001:00005a2d       __imp_load_?Set@Object@v8@@QEAA_NV?$Local@VValue@v8@@@2@0@Z 0000000180006a2d f   node:node.exe
 0001:00005a39       __imp_load_?Set@Object@v8@@QEAA_NIV?$Local@VValue@v8@@@2@@Z 0000000180006a39 f   node:node.exe
 0001:00005a45       __imp_load_?SetName@Function@v8@@QEAAXV?$Local@VString@v8@@@2@@Z 0000000180006a45 f   node:node.exe
 0001:00005a51       __imp_load_?Call@Function@v8@@QEAA?AV?$Local@VValue@v8@@@2@V32@HQEAV32@@Z 0000000180006a51 f   node:node.exe
 0001:00005a5d       __imp_load_node_module_register 0000000180006a5d f   node:node.exe
 0001:00005a69       __imp_load_uv_default_loop 0000000180006a69 f   node:node.exe
 0001:00005a78       ??0bad_alloc@std@@QEAA@AEBV01@@Z 0000000180006a78 f i libcpmt:xthrow.obj
 0001:00005ab8       ??0bad_alloc@std@@QEAA@XZ  0000000180006ab8 f i libcpmt:xthrow.obj
 0001:00005ad8       ??0exception@std@@QEAA@AEBV01@@Z 0000000180006ad8 f i libcpmt:xthrow.obj
 0001:00005b10       ??0length_error@std@@QEAA@AEBV01@@Z 0000000180006b10 f i libcpmt:xthrow.obj
 0001:00005b50       ??0length_error@std@@QEAA@PEBD@Z 0000000180006b50 f i libcpmt:xthrow.obj
 0001:00005b9c       ??0logic_error@std@@QEAA@AEBV01@@Z 0000000180006b9c f i libcpmt:xthrow.obj
 0001:00005bdc       ??0out_of_range@std@@QEAA@AEBV01@@Z 0000000180006bdc f i libcpmt:xthrow.obj
 0001:00005c1c       ??0out_of_range@std@@QEAA@PEBD@Z 0000000180006c1c f i libcpmt:xthrow.obj
 0001:00005c68       ??1out_of_range@std@@UEAA@XZ 0000000180006c68 f i libcpmt:xthrow.obj
 0001:00005c68       ??1bad_array_new_length@std@@UEAA@XZ 0000000180006c68 f i LIBCMT:throw_bad_alloc.obj
 0001:00005c68       ??1bad_cast@std@@UEAA@XZ   0000000180006c68 f i libcpmt:cerr.obj
 0001:00005c68       ??1bad_exception@std@@UEAA@XZ 0000000180006c68 f i libvcruntime:frame.obj
 0001:00005c68       ??1length_error@std@@UEAA@XZ 0000000180006c68 f i libcpmt:xthrow.obj
 0001:00005c68       ??1bad_alloc@std@@UEAA@XZ  0000000180006c68 f i libcpmt:xthrow.obj
 0001:00005c7c       ?_Xlength_error@std@@YAXPEBD@Z 0000000180006c7c f   libcpmt:xthrow.obj
 0001:00005ca0       ?_Xout_of_range@std@@YAXPEBD@Z 0000000180006ca0 f   libcpmt:xthrow.obj
 0001:00005cc4       ?what@exception@std@@UEBAPEBDXZ 0000000180006cc4 f i libcpmt:xthrow.obj
 0001:00005cd8       ??0_Init_locks@std@@QEAA@XZ 0000000180006cd8 f   libcpmt:xlock.obj
 0001:00005d24       ??0_Lockit@std@@QEAA@H@Z   0000000180006d24 f   libcpmt:xlock.obj
 0001:00005d60       ??1_Init_locks@std@@QEAA@XZ 0000000180006d60 f   libcpmt:xlock.obj
 0001:00005da4       ??1_Lockit@std@@QEAA@XZ    0000000180006da4 f   libcpmt:xlock.obj
 0001:00005dd8       ??4?$_Yarn@D@std@@QEAAAEAV01@PEBD@Z 0000000180006dd8 f i libcpmt:locale0.obj
 0001:00005e50       ??_G_Fac_node@std@@QEAAPEAXI@Z 0000000180006e50 f i libcpmt:locale0.obj
 0001:00005edc       ??_E_Locimp@locale@std@@MEAAPEAXI@Z 0000000180006edc f i libcpmt:locale0.obj
 0001:00005edc       ??_G_Locimp@locale@std@@MEAAPEAXI@Z 0000000180006edc f i libcpmt:locale0.obj
 0001:00005f48       ?_Facet_Register@std@@YAXPEAV_Facet_base@1@@Z 0000000180006f48 f   libcpmt:locale0.obj
 0001:00005f80       ?_Getgloballocale@locale@std@@CAPEAV_Locimp@12@XZ 0000000180006f80 f   libcpmt:locale0.obj
 0001:00005f88       ?_Init@locale@std@@CAPEAV_Locimp@12@_N@Z 0000000180006f88 f   libcpmt:locale0.obj
 0001:00006044       ?_Locimp_dtor@_Locimp@locale@std@@CAXPEAV123@@Z 0000000180007044 f   libcpmt:locale0.obj
 0001:000060ec       ?_Locinfo_ctor@_Locinfo@std@@SAXPEAV12@PEBD@Z 00000001800070ec f   libcpmt:locale0.obj
 0001:00006158       ?_Locinfo_dtor@_Locinfo@std@@SAXPEAV12@@Z 0000000180007158 f   libcpmt:locale0.obj
 0001:0000617c       ?_New_Locimp@_Locimp@locale@std@@CAPEAV123@_N@Z 000000018000717c f   libcpmt:locale0.obj
 0001:000061ec       ?_Setgloballocale@locale@std@@CAXPEAX@Z 00000001800071ec f   libcpmt:locale0.obj
 0001:00006220       _Deletegloballocale        0000000180007220 f   libcpmt:locale0.obj
 0001:000062a8       ??$use_facet@V?$codecvt@DDU_Mbstatet@@@std@@@std@@YAAEBV?$codecvt@DDU_Mbstatet@@@0@AEBVlocale@0@@Z 00000001800072a8 f i libcpmt:cerr.obj
 0001:000063e0       ??0?$basic_ostream@DU?$char_traits@D@std@@@std@@QEAA@PEAV?$basic_streambuf@DU?$char_traits@D@std@@@1@_N@Z 00000001800073e0 f i libcpmt:cerr.obj
 0001:000064a8       ??0?$basic_streambuf@DU?$char_traits@D@std@@@std@@IEAA@XZ 00000001800074a8 f i libcpmt:cerr.obj
 0001:00006558       ??0bad_cast@std@@QEAA@AEBV01@@Z 0000000180007558 f i libcpmt:cerr.obj
 0001:00006598       ??0bad_cast@std@@QEAA@XZ   0000000180007598 f i libcpmt:cerr.obj
 0001:000065b8       ??1?$basic_filebuf@DU?$char_traits@D@std@@@std@@UEAA@XZ 00000001800075b8 f i libcpmt:cerr.obj
 0001:00006664       ??1?$basic_ios@DU?$char_traits@D@std@@@std@@UEAA@XZ 0000000180007664 f i libcpmt:cerr.obj
 0001:00006688       ??_E?$basic_ostream@DU?$char_traits@D@std@@@std@@$4PPPPPPPM@A@EAAPEAXI@Z 0000000180007688 f i libcpmt:cerr.obj
 0001:00006694       ??_E?$basic_filebuf@DU?$char_traits@D@std@@@std@@UEAAPEAXI@Z 0000000180007694 f i libcpmt:cerr.obj
 0001:00006694       ??_G?$basic_filebuf@DU?$char_traits@D@std@@@std@@UEAAPEAXI@Z 0000000180007694 f i libcpmt:cerr.obj
 0001:000066c8       ??_E?$basic_ios@DU?$char_traits@D@std@@@std@@UEAAPEAXI@Z 00000001800076c8 f i libcpmt:cerr.obj
 0001:000066c8       ??_G?$basic_ios@DU?$char_traits@D@std@@@std@@UEAAPEAXI@Z 00000001800076c8 f i libcpmt:cerr.obj
 0001:00006714       ??_G?$basic_ostream@DU?$char_traits@D@std@@@std@@UEAAPEAXI@Z 0000000180007714 f i libcpmt:cerr.obj
 0001:00006714       ??_E?$basic_ostream@DU?$char_traits@D@std@@@std@@UEAAPEAXI@Z 0000000180007714 f i libcpmt:cerr.obj
 0001:00006784       ??_G?$basic_streambuf@DU?$char_traits@D@std@@@std@@UEAAPEAXI@Z 0000000180007784 f i libcpmt:cerr.obj
 0001:00006784       ??_E?$basic_streambuf@DU?$char_traits@D@std@@@std@@UEAAPEAXI@Z 0000000180007784 f i libcpmt:cerr.obj
 0001:000067d4       ??_E?$codecvt@DDU_Mbstatet@@@std@@MEAAPEAXI@Z 00000001800077d4 f i libcpmt:cerr.obj
 0001:000067d4       ??_G?$codecvt@DDU_Mbstatet@@@std@@MEAAPEAXI@Z 00000001800077d4 f i libcpmt:cerr.obj
 0001:00006800       ??_Gios_base@std@@UEAAPEAXI@Z 0000000180007800 f i libcpmt:cerr.obj
 0001:00006800       ??_Eios_base@std@@UEAAPEAXI@Z 0000000180007800 f i libcpmt:cerr.obj
 0001:0000684c       ??_Glocale@std@@QEAAPEAXI@Z 000000018000784c f i libcpmt:cerr.obj
 0001:000068dc       ?_Endwrite@?$basic_filebuf@DU?$char_traits@D@std@@@std@@IEAA_NXZ 00000001800078dc f i libcpmt:cerr.obj
 0001:00006a90       ?_Getcat@?$codecvt@DDU_Mbstatet@@@std@@SA_KPEAPEBVfacet@locale@2@PEBV42@@Z 0000000180007a90 f i libcpmt:cerr.obj
 0001:00006b54       ?_Init@?$basic_filebuf@DU?$char_traits@D@std@@@std@@IEAAXPEAU_iobuf@@W4_Initfl@12@@Z 0000000180007b54 f i libcpmt:cerr.obj
 0001:00006c40       ?_Init@ios_base@std@@IEAAXXZ 0000000180007c40 f i libcpmt:cerr.obj
 0001:00006cc0       ?_Initcvt@?$basic_filebuf@DU?$char_traits@D@std@@@std@@IEAAXPEBV?$codecvt@DDU_Mbstatet@@@2@@Z 0000000180007cc0 f i libcpmt:cerr.obj
 0001:00006d60       ?_Lock@?$basic_filebuf@DU?$char_traits@D@std@@@std@@UEAAXXZ 0000000180007d60 f i libcpmt:cerr.obj
 0001:00006d7c       ?_Unlock@?$basic_filebuf@DU?$char_traits@D@std@@@std@@UEAAXXZ 0000000180007d7c f i libcpmt:cerr.obj
 0001:00006d98       ?append@?$basic_string@DU?$char_traits@D@std@@V?$allocator@D@2@@std@@QEAAAEAV12@_KD@Z 0000000180007d98 f i libcpmt:cerr.obj
 0001:00006e88       ?do_length@?$codecvt@DDU_Mbstatet@@@std@@MEBAHAEAU_Mbstatet@@PEBD1_K@Z 0000000180007e88 f i libcpmt:cerr.obj
 0001:00006e9c       ?do_out@?$codecvt@DDU_Mbstatet@@@std@@MEBAHAEAU_Mbstatet@@PEBD1AEAPEBDPEAD3AEAPEAD@Z 0000000180007e9c f i libcpmt:cerr.obj
 0001:00006e9c       ?do_in@?$codecvt@DDU_Mbstatet@@@std@@MEBAHAEAU_Mbstatet@@PEBD1AEAPEBDPEAD3AEAPEAD@Z 0000000180007e9c f i libcpmt:cerr.obj
 0001:00006eb8       ?do_unshift@?$codecvt@DDU_Mbstatet@@@std@@MEBAHAEAU_Mbstatet@@PEAD1AEAPEAD@Z 0000000180007eb8 f i libcpmt:cerr.obj
 0001:00006ec4       ?imbue@?$basic_filebuf@DU?$char_traits@D@std@@@std@@MEAAXAEBVlocale@2@@Z 0000000180007ec4 f i libcpmt:cerr.obj
 0001:00006ee8       ?overflow@?$basic_filebuf@DU?$char_traits@D@std@@@std@@MEAAHH@Z 0000000180007ee8 f i libcpmt:cerr.obj
 0001:00007148       ?pbackfail@?$basic_filebuf@DU?$char_traits@D@std@@@std@@MEAAHH@Z 0000000180008148 f i libcpmt:cerr.obj
 0001:00007218       ?underflow@?$basic_streambuf@DU?$char_traits@D@std@@@std@@MEAAHXZ 0000000180008218 f i libcpmt:cerr.obj
 0001:00007218       ?pbackfail@?$basic_streambuf@DU?$char_traits@D@std@@@std@@MEAAHH@Z 0000000180008218 f i libcpmt:cerr.obj
 0001:00007218       ?overflow@?$basic_streambuf@DU?$char_traits@D@std@@@std@@MEAAHH@Z 0000000180008218 f i libcpmt:cerr.obj
 0001:0000721c       ?seekoff@?$basic_filebuf@DU?$char_traits@D@std@@@std@@MEAA?AV?$fpos@U_Mbstatet@@@2@_JHH@Z 000000018000821c f i libcpmt:cerr.obj
 0001:00007308       ?seekpos@?$basic_filebuf@DU?$char_traits@D@std@@@std@@MEAA?AV?$fpos@U_Mbstatet@@@2@V32@H@Z 0000000180008308 f i libcpmt:cerr.obj
 0001:00007408       ?seekoff@?$basic_streambuf@DU?$char_traits@D@std@@@std@@MEAA?AV?$fpos@U_Mbstatet@@@2@_JHH@Z 0000000180008408 f i libcpmt:cerr.obj
 0001:00007408       ?seekpos@?$basic_streambuf@DU?$char_traits@D@std@@@std@@MEAA?AV?$fpos@U_Mbstatet@@@2@V32@H@Z 0000000180008408 f i libcpmt:cerr.obj
 0001:00007424       ?setbuf@?$basic_filebuf@DU?$char_traits@D@std@@@std@@MEAAPEAV?$basic_streambuf@DU?$char_traits@D@std@@@2@PEAD_J@Z 0000000180008424 f i libcpmt:cerr.obj
 0001:00007478       ?setbuf@?$basic_streambuf@DU?$char_traits@D@std@@@std@@MEAAPEAV12@PEAD_J@Z 0000000180008478 f i libcpmt:cerr.obj
 0001:0000747c       ?showmanyc@?$basic_streambuf@DU?$char_traits@D@std@@@std@@MEAA_JXZ 000000018000847c f i libcpmt:cerr.obj
 0001:0000747c       ?_Get_deleter@_Ref_count_base@std@@UEBAPEAXAEBVtype_info@@@Z 000000018000847c f i libcpmt:excptptr.obj
 0001:0000747c       ?sync@?$basic_streambuf@DU?$char_traits@D@std@@@std@@MEAAHXZ 000000018000847c f i libcpmt:cerr.obj
 0001:00007480       ?sync@?$basic_filebuf@DU?$char_traits@D@std@@@std@@MEAAHXZ 0000000180008480 f i libcpmt:cerr.obj
 0001:000074e0       ?uflow@?$basic_filebuf@DU?$char_traits@D@std@@@std@@MEAAHXZ 00000001800084e0 f i libcpmt:cerr.obj
 0001:00007778       ?uflow@?$basic_streambuf@DU?$char_traits@D@std@@@std@@MEAAHXZ 0000000180008778 f i libcpmt:cerr.obj
 0001:000077c4       ?underflow@?$basic_filebuf@DU?$char_traits@D@std@@@std@@MEAAHXZ 00000001800087c4 f i libcpmt:cerr.obj
 0001:0000783c       ?xsgetn@?$basic_streambuf@DU?$char_traits@D@std@@@std@@MEAA_JPEAD_J@Z 000000018000883c f i libcpmt:cerr.obj
 0001:000078fc       ?xsputn@?$basic_streambuf@DU?$char_traits@D@std@@@std@@MEAA_JPEBD_J@Z 00000001800088fc f i libcpmt:cerr.obj
 0001:000079c0       ?_Syserror_map@std@@YAPEBDH@Z 00000001800089c0 f   libcpmt:syserror.obj
 0001:000079e8       _Getctype                  00000001800089e8 f   libcpmt:_tolower.obj
 0001:00007aa8       _Tolower                   0000000180008aa8 f   libcpmt:_tolower.obj
 0001:00007bd0       _Thrd_sleep                0000000180008bd0 f   libcpmt:cthread.obj
 0001:00007c44       _Toupper                   0000000180008c44 f   libcpmt:_toupper.obj
 0001:00007d7c       _Xtime_diff_to_millis2     0000000180008d7c f   libcpmt:xtime.obj
 0001:00007e48       _Xtime_get_ticks           0000000180008e48 f   libcpmt:xtime.obj
 0001:00007e78       xtime_get                  0000000180008e78 f   libcpmt:xtime.obj
 0001:00007ed0       _Mtxdst                    0000000180008ed0 f   libcpmt:xmtx.obj
 0001:00007ed0       ??1_NonReentrantBlockingLock@details@Concurrency@@QEAA@XZ 0000000180008ed0 f   libconcrt:rtlocks.obj
 0001:00007ed8       _Mtxinit                   0000000180008ed8 f   libcpmt:xmtx.obj
 0001:00007ee8       _Mtxlock                   0000000180008ee8 f   libcpmt:xmtx.obj
 0001:00007ef0       _Mtxunlock                 0000000180008ef0 f   libcpmt:xmtx.obj
 0001:00007ef8       ?_Atexit@@YAXP6AXXZ@Z      0000000180008ef8 f   libcpmt:iosptrs.obj
 0001:00007f38       __local_stdio_printf_options 0000000180008f38 f i libcpmt:locale.obj
 0001:00007f40       ?_Addstd@ios_base@std@@SAXPEAV12@@Z 0000000180008f40 f   libcpmt:ios.obj
 0001:00007fb0       ?_Ios_base_dtor@ios_base@std@@CAXPEAV12@@Z 0000000180008fb0 f   libcpmt:ios.obj
 0001:00007ff4       ?_Tidy@ios_base@std@@AEAAXXZ 0000000180008ff4 f i libcpmt:ios.obj
 0001:00008084       __crtLCMapStringA          0000000180009084 f   libcpmt:StlLCMapStringA.obj
 0001:00008840       __crtGetSystemTimePreciseAsFileTime 0000000180009840 f   libcpmt:winapisupp.obj
 0001:00008880       __crtInitializeCriticalSectionEx 0000000180009880 f   libcpmt:winapisupp.obj
 0001:000088e0       GetTableIndexFromLocaleName 00000001800098e0 f   libcpmt:winapinls.obj
 0001:0000896c       __crtDownlevelLocaleNameToLCID 000000018000996c f   libcpmt:winapinls.obj
 0001:000089a0       __crtLCMapStringEx         00000001800099a0 f   libcpmt:winapinls.obj
 0001:00008a5c       __wcsnicmp_ascii           0000000180009a5c f   libcpmt:winapinls.obj
 0001:00008ad0       __security_check_cookie    0000000180009ad0 f   LIBCMT:_amdsecgs_.obj
 0001:00008af4       ??2@YAPEAX_K@Z             0000000180009af4 f   LIBCMT:new_scalar.obj
 0001:00008b30       ??3@YAXPEAX@Z              0000000180009b30 f   LIBCMT:delete_scalar.obj
 0001:00008c80       _Init_thread_footer        0000000180009c80 f   LIBCMT:thread_safe_statics.obj
 0001:00008ce0       _Init_thread_header        0000000180009ce0 f   LIBCMT:thread_safe_statics.obj
 0001:00008d48       _Init_thread_notify        0000000180009d48 f   LIBCMT:thread_safe_statics.obj
 0001:00008da4       _Init_thread_wait          0000000180009da4 f   LIBCMT:thread_safe_statics.obj
 0001:00008e3c       __scrt_acquire_startup_lock 0000000180009e3c f   LIBCMT:utility.obj
 0001:00008e78       __scrt_dllmain_after_initialize_c 0000000180009e78 f   LIBCMT:utility.obj
 0001:00008eac       __scrt_dllmain_before_initialize_c 0000000180009eac f   LIBCMT:utility.obj
 0001:00008ec4       __scrt_dllmain_crt_thread_attach 0000000180009ec4 f   LIBCMT:utility.obj
 0001:00008eec       __scrt_dllmain_crt_thread_detach 0000000180009eec f   LIBCMT:utility.obj
 0001:00008f04       __scrt_dllmain_exception_filter 0000000180009f04 f   LIBCMT:utility.obj
 0001:00008f68       __scrt_dllmain_uninitialize_c 0000000180009f68 f   LIBCMT:utility.obj
 0001:00008f98       __scrt_dllmain_uninitialize_critical 0000000180009f98 f   LIBCMT:utility.obj
 0001:00008fac       __scrt_initialize_crt      0000000180009fac f   LIBCMT:utility.obj
 0001:00008ff8       __scrt_initialize_onexit_tables 0000000180009ff8 f   LIBCMT:utility.obj
 0001:000090c4       __scrt_is_nonwritable_in_current_image 000000018000a0c4 f   LIBCMT:utility.obj
 0001:00009160       __scrt_release_startup_lock 000000018000a160 f   LIBCMT:utility.obj
 0001:00009184       __scrt_uninitialize_crt    000000018000a184 f   LIBCMT:utility.obj
 0001:000091b0       _onexit                    000000018000a1b0 f   LIBCMT:utility.obj
 0001:00009200       atexit                     000000018000a200 f   LIBCMT:utility.obj
 0001:00009218       ??_V@YAXPEAX@Z             000000018000a218 f   LIBCMT:delete_array.obj
 0001:00009218       ??3@YAXPEAX_K@Z            000000018000a218 f   LIBCMT:delete_scalar_size.obj
 0001:0000956c       _DllMainCRTStartup         000000018000a56c f   LIBCMT:dll_dllmain.obj
 0001:000095ac       ??_Etype_info@@UEAAPEAXI@Z 000000018000a5ac f i LIBCMT:std_type_info_static.obj
 0001:000095ac       ??_Gtype_info@@UEAAPEAXI@Z 000000018000a5ac f i LIBCMT:std_type_info_static.obj
 0001:000095d8       _guard_check_icall         000000018000a5d8 f i LIBCMT:checkcfg.obj
 0001:000095e0       __GSHandlerCheck           000000018000a5e0 f   LIBCMT:_gshandler_.obj
 0001:00009600       __GSHandlerCheckCommon     000000018000a600 f   LIBCMT:_gshandler_.obj
 0001:0000965c       __GSHandlerCheck_EH        000000018000a65c f   LIBCMT:gshandlereh.obj
 0001:000096f0       _alloca_probe              000000018000a6f0 f   LIBCMT:_chkstk_.obj
 0001:000096f0       __chkstk                   000000018000a6f0 f   LIBCMT:_chkstk_.obj
 0001:00009744       __raise_securityfailure    000000018000a744 f   LIBCMT:gs_report.obj
 0001:00009778       __report_gsfailure         000000018000a778 f   LIBCMT:gs_report.obj
 0001:0000984c       __report_rangecheckfailure 000000018000a84c f   LIBCMT:gs_report.obj
 0001:00009860       __report_securityfailure   000000018000a860 f   LIBCMT:gs_report.obj
 0001:000099e0       ??0bad_array_new_length@std@@QEAA@AEBV01@@Z 000000018000a9e0 f i LIBCMT:throw_bad_alloc.obj
 0001:00009a20       ??0bad_array_new_length@std@@QEAA@XZ 000000018000aa20 f i LIBCMT:throw_bad_alloc.obj
 0001:00009a40       ?_Xbad_alloc@std@@YAXXZ    000000018000aa40 f   libcpmt:xthrow.obj
 0001:00009a40       ?__scrt_throw_std_bad_alloc@@YAXXZ 000000018000aa40 f   LIBCMT:throw_bad_alloc.obj
 0001:00009a60       ?__scrt_throw_std_bad_array_new_length@@YAXXZ 000000018000aa60 f   LIBCMT:throw_bad_alloc.obj
 0001:00009a80       __crt_debugger_hook        000000018000aa80 f   LIBCMT:utility_desktop.obj
 0001:00009a88       __scrt_fastfail            000000018000aa88 f   LIBCMT:utility_desktop.obj
 0001:00009bd0       __isa_available_init       000000018000abd0 f   LIBCMT:_cpu_disp_.obj
 0001:00009d98       DllMain                    000000018000ad98 f   LIBCMT:dll_dllmain_stub.obj
 0001:00009d98       ?do_max_length@codecvt_base@std@@MEBAHXZ 000000018000ad98 f   libcpmt:cerr.obj
 0001:00009d98       ?do_encoding@codecvt_base@std@@MEBAHXZ 000000018000ad98 f   libcpmt:cerr.obj
 0001:00009d98       _get_startup_argv_mode     000000018000ad98 f   LIBCMT:argv_mode.obj
 0001:00009da0       __scrt_is_ucrt_dll_in_use  000000018000ada0 f   LIBCMT:ucrt_detection.obj
 0001:00009dac       __security_init_cookie     000000018000adac f   LIBCMT:gs_support.obj
 0001:00009e58       ?__scrt_initialize_type_info@@YAXXZ 000000018000ae58 f   LIBCMT:tncleanup.obj
 0001:00009e68       ?__scrt_uninitialize_type_info@@YAXXZ 000000018000ae68 f   LIBCMT:tncleanup.obj
 0001:00009e74       __local_stdio_scanf_options 000000018000ae74 f i LIBCMT:default_local_stdio_options.obj
 0001:00009e7c       __scrt_initialize_default_local_stdio_options 000000018000ae7c f   LIBCMT:default_local_stdio_options.obj
 0001:00009e98       __scrt_get_dyn_tls_init_callback 000000018000ae98 f   LIBCMT:dyn_tls_init.obj
 0001:00009ea0       _RTC_Initialize            000000018000aea0 f   LIBCMT:_initsect_.obj
 0001:00009eec       _RTC_Terminate             000000018000aeec f   LIBCMT:_initsect_.obj
 0001:00009f40       ??1DefaultWaiterPool@platform@details@Concurrency@@QEAA@XZ 000000018000af40 f i libconcrt:Platform.obj
 0001:00009fa8       ?__TlsFree@platform@details@Concurrency@@YAXK@Z 000000018000afa8 f   libconcrt:Platform.obj
 0001:00009fb0       _concrt_static_cleanup     000000018000afb0 f   libconcrt:utils.obj
 0001:00009fc8       ?InitializeCookie@Security@details@Concurrency@@SA_KXZ 000000018000afc8 f   libconcrt:utils.obj
 0001:0000a02c       ?CheckOneShotStaticDestruction@SchedulerBase@details@Concurrency@@SAXXZ 000000018000b02c f   libconcrt:SchedulerBase.obj
 0001:0000a06c       ?OneShotStaticDestruction@UMSThreadScheduler@details@Concurrency@@SAXXZ 000000018000b06c f   libconcrt:UMSThreadScheduler.obj
 0001:0000a0a0       memcpy                     000000018000b0a0 f   libvcruntime:memcpy.obj
 0001:0000a0a0       memmove                    000000018000b0a0 f   libvcruntime:memcpy.obj
 0001:0000a4d8       __DestructExceptionObject  000000018000b4d8 f   libvcruntime:frame.obj
 0001:0000a560       ??0bad_exception@std@@QEAA@AEBV01@@Z 000000018000b560 f i libvcruntime:frame.obj
 0001:0000a5a0       ??0bad_exception@std@@QEAA@XZ 000000018000b5a0 f i libvcruntime:frame.obj
 0001:0000a5c0       ??_Gbad_exception@std@@UEAAPEAXI@Z 000000018000b5c0 f i libvcruntime:frame.obj
 0001:0000a5c0       ??_Ebad_cast@std@@UEAAPEAXI@Z 000000018000b5c0 f i libcpmt:cerr.obj
 0001:0000a5c0       ??_Gbad_alloc@std@@UEAAPEAXI@Z 000000018000b5c0 f i libcpmt:xthrow.obj
 0001:0000a5c0       ??_Gbad_cast@std@@UEAAPEAXI@Z 000000018000b5c0 f i libcpmt:cerr.obj
 0001:0000a5c0       ??_Ebad_exception@std@@UEAAPEAXI@Z 000000018000b5c0 f i libvcruntime:frame.obj
 0001:0000a5c0       ??_Ebad_array_new_length@std@@UEAAPEAXI@Z 000000018000b5c0 f i LIBCMT:throw_bad_alloc.obj
 0001:0000a5c0       ??_Elength_error@std@@UEAAPEAXI@Z 000000018000b5c0 f i libcpmt:xthrow.obj
 0001:0000a5c0       ??_Eout_of_range@std@@UEAAPEAXI@Z 000000018000b5c0 f i libcpmt:xthrow.obj
 0001:0000a5c0       ??_Eexception@std@@UEAAPEAXI@Z 000000018000b5c0 f i libcpmt:xthrow.obj
 0001:0000a5c0       ??_Gexception@std@@UEAAPEAXI@Z 000000018000b5c0 f i libcpmt:xthrow.obj
 0001:0000a5c0       ??_Glength_error@std@@UEAAPEAXI@Z 000000018000b5c0 f i libcpmt:xthrow.obj
 0001:0000a5c0       ??_Gbad_array_new_length@std@@UEAAPEAXI@Z 000000018000b5c0 f i LIBCMT:throw_bad_alloc.obj
 0001:0000a5c0       ??_Elogic_error@std@@UEAAPEAXI@Z 000000018000b5c0 f i libcpmt:xthrow.obj
 0001:0000a5c0       ??_Glogic_error@std@@UEAAPEAXI@Z 000000018000b5c0 f i libcpmt:xthrow.obj
 0001:0000a5c0       ??_Ebad_alloc@std@@UEAAPEAXI@Z 000000018000b5c0 f i libcpmt:xthrow.obj
 0001:0000a5c0       ??_Gout_of_range@std@@UEAAPEAXI@Z 000000018000b5c0 f i libcpmt:xthrow.obj
 0001:0000af60       ?_CallMemberFunction0@@YAXPEAXP6AX0@Z@Z 000000018000bf60 f i libvcruntime:frame.obj
 0001:0000af64       ?_CallMemberFunction1@@YAXPEAXP6AX0@Z0@Z 000000018000bf64 f i libvcruntime:frame.obj
 0001:0000af70       ?_CallMemberFunction2@@YAXPEAXP6AX0@Z0H@Z 000000018000bf70 f i libvcruntime:frame.obj
 0001:0000af80       __AdjustPointer            000000018000bf80 f   libvcruntime:frame.obj
 0001:0000afa4       __BuildCatchObject         000000018000bfa4 f   libvcruntime:frame.obj
 0001:0000b068       __BuildCatchObjectHelper   000000018000c068 f   libvcruntime:frame.obj
 0001:0000b248       __CxxCallCatchBlock        000000018000c248 f   libvcruntime:frame.obj
 0001:0000b434       __FrameUnwindFilter        000000018000c434 f   libvcruntime:frame.obj
 0001:0000b480       __FrameUnwindToState       000000018000c480 f   libvcruntime:frame.obj
 0001:0000b614       __InternalCxxFrameHandler  000000018000c614 f   libvcruntime:frame.obj
 0001:0000b86c       __TypeMatch                000000018000c86c f   libvcruntime:frame.obj
 0001:0000b9ac       __std_terminate            000000018000c9ac f   libvcruntime:frame.obj
 0001:0000b9b8       _purecall                  000000018000c9b8 f   libvcruntime:purevirt.obj
 0001:0000b9f4       __std_exception_copy       000000018000c9f4 f   libvcruntime:std_exception.obj
 0001:0000ba84       __std_exception_destroy    000000018000ca84 f   libvcruntime:std_exception.obj
 0001:0000baac       _CxxThrowException         000000018000caac f   libvcruntime:throw.obj
 0001:0000bb84       ?_ExecutionInCatch@@YAHPEAU_xDISPATCHER_CONTEXT@@PEBU_s_FuncInfo@@@Z 000000018000cb84 f   libvcruntime:trnsctrl.obj
 0001:0000bbf8       ?_GetEstablisherFrame@@YAPEA_KPEA_KPEAU_xDISPATCHER_CONTEXT@@PEBU_s_FuncInfo@@0@Z 000000018000cbf8 f   libvcruntime:trnsctrl.obj
 0001:0000bcc4       ?_GetRangeOfTrysToCheck@@YAPEBU_s_TryBlockMapEntry@@PEA_KPEBU_s_FuncInfo@@HHPEAI2PEAU_xDISPATCHER_CONTEXT@@@Z 000000018000ccc4 f   libvcruntime:trnsctrl.obj
 0001:0000bdf0       ?__FrameUnwindToEmptyState@@YAXPEA_KPEAU_xDISPATCHER_CONTEXT@@PEBU_s_FuncInfo@@@Z 000000018000cdf0 f   libvcruntime:trnsctrl.obj
 0001:0000be84       ?__SehTransFilter@@YAHPEAU_EXCEPTION_POINTERS@@PEAUEHExceptionRecord@@PEA_KPEAU_CONTEXT@@PEAU_xDISPATCHER_CONTEXT@@PEBU_s_FuncInfo@@PEAH@Z 000000018000ce84 f   libvcruntime:trnsctrl.obj
 0001:0000bf1c       _CallSETranslator          000000018000cf1c f   libvcruntime:trnsctrl.obj
 0001:0000bf74       _CreateFrameInfo           000000018000cf74 f   libvcruntime:trnsctrl.obj
 0001:0000bfb0       _FindAndUnlinkFrame        000000018000cfb0 f   libvcruntime:trnsctrl.obj
 0001:0000c008       _GetImageBase              000000018000d008 f   libvcruntime:trnsctrl.obj
 0001:0000c01c       _GetThrowImageBase         000000018000d01c f   libvcruntime:trnsctrl.obj
 0001:0000c030       _IsExceptionObjectToBeDestroyed 000000018000d030 f   libvcruntime:trnsctrl.obj
 0001:0000c060       _SetImageBase              000000018000d060 f   libvcruntime:trnsctrl.obj
 0001:0000c078       _SetThrowImageBase         000000018000d078 f   libvcruntime:trnsctrl.obj
 0001:0000c090       _UnwindNestedFrames        000000018000d090 f   libvcruntime:trnsctrl.obj
 0001:0000c1b4       __CxxFrameHandler3         000000018000d1b4 f   libvcruntime:trnsctrl.obj
 0001:0000c250       memset                     000000018000d250 f   libvcruntime:memset.obj
 0001:0000c400       memcmp                     000000018000d400 f   libvcruntime:memcmp.obj
 0001:0000c690       __vcrt_FlsAlloc            000000018000d690 f   libvcruntime:winapi_downlevel.obj
 0001:0000c6e4       __vcrt_FlsFree             000000018000d6e4 f   libvcruntime:winapi_downlevel.obj
 0001:0000c738       __vcrt_FlsGetValue         000000018000d738 f   libvcruntime:winapi_downlevel.obj
 0001:0000c78c       __vcrt_FlsSetValue         000000018000d78c f   libvcruntime:winapi_downlevel.obj
 0001:0000c7f4       __vcrt_InitializeCriticalSectionEx 000000018000d7f4 f   libvcruntime:winapi_downlevel.obj
 0001:0000c86c       __vcrt_initialize_winapi_thunks 000000018000d86c f   libvcruntime:winapi_downlevel.obj
 0001:0000c8b8       __vcrt_uninitialize_winapi_thunks 000000018000d8b8 f   libvcruntime:winapi_downlevel.obj
 0001:0000c8f8       __vcrt_initialize          000000018000d8f8 f   libvcruntime:initialization.obj
 0001:0000c92c       __vcrt_thread_attach       000000018000d92c f   libvcruntime:initialization.obj
 0001:0000c940       __vcrt_thread_detach       000000018000d940 f   libvcruntime:initialization.obj
 0001:0000c954       __vcrt_uninitialize        000000018000d954 f   libvcruntime:initialization.obj
 0001:0000c974       __vcrt_uninitialize_critical 000000018000d974 f   libvcruntime:initialization.obj
 0001:0000c984       __C_specific_handler       000000018000d984 f   libvcruntime:_chandler_.obj
 0001:0000cb80       __std_type_info_compare    000000018000db80 f   libvcruntime:std_type_info.obj
 0001:0000cba8       __std_type_info_destroy_list 000000018000dba8 f   libvcruntime:std_type_info.obj
 0001:0000cbd4       __vcrt_freefls             000000018000dbd4 f   libvcruntime:per_thread_data.obj
 0001:0000cbf4       __vcrt_freeptd             000000018000dbf4 f   libvcruntime:per_thread_data.obj
 0001:0000cc44       __vcrt_getptd              000000018000dc44 f   libvcruntime:per_thread_data.obj
 0001:0000cc60       __vcrt_getptd_noexit       000000018000dc60 f   libvcruntime:per_thread_data.obj
 0001:0000cd18       __vcrt_initialize_ptd      000000018000dd18 f   libvcruntime:per_thread_data.obj
 0001:0000cd58       __vcrt_uninitialize_ptd    000000018000dd58 f   libvcruntime:per_thread_data.obj
 0001:0000cd7c       ?__GetCurrentState@@YAHPEA_KPEAU_xDISPATCHER_CONTEXT@@PEBU_s_FuncInfo@@@Z 000000018000dd7c f   libvcruntime:ehstate.obj
 0001:0000cda4       ?__GetUnwindTryBlock@@YAHPEA_KPEAU_xDISPATCHER_CONTEXT@@PEBU_s_FuncInfo@@@Z 000000018000dda4 f   libvcruntime:ehstate.obj
 0001:0000cdd0       ?__SetState@@YAXPEA_KPEAU_xDISPATCHER_CONTEXT@@PEBU_s_FuncInfo@@H@Z 000000018000ddd0 f   libvcruntime:ehstate.obj
 0001:0000cddc       ?__SetUnwindTryBlock@@YAXPEA_KPEAU_xDISPATCHER_CONTEXT@@PEBU_s_FuncInfo@@H@Z 000000018000dddc f   libvcruntime:ehstate.obj
 0001:0000ce18       ?__StateFromControlPc@@YAHPEBU_s_FuncInfo@@PEAU_xDISPATCHER_CONTEXT@@@Z 000000018000de18 f   libvcruntime:ehstate.obj
 0001:0000ce20       ?__StateFromIp@@YAHPEBU_s_FuncInfo@@PEAU_xDISPATCHER_CONTEXT@@_J@Z 000000018000de20 f   libvcruntime:ehstate.obj
 0001:0000cea0       _CallSettingFrame          000000018000dea0 f   libvcruntime:handlers.obj
 0001:0000cef0       _local_unwind              000000018000def0 f   libvcruntime:_jmpuwind_.obj
 0001:0000cf20       _NLG_Notify                000000018000df20 f   libvcruntime:_jmpuwind_.obj
 0001:0000cf40       __NLG_Dispatch2            000000018000df40 f   libvcruntime:_jmpuwind_.obj
 0001:0000cf50       __NLG_Return2              000000018000df50 f   libvcruntime:_jmpuwind_.obj
 0001:0000cf54       __vcrt_initialize_pure_virtual_call_handler 000000018000df54 f   libvcruntime:purevirt_data.obj
 0001:0000cf78       __vcrt_initialize_locks    000000018000df78 f   libvcruntime:locks.obj
 0001:0000cfc0       __vcrt_uninitialize_locks  000000018000dfc0 f   libvcruntime:locks.obj
 0001:0000cff8       __acrt_call_reportfault    000000018000dff8 f   libucrt:invalid_parameter.obj
 0001:0000d154       __acrt_initialize_invalid_parameter_handler 000000018000e154 f   libucrt:invalid_parameter.obj
 0001:0000d15c       _invalid_parameter         000000018000e15c f   libucrt:invalid_parameter.obj
 0001:0000d204       _invalid_parameter_noinfo  000000018000e204 f   libucrt:invalid_parameter.obj
 0001:0000d224       _invalid_parameter_noinfo_noreturn 000000018000e224 f   libucrt:invalid_parameter.obj
 0001:0000d254       _invoke_watson             000000018000e254 f   libucrt:invalid_parameter.obj
 0001:0000d29c       abort                      000000018000e29c f   libucrt:abort.obj
 0001:0000d2f4       free                       000000018000e2f4 f   libucrt:free.obj
 0001:0000d2fc       ??0_LocaleUpdate@@QEAA@QEAU__crt_locale_pointers@@@Z 000000018000e2fc f i libucrt:stricmp.obj
 0001:0000d38c       __ascii_stricmp            000000018000e38c f   libucrt:stricmp.obj
 0001:0000d3c8       _stricmp                   000000018000e3c8 f   libucrt:stricmp.obj
 0001:0000d410       _stricmp_l                 000000018000e410 f   libucrt:stricmp.obj
 0001:0000d4c4       __acrt_initialize_locks    000000018000e4c4 f   libucrt:locks.obj
 0001:0000d50c       __acrt_lock                000000018000e50c f   libucrt:locks.obj
 0001:0000d528       __acrt_uninitialize_locks  000000018000e528 f   libucrt:locks.obj
 0001:0000d560       __acrt_unlock              000000018000e560 f   libucrt:locks.obj
 0001:0000d57c       _lock_locales              000000018000e57c f   libucrt:locks.obj
 0001:0000d58c       _unlock_locales            000000018000e58c f   libucrt:locks.obj
 0001:0000d59c       malloc                     000000018000e59c f   libucrt:malloc.obj
 0001:0000d68c       setlocale                  000000018000e68c f   libucrt:setlocale.obj
 0001:0000d858       __acrt_errno_from_os_error 000000018000e858 f   libucrt:errno.obj
 0001:0000d8a0       __acrt_errno_map_os_error  000000018000e8a0 f   libucrt:errno.obj
 0001:0000d8f0       __doserrno                 000000018000e8f0 f   libucrt:errno.obj
 0001:0000d910       _errno                     000000018000e910 f   libucrt:errno.obj
 0001:0000d930       __acrt_initialize_stdio    000000018000e930 f   libucrt:_file.obj
 0001:0000da50       __acrt_iob_func            000000018000ea50 f   libucrt:_file.obj
 0001:0000da64       __acrt_uninitialize_stdio  000000018000ea64 f   libucrt:_file.obj
 0001:0000dac0       _get_stream_buffer_pointers 000000018000eac0 f   libucrt:_file.obj
 0001:0000db08       _lock_file                 000000018000eb08 f   libucrt:_file.obj
 0001:0000db14       _unlock_file               000000018000eb14 f   libucrt:_file.obj
 0001:0000db20       _fclose_nolock             000000018000eb20 f   libucrt:fclose.obj
 0001:0000dba4       fclose                     000000018000eba4 f   libucrt:fclose.obj
 0001:0000dc10       __acrt_stdio_flush_nolock  000000018000ec10 f   libucrt:fflush.obj
 0001:0000dc88       _fflush_nolock             000000018000ec88 f   libucrt:fflush.obj
 0001:0000dcd4       _flushall                  000000018000ecd4 f   libucrt:fflush.obj
 0001:0000ddc4       fflush                     000000018000edc4 f   libucrt:fflush.obj
 0001:0000de08       _fgetc_nolock              000000018000ee08 f   libucrt:fgetc.obj
 0001:0000de4c       fgetc                      000000018000ee4c f   libucrt:fgetc.obj
 0001:0000df50       fgetpos                    000000018000ef50 f   libucrt:fgetpos.obj
 0001:0000df9c       fputc                      000000018000ef9c f   libucrt:fputc.obj
 0001:0000e0bc       fsetpos                    000000018000f0bc f   libucrt:fsetpos.obj
 0001:0000e368       _fseeki64                  000000018000f368 f   libucrt:fseek.obj
 0001:0000e370       ??$?RV<lambda_5d4c3fee44080f75d5d9762853974fe0>@@AEAV<lambda_532e024f4337e6fc7ad266c2bef9f4ed>@@V<lambda_c87bdc10097eb2402edb8ba9bdf0697b>@@@?$__crt_seh_guarded_call@_K@@QEAA_K$$QEAV<lambda_5d4c3fee44080f75d5d9762853974fe0>@@AEAV<lambda_532e024f4337e6fc7ad266c2bef9f4ed>@@$$QEAV<lambda_c87bdc10097eb2402edb8ba9bdf0697b>@@@Z 000000018000f370 f i libucrt:fwrite.obj
 0001:0000e414       _fwrite_nolock             000000018000f414 f   libucrt:fwrite.obj
 0001:0000e5b0       fwrite                     000000018000f5b0 f   libucrt:fwrite.obj
 0001:0000e634       ??$?RV<lambda_7a5ef57ff966f610505f1d28a3d40618>@@AEAV<lambda_b721fa326cdb32351d23dfa67958c160>@@V<lambda_5e0fb27672408a07956fe59e48ccb2aa>@@@?$__crt_seh_guarded_call@H@@QEAAH$$QEAV<lambda_7a5ef57ff966f610505f1d28a3d40618>@@AEAV<lambda_b721fa326cdb32351d23dfa67958c160>@@$$QEAV<lambda_5e0fb27672408a07956fe59e48ccb2aa>@@@Z 000000018000f634 f i libucrt:setvbuf.obj
 0001:0000e764       setvbuf                    000000018000f764 f   libucrt:setvbuf.obj
 0001:0000e804       _ungetc_nolock             000000018000f804 f   libucrt:ungetc.obj
 0001:0000e914       ungetc                     000000018000f914 f   libucrt:ungetc.obj
 0001:0000e974       _calloc_base               000000018000f974 f   libucrt:calloc_base.obj
 0001:0000e9ec       __pctype_func              000000018000f9ec f   libucrt:ctype.obj
 0001:0000ea1c       islower                    000000018000fa1c f i libucrt:_ctype.obj
 0001:0000ea90       isupper                    000000018000fa90 f i libucrt:_ctype.obj
 0001:0000eb04       _wcsdup                    000000018000fb04 f   libucrt:wcsdup.obj
 0001:0000eb88       ___lc_codepage_func        000000018000fb88 f   libucrt:initctype.obj
 0001:0000ebb8       ___lc_locale_name_func     000000018000fbb8 f   libucrt:initctype.obj
 0001:0000ebec       __acrt_locale_initialize_ctype 000000018000fbec f   libucrt:initctype.obj
 0001:0000f1c0       _malloc_base               00000001800101c0 f   libucrt:malloc_base.obj
 0001:0000f220       _realloc_base              0000000180010220 f   libucrt:realloc_base.obj
 0001:0000f2b0       pow                        00000001800102b0 f   libucrt:pow.obj
 0001:00010950       powf                       0000000180011950 f   libucrt:powf.obj
 0001:00011818       __strncnt                  0000000180012818 f   libucrt:strncnt.obj
 0001:00011830       _free_base                 0000000180012830 f   libucrt:free_base.obj
 0001:00011870       terminate                  0000000180012870 f   libucrt:terminate.obj
 0001:00011910       _ismbblead                 0000000180012910 f   libucrt:ismbbyte.obj
 0001:00011974       _tolower_l                 0000000180012974 f   libucrt:tolower_toupper.obj
 0001:00011ab4       wcscpy_s                   0000000180012ab4 f   libucrt:wcscpy_s.obj
 0001:00011b1c       wcsnlen                    0000000180012b1c f   libucrt:strnlen.obj
 0001:00011d0c       __acrt_initialize_new_handler 0000000180012d0c f   libucrt:new_handler.obj
 0001:00011d14       _callnewh                  0000000180012d14 f   libucrt:new_handler.obj
 0001:00011d54       _query_new_handler         0000000180012d54 f   libucrt:new_handler.obj
 0001:00011d88       _seh_filter_dll            0000000180012d88 f   libucrt:exception_filter.obj
 0001:00011d9c       _seh_filter_exe            0000000180012d9c f   libucrt:exception_filter.obj
 0001:0001215c       __acrt_initialize_thread_local_exit_callback 000000018001315c f   libucrt:exit.obj
 0001:00012164       _cexit                     0000000180013164 f   libucrt:exit.obj
 0001:00012174       _exit                      0000000180013174 f   libucrt:exit.obj
 0001:00012180       _is_c_termination_complete 0000000180013180 f   libucrt:exit.obj
 0001:00012344       __acrt_allocate_buffer_for_argv 0000000180013344 f   libucrt:argv_parsing.obj
 0001:000123a8       _configure_narrow_argv     00000001800133a8 f   libucrt:argv_parsing.obj
 0001:00012704       __dcrt_uninitialize_environments_nolock 0000000180013704 f   libucrt:environment_initialization.obj
 0001:0001273c       _initialize_narrow_environment 000000018001373c f   libucrt:environment_initialization.obj
 0001:00012744       ??$?RV<lambda_b8c45f8f788dd370798f47cfe8ac3a86>@@AEAV<lambda_4e60a939b0d047cfe11ddc22648dfba9>@@V<lambda_332c3edc96d0294ec56c57d38c1cdfd5>@@@?$__crt_seh_guarded_call@H@@QEAAH$$QEAV<lambda_b8c45f8f788dd370798f47cfe8ac3a86>@@AEAV<lambda_4e60a939b0d047cfe11ddc22648dfba9>@@$$QEAV<lambda_332c3edc96d0294ec56c57d38c1cdfd5>@@@Z 0000000180013744 f i libucrt:onexit.obj
 0001:00012780       ??$?RV<lambda_e24bbb7b643b32fcea6fa61b31d4c984>@@AEAV<lambda_275893d493268fdec8709772e3fcec0e>@@V<lambda_9d71df4d7cf3f480f8d633942495c3b0>@@@?$__crt_seh_guarded_call@H@@QEAAH$$QEAV<lambda_e24bbb7b643b32fcea6fa61b31d4c984>@@AEAV<lambda_275893d493268fdec8709772e3fcec0e>@@$$QEAV<lambda_9d71df4d7cf3f480f8d633942495c3b0>@@@Z 0000000180013780 f i libucrt:onexit.obj
 0001:00012afc       _crt_atexit                0000000180013afc f   libucrt:onexit.obj
 0001:00012b0c       _execute_onexit_table      0000000180013b0c f   libucrt:onexit.obj
 0001:00012b48       _initialize_onexit_table   0000000180013b48 f   libucrt:onexit.obj
 0001:00012b88       _register_onexit_function  0000000180013b88 f   libucrt:onexit.obj
 0001:00012d04       __acrt_initialize          0000000180013d04 f   libucrt:initialization.obj
 0001:00012d18       __acrt_thread_attach       0000000180013d18 f   libucrt:initialization.obj
 0001:00012d2c       __acrt_thread_detach       0000000180013d2c f   libucrt:initialization.obj
 0001:00012d3c       __acrt_uninitialize        0000000180013d3c f   libucrt:initialization.obj
 0001:00012d50       __acrt_uninitialize_critical 0000000180013d50 f   libucrt:initialization.obj
 0001:00012d60       _initterm                  0000000180013d60 f   libucrt:initterm.obj
 0001:00012dd8       _initterm_e                0000000180013dd8 f   libucrt:initterm.obj
 0001:00012e30       exp                        0000000180013e30 f   libucrt:exp.obj
 0001:00013228       sqrt                       0000000180014228 f   libucrt:sqrt.obj
 0001:000132fc       wcsncpy_s                  00000001800142fc f   libucrt:wcsncpy_s.obj
 0001:000133e0       strcpy_s                   00000001800143e0 f   libucrt:strcpy_s.obj
 0001:00013440       ??$is_overflow_condition@K@__crt_strtox@@YA_NIK@Z 0000000180014440 f i libucrt:atox.obj
 0001:0001346c       ??$make_c_string_character_source@_W$$T@__crt_strtox@@YA?AV?$c_string_character_source@_W@0@QEB_W$$T@Z 000000018001446c f i libucrt:atox.obj
 0001:00013480       ??$parse_integer@KV?$c_string_character_source@_W@__crt_strtox@@@__crt_strtox@@YAKQEAU__crt_locale_pointers@@V?$c_string_character_source@_W@0@H_N@Z 0000000180014480 f i libucrt:atox.obj
 0001:00013b54       _wtol                      0000000180014b54 f   libucrt:atox.obj
 0001:00013b80       ??$?RV<lambda_46352004c1216016012b18bd6f87e700>@@AEAV<lambda_3bd07e1a1191394380780325891bf33f>@@V<lambda_334532d3f185bcaa59b5be82d7d22bff>@@@?$__crt_seh_guarded_call@X@@QEAAX$$QEAV<lambda_46352004c1216016012b18bd6f87e700>@@AEAV<lambda_3bd07e1a1191394380780325891bf33f>@@$$QEAV<lambda_334532d3f185bcaa59b5be82d7d22bff>@@@Z 0000000180014b80 f i libucrt:per_thread_data.obj
 0001:00013be0       ??$?RV<lambda_5e887d1dcbef67a5eb4283622ba103bf>@@AEAV<lambda_4466841279450cc726390878d4a41900>@@V<lambda_341c25c0346d94847f1f3c463c57e077>@@@?$__crt_seh_guarded_call@X@@QEAAX$$QEAV<lambda_5e887d1dcbef67a5eb4283622ba103bf>@@AEAV<lambda_4466841279450cc726390878d4a41900>@@$$QEAV<lambda_341c25c0346d94847f1f3c463c57e077>@@@Z 0000000180014be0 f i libucrt:per_thread_data.obj
 0001:00013c28       ??$?RV<lambda_72d1df2b273a38828b1ce30cbf4cdab5>@@AEAV<lambda_876a65b173b8412d3a47c70a915b0cf4>@@V<lambda_41932305e351933ebe8f8be3ed8bb5dc>@@@?$__crt_seh_guarded_call@X@@QEAAX$$QEAV<lambda_72d1df2b273a38828b1ce30cbf4cdab5>@@AEAV<lambda_876a65b173b8412d3a47c70a915b0cf4>@@$$QEAV<lambda_41932305e351933ebe8f8be3ed8bb5dc>@@@Z 0000000180014c28 f i libucrt:per_thread_data.obj
 0001:00013c68       ??$?RV<lambda_fb3a7dec4e47f37f22dae91bb15c9095>@@AEAV<lambda_698284760c8add0bfb0756c19673e34b>@@V<lambda_dfb8eca1e75fef3034a8fb18dd509707>@@@?$__crt_seh_guarded_call@X@@QEAAX$$QEAV<lambda_fb3a7dec4e47f37f22dae91bb15c9095>@@AEAV<lambda_698284760c8add0bfb0756c19673e34b>@@$$QEAV<lambda_dfb8eca1e75fef3034a8fb18dd509707>@@@Z 0000000180014c68 f i libucrt:per_thread_data.obj
 0001:00013ef8       __acrt_freeptd             0000000180014ef8 f   libucrt:per_thread_data.obj
 0001:00013f3c       __acrt_getptd              0000000180014f3c f   libucrt:per_thread_data.obj
 0001:00013fd0       __acrt_getptd_noexit       0000000180014fd0 f   libucrt:per_thread_data.obj
 0001:00014070       __acrt_initialize_ptd      0000000180015070 f   libucrt:per_thread_data.obj
 0001:000140ac       __acrt_uninitialize_ptd    00000001800150ac f   libucrt:per_thread_data.obj
 0001:000140d0       ??$?RV<lambda_c36588078e9f5dfd39652860aa6b3aaf>@@AEAV<lambda_ec61778202f4f5fc7e7711acc23c3bca>@@V<lambda_dc9d2797ccde5d239b4a0efae8ebd7db>@@@?$__crt_seh_guarded_call@P6AXH@Z@@QEAAP6AXH@Z$$QEAV<lambda_c36588078e9f5dfd39652860aa6b3aaf>@@AEAV<lambda_ec61778202f4f5fc7e7711acc23c3bca>@@$$QEAV<lambda_dc9d2797ccde5d239b4a0efae8ebd7db>@@@Z 00000001800150d0 f i libucrt:signal.obj
 0001:00014118       __acrt_get_sigabrt_handler 0000000180015118 f   libucrt:signal.obj
 0001:00014148       __acrt_initialize_signal_handlers 0000000180015148 f   libucrt:signal.obj
 0001:00014168       raise                      0000000180015168 f   libucrt:signal.obj
 0001:00014404       __acrt_update_locale_info  0000000180015404 f   libucrt:locale_update.obj
 0001:00014438       __acrt_update_multibyte_info 0000000180015438 f   libucrt:locale_update.obj
 0001:0001446c       ??$?RV<lambda_5df02c53a8f32f81fd64e5bbb78039f1>@@AEAV<lambda_2af78c5f5901b1372d98f9ab3177dfa6>@@AEAV<lambda_f51fe5fd7c79a33db34fc9310f277369>@@@?$__crt_seh_guarded_call@X@@QEAAX$$QEAV<lambda_5df02c53a8f32f81fd64e5bbb78039f1>@@AEAV<lambda_2af78c5f5901b1372d98f9ab3177dfa6>@@AEAV<lambda_f51fe5fd7c79a33db34fc9310f277369>@@@Z 000000018001546c f i libucrt:wsetlocale.obj
 0001:00014498       ??$?RV<lambda_d67e8342c384adda8f857579ab50b2ae>@@AEAV<lambda_30712929f77e709619002f448b6a9510>@@V<lambda_4525336fd7e478d965fb7ca7a337cad8>@@@?$__crt_seh_guarded_call@X@@QEAAX$$QEAV<lambda_d67e8342c384adda8f857579ab50b2ae>@@AEAV<lambda_30712929f77e709619002f448b6a9510>@@$$QEAV<lambda_4525336fd7e478d965fb7ca7a337cad8>@@@Z 0000000180015498 f i libucrt:wsetlocale.obj
 0001:00014664       __acrt_copy_locale_name    0000000180015664 f   libucrt:wsetlocale.obj
 0001:000146e8       __acrt_set_locale_changed  00000001800156e8 f   libucrt:wsetlocale.obj
 0001:000146f4       __acrt_uninitialize_locale 00000001800156f4 f   libucrt:wsetlocale.obj
 0001:0001473c       __lc_lctowcs               000000018001573c f   libucrt:wsetlocale.obj
 0001:000147e0       __lc_wcstolc               00000001800157e0 f   libucrt:wsetlocale.obj
 0001:00014a58       _expandlocale              0000000180015a58 f   libucrt:wsetlocale.obj
 0001:00014e54       _wcscats                   0000000180015e54 f   libucrt:wsetlocale.obj
 0001:00014ebc       _wsetlocale                0000000180015ebc f   libucrt:wsetlocale.obj
 0001:0001574c       ??$?RV<lambda_630b2aca97f6d20d5b5ea6529ea6b6af>@@AEAV<lambda_af91936f1d075d609f72d9d8cba980af>@@V<lambda_e82fa975f615b5c7c7b0e4d178fdae67>@@@?$__crt_seh_guarded_call@H@@QEAAH$$QEAV<lambda_630b2aca97f6d20d5b5ea6529ea6b6af>@@AEAV<lambda_af91936f1d075d609f72d9d8cba980af>@@$$QEAV<lambda_e82fa975f615b5c7c7b0e4d178fdae67>@@@Z 000000018001674c f i libucrt:winapi_thunks.obj
 0001:00015984       __acrt_EnumSystemLocalesEx 0000000180016984 f   libucrt:winapi_thunks.obj
 0001:00015a2c       __acrt_FlsAlloc            0000000180016a2c f   libucrt:winapi_thunks.obj
 0001:00015a84       __acrt_FlsFree             0000000180016a84 f   libucrt:winapi_thunks.obj
 0001:00015adc       __acrt_FlsGetValue         0000000180016adc f   libucrt:winapi_thunks.obj
 0001:00015b34       __acrt_FlsSetValue         0000000180016b34 f   libucrt:winapi_thunks.obj
 0001:00015b9c       __acrt_GetLocaleInfoEx     0000000180016b9c f   libucrt:winapi_thunks.obj
 0001:00015c34       __acrt_GetUserDefaultLocaleName 0000000180016c34 f   libucrt:winapi_thunks.obj
 0001:00015ca8       __acrt_InitializeCriticalSectionEx 0000000180016ca8 f   libucrt:winapi_thunks.obj
 0001:00015d20       __acrt_IsValidLocaleName   0000000180016d20 f   libucrt:winapi_thunks.obj
 0001:00015d88       __acrt_LCIDToLocaleName    0000000180016d88 f   libucrt:winapi_thunks.obj
 0001:00015e14       __acrt_LCMapStringEx       0000000180016e14 f   libucrt:winapi_thunks.obj
 0001:00015f04       __acrt_LocaleNameToLCID    0000000180016f04 f   libucrt:winapi_thunks.obj
 0001:00015f6c       __acrt_can_use_vista_locale_apis 0000000180016f6c f   libucrt:winapi_thunks.obj
 0001:00015f9c       __acrt_initialize_winapi_thunks 0000000180016f9c f   libucrt:winapi_thunks.obj
 0001:00015fd4       __acrt_is_packaged_app     0000000180016fd4 f   libucrt:winapi_thunks.obj
 0001:0001605c       __acrt_uninitialize_winapi_thunks 000000018001705c f   libucrt:winapi_thunks.obj
 0001:0001627c       _mbstowcs_s_l              000000018001727c f   libucrt:mbstowcs.obj
 0001:000163ac       mbstowcs_s                 00000001800173ac f   libucrt:mbstowcs.obj
 0001:00016700       _wcstombs_s_l              0000000180017700 f   libucrt:wcstombs.obj
 0001:000167ec       _fcloseall                 00000001800177ec f   libucrt:closeall.obj
 0001:000168a0       __acrt_stdio_free_buffer_nolock 00000001800178a0 f   libucrt:_freebuf.obj
 0001:00016ac8       __acrt_initialize_lowio    0000000180017ac8 f   libucrt:ioinit.obj
 0001:00016b04       __acrt_uninitialize_lowio  0000000180017b04 f   libucrt:ioinit.obj
 0001:00016b44       ??$?RV<lambda_bfedae4ebbf01fab1bb6dcc6a9e276e0>@@AEAV<lambda_2fe9b910cf3cbf4a0ab98a02ba45b3ec>@@V<lambda_237c231691f317818eb88cc1d5d642d6>@@@?$__crt_seh_guarded_call@H@@QEAAH$$QEAV<lambda_bfedae4ebbf01fab1bb6dcc6a9e276e0>@@AEAV<lambda_2fe9b910cf3cbf4a0ab98a02ba45b3ec>@@$$QEAV<lambda_237c231691f317818eb88cc1d5d642d6>@@@Z 0000000180017b44 f i libucrt:close.obj
 0001:00016bb8       _close                     0000000180017bb8 f   libucrt:close.obj
 0001:00016c5c       _close_nolock              0000000180017c5c f   libucrt:close.obj
 0001:00016d18       _fileno                    0000000180017d18 f   libucrt:fileno.obj
 0001:00016d40       ?__acrt_stdio_free_stream@@YAXV__crt_stdio_stream@@@Z 0000000180017d40 f   libucrt:stream.obj
 0001:00016d84       ??$?RV<lambda_b521505b218e5242e90febf6bfebc422>@@AEAV<lambda_6978c1fb23f02e42e1d9e99668cc68aa>@@V<lambda_314360699dd331753a4119843814e9a7>@@@?$__crt_seh_guarded_call@H@@QEAAH$$QEAV<lambda_b521505b218e5242e90febf6bfebc422>@@AEAV<lambda_6978c1fb23f02e42e1d9e99668cc68aa>@@$$QEAV<lambda_314360699dd331753a4119843814e9a7>@@@Z 0000000180017d84 f i libucrt:commit.obj
 0001:00016e10       _commit                    0000000180017e10 f   libucrt:commit.obj
 0001:00017444       _write                     0000000180018444 f   libucrt:write.obj
 0001:00017530       _write_nolock              0000000180018530 f   libucrt:write.obj
 0001:000179bc       __acrt_stdio_refill_and_read_narrow_nolock 00000001800189bc f   libucrt:_filbuf.obj
 0001:00017e80       _ftelli64                  0000000180018e80 f   libucrt:ftell.obj
 0001:00017e88       _ftelli64_nolock           0000000180018e88 f   libucrt:ftell.obj
 0001:00017f94       __acrt_stdio_flush_and_write_narrow_nolock 0000000180018f94 f   libucrt:_flsbuf.obj
 0001:00018208       _lseeki64                  0000000180019208 f   libucrt:lseek.obj
 0001:00018210       _lseeki64_nolock           0000000180019210 f   libucrt:lseek.obj
 0001:00018218       __acrt_stdio_begin_temporary_buffering_nolock 0000000180019218 f   libucrt:_sftbuf.obj
 0001:000182e8       __acrt_stdio_end_temporary_buffering_nolock 00000001800192e8 f   libucrt:_sftbuf.obj
 0001:00018324       __acrt_stdio_allocate_buffer_nolock 0000000180019324 f   libucrt:_getbuf.obj
 0001:00018388       _query_new_mode            0000000180019388 f   libucrt:new_mode.obj
 0001:00018390       __acrt_initialize_heap     0000000180019390 f   libucrt:heap_handle.obj
 0001:000183ac       __acrt_uninitialize_heap   00000001800193ac f   libucrt:heap_handle.obj
 0001:000183b8       _isctype_l                 00000001800193b8 f   libucrt:isctype.obj
 0001:00018668       __acrt_GetLocaleInfoA      0000000180019668 f   libucrt:getlocaleinfoa.obj
 0001:00018830       __acrt_GetStringTypeA      0000000180019830 f   libucrt:getstringtypea.obj
 0001:00018d40       __acrt_LCMapStringA        0000000180019d40 f   libucrt:lcmapstringa.obj
 0001:00018dd8       iswctype                   0000000180019dd8 f   libucrt:iswctype.obj
 0001:00018e48       _raise_exc                 0000000180019e48 f   libucrt:fpexcept.obj
 0001:00018e70       _raise_exc_ex              0000000180019e70 f   libucrt:fpexcept.obj
 0001:00019178       _raise_excf                000000018001a178 f   libucrt:fpexcept.obj
 0001:000191a4       _set_errno_from_matherr    000000018001a1a4 f   libucrt:fpexcept.obj
 0001:000191d4       _clrfp                     000000018001a1d4 f   libucrt:fpctrl.obj
 0001:000191f4       _ctrlfp                    000000018001a1f4 f   libucrt:fpctrl.obj
 0001:00019270       _set_statfp                000000018001a270 f   libucrt:fpctrl.obj
 0001:00019290       _statfp                    000000018001a290 f   libucrt:fpctrl.obj
 0001:000192a4       _mbtowc_l                  000000018001a2a4 f   libucrt:mbtowc.obj
 0001:000193ec       mbtowc                     000000018001a3ec f   libucrt:mbtowc.obj
 0001:00019400       __acrt_initialize_fma3     000000018001a400 f   libucrt:fma3_available.obj
 0001:00019470       _pow_special               000000018001a470 f   libucrt:pow_special.obj
 0001:00019594       _powf_special              000000018001a594 f   libucrt:pow_special.obj
 0001:00019720       _wcsicmp                   000000018001a720 f   libucrt:wcsicmp.obj
 0001:000197a8       _wcsicmp_l                 000000018001a7a8 f   libucrt:wcsicmp.obj
 0001:00019898       __acrt_initialize_timeset  000000018001a898 f   libucrt:timeset.obj
 0001:000198c8       _isleadbyte_l              000000018001a8c8 f i libucrt:_wctype.obj
 0001:00019de4       ?expand_if_necessary@?$argument_list@D@?A0xca0879c4@@AEAAHXZ 000000018001ade4 f i libucrt:argv_wildcards.obj
 0001:00019eac       __acrt_expand_narrow_argv_wildcards 000000018001aeac f   libucrt:argv_wildcards.obj
 0001:00019eb4       ??$?RV<lambda_99476a1ad63dd22509b5d3e65b0ffc95>@@AEAV<lambda_ad1ced32f4ac17aa236e5ef05d6b3b7c>@@V<lambda_f7424dd8d45958661754dc4f2697e9c3>@@@?$__crt_seh_guarded_call@X@@QEAAX$$QEAV<lambda_99476a1ad63dd22509b5d3e65b0ffc95>@@AEAV<lambda_ad1ced32f4ac17aa236e5ef05d6b3b7c>@@$$QEAV<lambda_f7424dd8d45958661754dc4f2697e9c3>@@@Z 000000018001aeb4 f i libucrt:mbctype.obj
 0001:0001a5b0       __acrt_initialize_multibyte 000000018001b5b0 f   libucrt:mbctype.obj
 0001:0001a5d8       __acrt_update_thread_multibyte_data 000000018001b5d8 f   libucrt:mbctype.obj
 0001:0001a698       _setmbcp_nolock            000000018001b698 f   libucrt:mbctype.obj
 0001:0001a940       __acrt_initialize_command_line 000000018001b940 f   libucrt:argv_data.obj
 0001:0001a968       ?do_always_noconv@?$codecvt@DDU_Mbstatet@@@std@@MEBA_NXZ 000000018001b968 f   libcpmt:cerr.obj
 0001:0001a968       __acrt_uninitialize_command_line 000000018001b968 f   libucrt:argv_data.obj
 0001:0001a96c       __dcrt_get_narrow_environment_from_os 000000018001b96c f   libucrt:get_environment_from_os.obj
 0001:0001aa70       _recalloc                  000000018001ba70 f   libucrt:recalloc.obj
 0001:0001aa78       _recalloc_base             000000018001ba78 f   libucrt:recalloc.obj
 0001:0001ab10       __acrt_execute_initializers 000000018001bb10 f   libucrt:shared_initialization.obj
 0001:0001aba4       __acrt_execute_uninitializers 000000018001bba4 f   libucrt:shared_initialization.obj
 0001:0001abf4       __acrt_has_user_matherr    000000018001bbf4 f   libucrt:matherr.obj
 0001:0001ac14       __acrt_initialize_user_matherr 000000018001bc14 f   libucrt:matherr.obj
 0001:0001ac1c       __acrt_invoke_user_matherr 000000018001bc1c f   libucrt:matherr.obj
 0001:0001ac64       _exp_special               000000018001bc64 f   libucrt:exp_special.obj
 0001:0001ae20       _handle_error              000000018001be20 f   libucrt:libm_error.obj
 0001:0001af48       _handle_errorf             000000018001bf48 f   libucrt:libm_error.obj
 0001:0001b07c       _handle_nan                000000018001c07c f   libucrt:libm_error.obj
 0001:0001b098       _handle_nanf               000000018001c098 f   libucrt:libm_error.obj
 0001:0001b0a8       __acrt_add_locale_ref      000000018001c0a8 f   libucrt:locale_refcounting.obj
 0001:0001b134       __acrt_free_locale         000000018001c134 f   libucrt:locale_refcounting.obj
 0001:0001b2ac       __acrt_locale_add_lc_time_reference 000000018001c2ac f   libucrt:locale_refcounting.obj
 0001:0001b2d4       __acrt_locale_free_lc_time_if_unreferenced 000000018001c2d4 f   libucrt:locale_refcounting.obj
 0001:0001b30c       __acrt_locale_release_lc_time_reference 000000018001c30c f   libucrt:locale_refcounting.obj
 0001:0001b334       __acrt_release_locale_ref  000000018001c334 f   libucrt:locale_refcounting.obj
 0001:0001b3dc       __acrt_update_thread_locale_data 000000018001c3dc f   libucrt:locale_refcounting.obj
 0001:0001b44c       _updatetlocinfoEx_nolock   000000018001c44c f   libucrt:locale_refcounting.obj
 0001:0001b4b4       __acrt_locale_free_monetary 000000018001c4b4 f   libucrt:initmon.obj
 0001:0001b5c0       __acrt_locale_initialize_monetary 000000018001c5c0 f   libucrt:initmon.obj
 0001:0001baf8       __acrt_locale_free_numeric 000000018001caf8 f   libucrt:initnum.obj
 0001:0001bb64       __acrt_locale_initialize_numeric 000000018001cb64 f   libucrt:initnum.obj
 0001:0001c1e8       __acrt_locale_free_time    000000018001d1e8 f   libucrt:inittime.obj
 0001:0001c2f0       __acrt_locale_initialize_time 000000018001d2f0 f   libucrt:inittime.obj
 0001:0001c384       wcscat_s                   000000018001d384 f   libucrt:wcscat_s.obj
 0001:0001c404       wcscspn                    000000018001d404 f   libucrt:wcscspn.obj
 0001:0001c444       wcsncmp                    000000018001d444 f   libucrt:wcsncmp.obj
 0001:0001c470       wcspbrk                    000000018001d470 f   libucrt:wcspbrk.obj
 0001:0001cd14       __acrt_get_qualified_locale 000000018001dd14 f   libucrt:get_qualified_locale.obj
 0001:0001d700       __acrt_get_qualified_locale_downlevel 000000018001e700 f   libucrt:getqloc_downlevel.obj
 0001:0001da58       __acrt_DownlevelLCIDToLocaleName 000000018001ea58 f   libucrt:lcidtoname_downlevel.obj
 0001:0001db3c       __acrt_DownlevelLocaleNameToLCID 000000018001eb3c f   libucrt:lcidtoname_downlevel.obj
 0001:0001db70       __acrt_lowio_create_handle_array 000000018001eb70 f   libucrt:osfinfo.obj
 0001:0001dc08       __acrt_lowio_destroy_handle_array 000000018001ec08 f   libucrt:osfinfo.obj
 0001:0001dc58       __acrt_lowio_ensure_fh_exists 000000018001ec58 f   libucrt:osfinfo.obj
 0001:0001dd10       __acrt_lowio_lock_fh       000000018001ed10 f   libucrt:osfinfo.obj
 0001:0001dd34       __acrt_lowio_unlock_fh     000000018001ed34 f   libucrt:osfinfo.obj
 0001:0001dd58       _free_osfhnd               000000018001ed58 f   libucrt:osfinfo.obj
 0001:0001de14       _get_osfhandle             000000018001ee14 f   libucrt:osfinfo.obj
 0001:0001de8c       _isatty                    000000018001ee8c f   libucrt:isatty.obj
 0001:0001deec       _putwch_nolock             000000018001eeec f   libucrt:putwch.obj
 0001:0001e478       _read                      000000018001f478 f   libucrt:read.obj
 0001:0001e590       _read_nolock               000000018001f590 f   libucrt:read.obj
 0001:0001e9f8       strncpy_s                  000000018001f9f8 f   libucrt:strncpy_s.obj
 0001:0001eae0       _get_fpsr                  000000018001fae0 f   libucrt:fpsr.obj
 0001:0001eaf0       _set_fpsr                  000000018001faf0 f   libucrt:fpsr.obj
 0001:0001eafa       _fclrf                     000000018001fafa f   libucrt:fpsr.obj
 0001:0001eb0e       _frnd                      000000018001fb0e f   libucrt:fpsr.obj
 0001:0001eb30       _towlower_l                000000018001fb30 f   libucrt:towlower.obj
 0001:0001ecd0       qsort                      000000018001fcd0 f   libucrt:qsort.obj
 0001:0001f004       strpbrk                    0000000180020004 f   libucrt:strpbrk.obj
 0001:0001f0a4       _mbsdec                    00000001800200a4 f   libucrt:mbsdec.obj
 0001:0001f0ac       _mbsdec_l                  00000001800200ac f   libucrt:mbsdec.obj
 0001:0001f15c       _msize                     000000018002015c f   libucrt:msize.obj
 0001:0001f2c0       _itow_s                    00000001800202c0 f   libucrt:xtoa.obj
 0001:0001f2e0       _wcsnicmp                  00000001800202e0 f   libucrt:wcsnicmp.obj
 0001:0001f37c       _wcsnicmp_l                000000018002037c f   libucrt:wcsnicmp.obj
 0001:0001f494       wcscmp                     0000000180020494 f   libucrt:wcscmp.obj
 0001:0001f4cc       _query_app_type            00000001800204cc f   libucrt:report_runtime_error.obj
 0001:0001f4d4       __dcrt_lowio_initialize_console_output 00000001800204d4 f   libucrt:initcon.obj
 0001:0001f510       __dcrt_terminate_console_output 0000000180020510 f   libucrt:initcon.obj
 0001:0001f530       log10                      0000000180020530 f   libucrt:log10.obj
 0001:0001fadc       __acrt_LCMapStringW        0000000180020adc f   libucrt:lcmapstringw.obj
 0001:0001fb70       _log10_special             0000000180020b70 f   libucrt:log_special.obj
 0001:0001fc26       IsProcessorFeaturePresent  0000000180020c26 f   kernel32:KERNEL32.dll
 0001:0001fc2c       RtlUnwindEx                0000000180020c2c f   kernel32:KERNEL32.dll
 0001:0001fc34       ?DloadAcquireSectionWriteAccess@@YAXXZ 0000000180020c34 f i DelayImp:delayhlp.obj
 0001:0001fcf0       ?DloadGetSRWLockFunctionPointers@@YAEXZ 0000000180020cf0 f i DelayImp:delayhlp.obj
 0001:0001fd8c       ?DloadMakePermanentImageCommit@@YAXPEAX_K@Z 0000000180020d8c f i DelayImp:delayhlp.obj
 0001:0001fe24       ?DloadObtainSection@@YAPEAXPEAK0@Z 0000000180020e24 f i DelayImp:delayhlp.obj
 0001:0001febc       ?DloadProtectSection@@YAXKPEAK@Z 0000000180020ebc f i DelayImp:delayhlp.obj
 0001:0001ff4c       ?DloadReleaseSectionWriteAccess@@YAXXZ 0000000180020f4c f i DelayImp:delayhlp.obj
 0001:0001fff0       __delayLoadHelper2         0000000180020ff0 f   DelayImp:delayhlp.obj
[...]
 0004:00001ea8       $pdata$?filt$0@?0??dllmain_dispatch@@YAHQEAUHINSTANCE__@@KQEAX@Z@4HA 000000018003dea8     LIBCMT:dll_dllmain.obj
 0004:00001eb4       $pdata$__CxxCallCatchBlock$filt$0 000000018003deb4     libvcruntime:frame.obj
 0004:00001ec0       $pdata$__CxxCallCatchBlock$fin$1 000000018003dec0     libvcruntime:frame.obj
 0004:00001ecc       $pdata$__DestructExceptionObject$filt$0 000000018003decc     libvcruntime:frame.obj
 0004:00001ed8       $pdata$__FrameUnwindToState$filt$0 000000018003ded8     libvcruntime:frame.obj
 0004:00001ee4       $pdata$__FrameUnwindToState$fin$1 000000018003dee4     libvcruntime:frame.obj
 0004:00001ef0       $pdata$_CallSETranslator$filt$0 000000018003def0     libvcruntime:trnsctrl.obj
 0004:00001efc       $pdata$setlocale$fin$0     000000018003defc     libucrt:setlocale.obj
 0004:00001f08       $pdata$fflush$fin$0        000000018003df08     libucrt:fflush.obj
 0004:00001f08       $pdata$fclose$fin$0        000000018003df08     libucrt:fclose.obj
 0004:00001f14       $pdata$common_flush_all$fin$0 000000018003df14     libucrt:fflush.obj
 0004:00001f20       $pdata$common_flush_all$fin$1 000000018003df20     libucrt:fflush.obj
 0004:00001f2c       $pdata$fgetc$fin$0         000000018003df2c     libucrt:fgetc.obj
 0004:00001f38       $pdata$fputc$fin$0         000000018003df38     libucrt:fputc.obj
 0004:00001f44       $pdata$?fin$0@?0???$common_ftell@_J@@YA_JV__crt_stdio_stream@@@Z@4HA 000000018003df44     libucrt:ftell.obj
 0004:00001f44       $pdata$?fin$0@?0??common_fseek@@YAHV__crt_stdio_stream@@_JH@Z@4HA 000000018003df44     libucrt:fseek.obj
 0004:00001f50       $pdata$?fin$0@?0???$?RV<lambda_7a5ef57ff966f610505f1d28a3d40618>@@AEAV<lambda_b721fa326cdb32351d23dfa67958c160>@@V<lambda_5e0fb27672408a07956fe59e48ccb2aa>@@@?$__crt_seh_guarded_call@H@@QEAAH$$QEAV<lambda_7a5ef57ff966f610505f1d28a3d40618>@@AEAV<lambda_b721fa326cdb32351d23dfa67958c160>@@$$QEAV<lambda_5e0fb27672408a07956fe59e48ccb2aa>@@@Z@4HA 000000018003df50     libucrt:setvbuf.obj
 0004:00001f50       $pdata$?fin$0@?0???$?RV<lambda_5d4c3fee44080f75d5d9762853974fe0>@@AEAV<lambda_532e024f4337e6fc7ad266c2bef9f4ed>@@V<lambda_c87bdc10097eb2402edb8ba9bdf0697b>@@@?$__crt_seh_guarded_call@_K@@QEAA_K$$QEAV<lambda_5d4c3fee44080f75d5d9762853974fe0>@@AEAV<lambda_532e024f4337e6fc7ad266c2bef9f4ed>@@$$QEAV<lambda_c87bdc10097eb2402edb8ba9bdf0697b>@@@Z@4HA 000000018003df50     libucrt:fwrite.obj
 0004:00001f5c       $pdata$ungetc$fin$0        000000018003df5c     libucrt:ungetc.obj
 0004:00001f68       $pdata$_query_new_handler$fin$0 000000018003df68     libucrt:new_handler.obj
 0004:00001f74       $pdata$?filt$0@?0??common_exit@@YAXHW4_crt_exit_cleanup_mode@@W4_crt_exit_return_mode@@@Z@4HA 000000018003df74     libucrt:exit.obj
 0004:00001f80       $pdata$?fin$1@?0??common_exit@@YAXHW4_crt_exit_cleanup_mode@@W4_crt_exit_return_mode@@@Z@4HA 000000018003df80     libucrt:exit.obj
 0004:00001f8c       $pdata$?fin$0@?0???$?RV<lambda_e24bbb7b643b32fcea6fa61b31d4c984>@@AEAV<lambda_275893d493268fdec8709772e3fcec0e>@@V<lambda_9d71df4d7cf3f480f8d633942495c3b0>@@@?$__crt_seh_guarded_call@H@@QEAAH$$QEAV<lambda_e24bbb7b643b32fcea6fa61b31d4c984>@@AEAV<lambda_275893d493268fdec8709772e3fcec0e>@@$$QEAV<lambda_9d71df4d7cf3f480f8d633942495c3b0>@@@Z@4HA 000000018003df8c     libucrt:onexit.obj
 0004:00001f98       $pdata$raise$fin$0         000000018003df98     libucrt:signal.obj
 0004:00001fa4       $pdata$?fin$0@?0???$?RV<lambda_5df02c53a8f32f81fd64e5bbb78039f1>@@AEAV<lambda_2af78c5f5901b1372d98f9ab3177dfa6>@@AEAV<lambda_f51fe5fd7c79a33db34fc9310f277369>@@@?$__crt_seh_guarded_call@X@@QEAAX$$QEAV<lambda_5df02c53a8f32f81fd64e5bbb78039f1>@@AEAV<lambda_2af78c5f5901b1372d98f9ab3177dfa6>@@AEAV<lambda_f51fe5fd7c79a33db34fc9310f277369>@@@Z@4HA 000000018003dfa4     libucrt:wsetlocale.obj
 0004:00001fb0       $pdata$?fin$0@?0???$?RV<lambda_46352004c1216016012b18bd6f87e700>@@AEAV<lambda_3bd07e1a1191394380780325891bf33f>@@V<lambda_334532d3f185bcaa59b5be82d7d22bff>@@@?$__crt_seh_guarded_call@X@@QEAAX$$QEAV<lambda_46352004c1216016012b18bd6f87e700>@@AEAV<lambda_3bd07e1a1191394380780325891bf33f>@@$$QEAV<lambda_334532d3f185bcaa59b5be82d7d22bff>@@@Z@4HA 000000018003dfb0     libucrt:per_thread_data.obj
 0004:00001fb0       $pdata$?fin$0@?0???$?RV<lambda_c36588078e9f5dfd39652860aa6b3aaf>@@AEAV<lambda_ec61778202f4f5fc7e7711acc23c3bca>@@V<lambda_dc9d2797ccde5d239b4a0efae8ebd7db>@@@?$__crt_seh_guarded_call@P6AXH@Z@@QEAAP6AXH@Z$$QEAV<lambda_c36588078e9f5dfd39652860aa6b3aaf>@@AEAV<lambda_ec61778202f4f5fc7e7711acc23c3bca>@@$$QEAV<lambda_dc9d2797ccde5d239b4a0efae8ebd7db>@@@Z@4HA 000000018003dfb0     libucrt:signal.obj
 0004:00001fb0       $pdata$?fin$0@?0???$?RV<lambda_5e887d1dcbef67a5eb4283622ba103bf>@@AEAV<lambda_4466841279450cc726390878d4a41900>@@V<lambda_341c25c0346d94847f1f3c463c57e077>@@@?$__crt_seh_guarded_call@X@@QEAAX$$QEAV<lambda_5e887d1dcbef67a5eb4283622ba103bf>@@AEAV<lambda_4466841279450cc726390878d4a41900>@@$$QEAV<lambda_341c25c0346d94847f1f3c463c57e077>@@@Z@4HA 000000018003dfb0     libucrt:per_thread_data.obj
 0004:00001fb0       $pdata$?fin$0@?0???$?RV<lambda_d67e8342c384adda8f857579ab50b2ae>@@AEAV<lambda_30712929f77e709619002f448b6a9510>@@V<lambda_4525336fd7e478d965fb7ca7a337cad8>@@@?$__crt_seh_guarded_call@X@@QEAAX$$QEAV<lambda_d67e8342c384adda8f857579ab50b2ae>@@AEAV<lambda_30712929f77e709619002f448b6a9510>@@$$QEAV<lambda_4525336fd7e478d965fb7ca7a337cad8>@@@Z@4HA 000000018003dfb0     libucrt:wsetlocale.obj
 0004:00001fb0       $pdata$?fin$0@?0???$?RV<lambda_72d1df2b273a38828b1ce30cbf4cdab5>@@AEAV<lambda_876a65b173b8412d3a47c70a915b0cf4>@@V<lambda_41932305e351933ebe8f8be3ed8bb5dc>@@@?$__crt_seh_guarded_call@X@@QEAAX$$QEAV<lambda_72d1df2b273a38828b1ce30cbf4cdab5>@@AEAV<lambda_876a65b173b8412d3a47c70a915b0cf4>@@$$QEAV<lambda_41932305e351933ebe8f8be3ed8bb5dc>@@@Z@4HA 000000018003dfb0     libucrt:per_thread_data.obj
 0004:00001fb0       $pdata$?fin$0@?0???$?RV<lambda_fb3a7dec4e47f37f22dae91bb15c9095>@@AEAV<lambda_698284760c8add0bfb0756c19673e34b>@@V<lambda_dfb8eca1e75fef3034a8fb18dd509707>@@@?$__crt_seh_guarded_call@X@@QEAAX$$QEAV<lambda_fb3a7dec4e47f37f22dae91bb15c9095>@@AEAV<lambda_698284760c8add0bfb0756c19673e34b>@@$$QEAV<lambda_dfb8eca1e75fef3034a8fb18dd509707>@@@Z@4HA 000000018003dfb0     libucrt:per_thread_data.obj
 0004:00001fb0       $pdata$?fin$0@?0???$?RV<lambda_b8c45f8f788dd370798f47cfe8ac3a86>@@AEAV<lambda_4e60a939b0d047cfe11ddc22648dfba9>@@V<lambda_332c3edc96d0294ec56c57d38c1cdfd5>@@@?$__crt_seh_guarded_call@H@@QEAAH$$QEAV<lambda_b8c45f8f788dd370798f47cfe8ac3a86>@@AEAV<lambda_4e60a939b0d047cfe11ddc22648dfba9>@@$$QEAV<lambda_332c3edc96d0294ec56c57d38c1cdfd5>@@@Z@4HA 000000018003dfb0     libucrt:onexit.obj
 0004:00001fb0       $pdata$?fin$0@?0???$?RV<lambda_99476a1ad63dd22509b5d3e65b0ffc95>@@AEAV<lambda_ad1ced32f4ac17aa236e5ef05d6b3b7c>@@V<lambda_f7424dd8d45958661754dc4f2697e9c3>@@@?$__crt_seh_guarded_call@X@@QEAAX$$QEAV<lambda_99476a1ad63dd22509b5d3e65b0ffc95>@@AEAV<lambda_ad1ced32f4ac17aa236e5ef05d6b3b7c>@@$$QEAV<lambda_f7424dd8d45958661754dc4f2697e9c3>@@@Z@4HA 000000018003dfb0     libucrt:mbctype.obj
 0004:00001fb0       $pdata$?fin$0@?0???$?RV<lambda_630b2aca97f6d20d5b5ea6529ea6b6af>@@AEAV<lambda_af91936f1d075d609f72d9d8cba980af>@@V<lambda_e82fa975f615b5c7c7b0e4d178fdae67>@@@?$__crt_seh_guarded_call@H@@QEAAH$$QEAV<lambda_630b2aca97f6d20d5b5ea6529ea6b6af>@@AEAV<lambda_af91936f1d075d609f72d9d8cba980af>@@$$QEAV<lambda_e82fa975f615b5c7c7b0e4d178fdae67>@@@Z@4HA 000000018003dfb0     libucrt:winapi_thunks.obj
 0004:00001fbc       $pdata$_fcloseall$fin$0    000000018003dfbc     libucrt:closeall.obj
 0004:00001fc8       $pdata$__acrt_lowio_ensure_fh_exists$fin$0 000000018003dfc8     libucrt:osfinfo.obj
 0004:00001fc8       $pdata$__acrt_initialize_lowio$fin$0 000000018003dfc8     libucrt:ioinit.obj
 0004:00001fd4       $pdata$?fin$0@?0???$?RV<lambda_b521505b218e5242e90febf6bfebc422>@@AEAV<lambda_6978c1fb23f02e42e1d9e99668cc68aa>@@V<lambda_314360699dd331753a4119843814e9a7>@@@?$__crt_seh_guarded_call@H@@QEAAH$$QEAV<lambda_b521505b218e5242e90febf6bfebc422>@@AEAV<lambda_6978c1fb23f02e42e1d9e99668cc68aa>@@$$QEAV<lambda_314360699dd331753a4119843814e9a7>@@@Z@4HA 000000018003dfd4     libucrt:commit.obj
 0004:00001fd4       $pdata$?fin$0@?0???$?RV<lambda_bfedae4ebbf01fab1bb6dcc6a9e276e0>@@AEAV<lambda_2fe9b910cf3cbf4a0ab98a02ba45b3ec>@@V<lambda_237c231691f317818eb88cc1d5d642d6>@@@?$__crt_seh_guarded_call@H@@QEAAH$$QEAV<lambda_bfedae4ebbf01fab1bb6dcc6a9e276e0>@@AEAV<lambda_2fe9b910cf3cbf4a0ab98a02ba45b3ec>@@$$QEAV<lambda_237c231691f317818eb88cc1d5d642d6>@@@Z@4HA 000000018003dfd4     libucrt:close.obj
 0004:00001fe0       $pdata$_read$fin$0         000000018003dfe0     libucrt:read.obj
 0004:00001fe0       $pdata$?fin$0@?0???$common_lseek@_J@@YA_JH_JH@Z@4HA 000000018003dfe0     libucrt:lseek.obj
 0004:00001fe0       $pdata$_write$fin$0        000000018003dfe0     libucrt:write.obj
 0004:00001fec       $pdata$_ctrlfp$filt$0      000000018003dfec     libucrt:fpctrl.obj
 0004:00001ff8       $pdata$__acrt_update_thread_multibyte_data$fin$0 000000018003dff8     libucrt:mbctype.obj
 0004:00002004       $pdata$__acrt_update_thread_locale_data$fin$0 000000018003e004     libucrt:locale_refcounting.obj
 0004:00002004       $pdata$__acrt_uninitialize_locale$fin$0 000000018003e004     libucrt:wsetlocale.obj
 0004:00002010       $pdata$?dtor$1@?0???$?0AEAPEAUEHExceptionRecord@@_N@?$_Ref_count_obj_alloc@V__ExceptionPtr@@U?$_StaticAllocator@H@@@std@@QEAA@AEBU?$_StaticAllocator@H@@AEAPEAUEHExceptionRecord@@$$QEA_N@Z@4HA 000000018003e010     libcpmt:excptptr.obj
 0004:0000201c       $pdata$?dtor$11@?0???$allocate_shared@V__ExceptionPtr@@U?$_StaticAllocator@H@@AEAPEAUEHExceptionRecord@@_N@std@@YA?AV?$shared_ptr@V__ExceptionPtr@@@0@AEBU?$_StaticAllocator@H@@AEAPEAUEHExceptionRecord@@$$QEA_N@Z@4HA 000000018003e01c     libcpmt:excptptr.obj
 0004:00002028       $pdata$?catch$18@?0???$allocate_shared@V__ExceptionPtr@@U?$_StaticAllocator@H@@AEAPEAUEHExceptionRecord@@_N@std@@YA?AV?$shared_ptr@V__ExceptionPtr@@@0@AEBU?$_StaticAllocator@H@@AEAPEAUEHExceptionRecord@@$$QEA_N@Z@4HA 000000018003e028     libcpmt:excptptr.obj
 0004:00002034       $pdata$?dtor$0@?0???$make_shared@V__ExceptionPtr@@AEAPEAUEHExceptionRecord@@_N@std@@YA?AV?$shared_ptr@V__ExceptionPtr@@@0@AEAPEAUEHExceptionRecord@@$$QEA_N@Z@4HA 000000018003e034     libcpmt:excptptr.obj
 0004:00002040       $pdata$?dtor$5@?0???$make_shared@V__ExceptionPtr@@AEAPEAUEHExceptionRecord@@_N@std@@YA?AV?$shared_ptr@V__ExceptionPtr@@@0@AEAPEAUEHExceptionRecord@@$$QEA_N@Z@4HA 000000018003e040     libcpmt:excptptr.obj
 0004:0000204c       $pdata$?catch$0@?0??_CallCopyCtor@__ExceptionPtr@@AEBAXPEAX0_KQEBU_s_CatchableType@@@Z@4HA 000000018003e04c     libcpmt:excptptr.obj
 0004:00002058       $pdata$?catch$3@?0??_CopyException@__ExceptionPtr@@SA?AV?$shared_ptr@V__ExceptionPtr@@@std@@PEBXPEBU_s_ThrowInfo@@_N@Z@4HA 000000018003e058     libcpmt:excptptr.obj
 0004:00002064       $pdata$?catch$4@?0??_CopyException@__ExceptionPtr@@SA?AV?$shared_ptr@V__ExceptionPtr@@@std@@PEBXPEBU_s_ThrowInfo@@_N@Z@4HA 000000018003e064     libcpmt:excptptr.obj
 0004:00002070       $pdata$_IsNonwritableInCurrentImage$filt$0 000000018003e070     LIBCMT:pesect.obj
 0004:0000207c       $pdata$??__F_Fac_tidy_reg@std@@YAXXZ 000000018003e07c     libcpmt:locale0.obj
 0004:00002088       $pdata$??__Fclassic_locale@std@@YAXXZ 000000018003e088     libcpmt:locale0.obj
 0004:00002094       $pdata$??__Fcerr@std@@YAXXZ 000000018003e094     libcpmt:cerr.obj
 0004:000020a0       $pdata$??__Finit_atexit@@YAXXZ 000000018003e0a0     libcpmt:iosptrs.obj
 0004:000020ac       $pdata$??__F?m_badAllocExceptionPtr@__ExceptionPtr@@0V?$shared_ptr@V__ExceptionPtr@@@std@@A@@YAXXZ 000000018003e0ac     libcpmt:excptptr.obj
 0005:00000000       __guard_fids__             000000018003f000     libucrt:initialization.obj
 0005:00000060       __guard_fids___acrt_initialize_ptd 000000018003f060     libucrt:per_thread_data.obj
 0005:00000064       __guard_fids__             000000018003f064     libucrt:wsetlocale.obj
 0005:0000007c       __guard_fids_??$?RV<lambda_630b2aca97f6d20d5b5ea6529ea6b6af>@@AEAV<lambda_af91936f1d075d609f72d9d8cba980af>@@V<lambda_e82fa975f615b5c7c7b0e4d178fdae67>@@@?$__crt_seh_guarded_call@H@@QEAAH$$QEAV<lambda_630b2aca97f6d20d5b5ea6529ea6b6af>@@AEAV<lambda_af91936f1d075d609f72d9d8cba980af>@@$$QEAV<lambda_e82fa975f615b5c7c7b0e4d178fdae67>@@@Z 000000018003f07c     libucrt:winapi_thunks.obj
 0005:00000080       __guard_fids__             000000018003f080     libucrt:stdio_initializer.obj
 0005:00000084       __guard_fids__             000000018003f084     libucrt:stdio_initializer.obj
 0005:00000088       __guard_fids_??$expand_argument_wildcards@D@@YAHQEAD0AEAV?$argument_list@D@?A0xca0879c4@@@Z 000000018003f088     libucrt:argv_wildcards.obj
 0005:0000008c       __guard_fids__             000000018003f08c     libucrt:locale_initializer.obj
 0005:00000090       __guard_fids_GetLocaleNameFromLangCountry 000000018003f090     libucrt:get_qualified_locale.obj
 0005:00000094       __guard_fids_GetLocaleNameFromLanguage 000000018003f094     libucrt:get_qualified_locale.obj
 0005:00000098       __guard_fids___acrt_get_qualified_locale_downlevel 000000018003f098     libucrt:getqloc_downlevel.obj
 0005:0000009c       __guard_fids_GetLcidFromLangCountry 000000018003f09c     libucrt:getqloc_downlevel.obj
 0005:000000a0       __guard_fids_GetLcidFromLanguage 000000018003f0a0     libucrt:getqloc_downlevel.obj
 0005:000000a4       __guard_fids__             000000018003f0a4     libucrt:fma3_initializer.obj
 0005:000000a8       __guard_fids__             000000018003f0a8     libucrt:timeset_initializer.obj
 0005:000000ac       __guard_fids__             000000018003f0ac     libucrt:multibyte_initializer.obj
 0005:000000b0       __guard_fids__             000000018003f0b0     libucrt:console_output_initializer.obj
 0005:000000b4       __guard_fids__             000000018003f0b4     libcpmt:xthrow.obj
 0005:000000bc       __guard_fids__             000000018003f0bc     libcpmt:xthrow.obj
 0005:000000c4       __guard_fids__             000000018003f0c4     libcpmt:xthrow.obj
 0005:000000cc       __guard_fids__             000000018003f0cc     libcpmt:xthrow.obj
 0005:000000d4       __guard_fids__             000000018003f0d4     libcpmt:xthrow.obj
 0005:000000dc       __guard_fids__             000000018003f0dc     libcpmt:xthrow.obj
 0005:000000e4       __guard_fids_??__Einitlocks@std@@YAXXZ 000000018003f0e4     libcpmt:xlock.obj
 0005:000000e8       __guard_fids__             000000018003f0e8     libcpmt:xlock.obj
 0005:000000ec       __guard_fids_??__E_Fac_tidy_reg@std@@YAXXZ 000000018003f0ec     libcpmt:locale0.obj
 0005:000000f0       __guard_fids_?_Setgloballocale@locale@std@@CAXPEAX@Z 000000018003f0f0     libcpmt:locale0.obj
 0005:000000f4       __guard_fids_??__Eclassic_locale@std@@YAXXZ 000000018003f0f4     libcpmt:locale0.obj
 0005:000000f8       __guard_fids__             000000018003f0f8     libcpmt:locale0.obj
 0005:00000104       __guard_fids__             000000018003f104     libcpmt:locale0.obj
 0005:00000110       __guard_fids__             000000018003f110     libcpmt:locale0.obj
 0005:00000114       __guard_fids__             000000018003f114     libcpmt:locale0.obj
 0005:00000118       __guard_fids_??__Einitlocks@@YAXXZ 000000018003f118     libcpmt:cerr.obj
 0005:0000011c       __guard_fids_??__Eferr@std@@YAXXZ 000000018003f11c     libcpmt:cerr.obj
 0005:00000120       __guard_fids_??__Ecerr@std@@YAXXZ 000000018003f120     libcpmt:cerr.obj
 0005:00000124       __guard_fids__             000000018003f124     libcpmt:cerr.obj
 0005:0000012c       __guard_fids__             000000018003f12c     libcpmt:cerr.obj
 0005:00000158       __guard_fids__             000000018003f158     libcpmt:cerr.obj
 0005:00000170       __guard_fids__             000000018003f170     libcpmt:cerr.obj
 0005:00000178       __guard_fids__             000000018003f178     libcpmt:cerr.obj
 0005:00000190       __guard_fids__             000000018003f190     libcpmt:cerr.obj
 0005:00000198       __guard_fids__             000000018003f198     libcpmt:cerr.obj
 0005:0000019c       __guard_fids__             000000018003f19c     libcpmt:cerr.obj
 0005:000001d8       __guard_fids__             000000018003f1d8     libcpmt:cerr.obj
 0005:00000214       __guard_fids__             000000018003f214     libcpmt:cerr.obj
 0005:00000218       __guard_fids__             000000018003f218     libcpmt:cerr.obj
 0005:0000021c       __guard_fids__             000000018003f21c     libcpmt:cerr.obj
 0005:00000244       __guard_fids__             000000018003f244     libcpmt:cerr.obj
 0005:00000248       __guard_fids__             000000018003f248     libcpmt:cerr.obj
 0005:0000024c       __guard_fids__             000000018003f24c     libcpmt:cerr.obj
 0005:00000250       __guard_fids__             000000018003f250     libcpmt:cerr.obj
 0005:00000254       __guard_fids_??__Einitlocks@std@@YAXXZ 000000018003f254     libcpmt:iosptrs.obj
 0005:00000258       __guard_fids_??__Einit_atexit@@YAXXZ 000000018003f258     libcpmt:iosptrs.obj
 0005:0000025c       __guard_fids__             000000018003f25c     libcpmt:iosptrs.obj
 0005:00000260       __guard_fids__             000000018003f260     libcpmt:iosptrs.obj
 0005:00000264       __guard_fids__             000000018003f264     libcpmt:winapisupp.obj
 0005:00000268       __guard_fids__             000000018003f268     LIBCMT:thread_safe_statics.obj
 0005:0000026c       __guard_fids_?__scrt_initialize_thread_safe_statics@@YAHXZ 000000018003f26c     LIBCMT:thread_safe_statics.obj
 0005:00000270       __guard_fids_?dllmain_crt_process_attach@@YAHQEAUHINSTANCE__@@QEAX@Z 000000018003f270     LIBCMT:dll_dllmain.obj
 0005:00000278       __guard_fids_?dllmain_dispatch@@YAHQEAUHINSTANCE__@@KQEAX@Z 000000018003f278     LIBCMT:dll_dllmain.obj
 0005:0000027c       __guard_fids__             000000018003f27c     LIBCMT:std_type_info_static.obj
 0005:00000280       __guard_fids__             000000018003f280     LIBCMT:throw_bad_alloc.obj
 0005:00000288       __guard_fids__             000000018003f288     LIBCMT:guard_support.obj
 0005:0000028c       __guard_fids_??__Es_defaultWaiterPool@platform@details@Concurrency@@YAXXZ 000000018003f28c     libconcrt:Platform.obj
 0005:00000290       __guard_fids__             000000018003f290     libconcrt:Platform.obj
 0005:00000294       __guard_fids__             000000018003f294     libconcrt:utils.obj
 0005:00000298       __guard_fids__             000000018003f298     libconcrt:utils.obj
 0005:0000029c       __guard_fids__             000000018003f29c     libconcrt:staticinits.obj
 0005:000002a0       __guard_fids__             000000018003f2a0     libconcrt:staticinits.obj
 0005:000002a4       __guard_fids__             000000018003f2a4     libvcruntime:frame.obj
 0005:000002a8       __guard_fids__             000000018003f2a8     libvcruntime:frame.obj
 0005:000002b0       __guard_fids__UnwindNestedFrames 000000018003f2b0     libvcruntime:trnsctrl.obj
 0005:000002b4       __guard_fids___vcrt_initialize_ptd 000000018003f2b4     libvcruntime:per_thread_data.obj
 0005:000002b8       __guard_fids_??__E?m_badAllocExceptionPtr@__ExceptionPtr@@0V?$shared_ptr@V__ExceptionPtr@@@std@@A@@YAXXZ 000000018003f2b8     libcpmt:excptptr.obj
 0005:000002bc       __guard_fids__             000000018003f2bc     libcpmt:excptptr.obj
 0005:000002cc       __guard_fids__             000000018003f2cc     libcpmt:excptptr.obj
 0005:000002dc       __guard_fids__             000000018003f2dc     libcpmt:excptptr.obj
 0005:000002ec       __guard_fids__             000000018003f2ec     libcpmt:excptptr.obj
 0007:00000060       $R000000                   0000000180041060     * linker generated manifest res *

 Exports

  ordinal    name

        1    _register_rainfall_
